Component: ARM Compiler 5.06 update 7 (build 960) Tool: armlink [4d3601]

==============================================================================

Section Cross References

    globaldeclare_chassis.o(i.Chassis_AllParaInit) refers to algorithm.o(i.LPF_StructInit) for LPF_StructInit
    globaldeclare_chassis.o(i.Chassis_AllParaInit) refers to algorithm.o(i.TD_StructInit) for TD_StructInit
    globaldeclare_chassis.o(i.Chassis_AllParaInit) refers to algorithm.o(i.PID_StructInit) for PID_StructInit
    globaldeclare_chassis.o(i.Chassis_AllParaInit) refers to algorithm.o(i.LegLinkage_StructInit) for LegLinkage_StructInit
    globaldeclare_chassis.o(i.Chassis_AllParaInit) refers to algorithm.o(i.OffGround_StructInit) for OffGround_StructInit
    globaldeclare_chassis.o(i.Chassis_AllParaInit) refers to algorithm.o(i.KF_ChassisVel_StructInit) for KF_ChassisVel_StructInit
    globaldeclare_chassis.o(i.Chassis_AllParaInit) refers to algorithm.o(i.HM_TorqueComp_StructInit) for HM_TorqueComp_StructInit
    globaldeclare_chassis.o(i.Chassis_AllParaInit) refers to globaldeclare_chassis.o(i._CH_JMDataStructInit) for _CH_JMDataStructInit
    globaldeclare_chassis.o(i.Chassis_AllParaInit) refers to globaldeclare_chassis.o(i._CH_HMDataStructInit) for _CH_HMDataStructInit
    globaldeclare_chassis.o(i.Chassis_AllParaInit) refers to globaldeclare_chassis.o(.data) for GFCH_IMU2Restart
    globaldeclare_chassis.o(i.Chassis_AllParaInit) refers to globaldeclare_chassis.o(.bss) for GstCH_VelKF
    globaldeclare_gimbal.o(i.Gimbal_Task_Init) refers to algorithm.o(i.PID_StructInit) for PID_StructInit
    globaldeclare_gimbal.o(i.Gimbal_Task_Init) refers to algorithm.o(i.TD_StructInit) for TD_StructInit
    globaldeclare_gimbal.o(i.Gimbal_Task_Init) refers to globaldeclare_gimbal.o(.data) for GstGM_PitchPosPID
    globaldeclare_shooter.o(i.Shooter_Task_Init) refers to algorithm.o(i.PID_StructInit) for PID_StructInit
    globaldeclare_shooter.o(i.Shooter_Task_Init) refers to algorithm.o(i.TD_StructInit) for TD_StructInit
    globaldeclare_shooter.o(i.Shooter_Task_Init) refers to globaldeclare_shooter.o(.data) for GstSH_SupplyPelletPosPID
    algorithm.o(i.Angle_180_To_Inf) refers to algorithm.o(.data) for Angle_Pre
    algorithm.o(i.Angle_Inf_To_180) refers to f2d.o(x$fpl$f2d) for __aeabi_f2d
    algorithm.o(i.Angle_Inf_To_180) refers to fabs.o(i.__hardfp_fabs) for __hardfp_fabs
    algorithm.o(i.Angle_Inf_To_180) refers to drleqf.o(x$fpl$drleqf) for __aeabi_cdrcmple
    algorithm.o(i.Angle_Inf_To_360) refers to algorithm.o(i.Angle_Inf_To_180) for Angle_Inf_To_180
    algorithm.o(i.Angle_Inf_To_90) refers to f2d.o(x$fpl$f2d) for __aeabi_f2d
    algorithm.o(i.Angle_Inf_To_90) refers to fabs.o(i.__hardfp_fabs) for __hardfp_fabs
    algorithm.o(i.Angle_Inf_To_90) refers to drleqf.o(x$fpl$drleqf) for __aeabi_cdrcmple
    algorithm.o(i.IS_StandUpSitDown_or_SwitchFrictionWheel) refers to globaldeclare_general.o(.data) for Gst_CHSH_RollerMode_Paras
    algorithm.o(i.IS_StandUpSitDown_or_SwitchFrictionWheel) refers to globaldeclare_general.o(.bss) for GST_Receiver
    algorithm.o(i.KF_ChassisVel_Update) refers to algorithm_simple.o(i.MyAbsf) for MyAbsf
    algorithm.o(i.LPF_GetOutput) refers to algorithm.o(i.__ARM_isnanf) for __ARM_isnanf
    algorithm.o(i.LQR_K_MatrixUpdate) refers to rt_memcpy_w.o(.text) for __aeabi_memcpy4
    algorithm.o(i.LQR_K_MatrixUpdate) refers to globaldeclare_chassis.o(i.GSTCH_DataGet_F_OffGround1) for GSTCH_DataGet_F_OffGround1
    algorithm.o(i.LQR_K_MatrixUpdate) refers to globaldeclare_chassis.o(i.GSTCH_DataGet_F_OffGround2) for GSTCH_DataGet_F_OffGround2
    algorithm.o(i.LQR_K_MatrixUpdate) refers to globaldeclare_chassis.o(.data) for LegLenHigh
    algorithm.o(i.LQR_K_MatrixUpdate) refers to algorithm.o(.data) for LQR_K_Matrix_LegLenHigh
    algorithm.o(i.LQR_K_MatrixUpdate) refers to globaldeclare_chassis.o(.bss) for GSTCH_Data
    algorithm.o(i.LegLinkage_ForwardKinematicsCal) refers to algorithm_simple.o(i.MyCos) for MyCos
    algorithm.o(i.LegLinkage_ForwardKinematicsCal) refers to algorithm_simple.o(i.MySin) for MySin
    algorithm.o(i.LegLinkage_ForwardKinematicsCal) refers to algorithm_simple.o(i.MySqr) for MySqr
    algorithm.o(i.LegLinkage_ForwardKinematicsCal) refers to algorithm_simple.o(i.MySqrt) for MySqrt
    algorithm.o(i.LegLinkage_ForwardKinematicsCal) refers to algorithm_simple.o(i.MyAtan) for MyAtan
    algorithm.o(i.LegLinkage_GetL0dot) refers to algorithm_simple.o(i.MySin) for MySin
    algorithm.o(i.LegLinkage_GetL0dot) refers to algorithm.o(i.__ARM_isnanf) for __ARM_isnanf
    algorithm.o(i.LegLinkage_GetTheta) refers to algorithm_simple.o(i.MyAtan) for MyAtan
    algorithm.o(i.LegLinkage_GetThetadot) refers to algorithm_simple.o(i.MyCos) for MyCos
    algorithm.o(i.LegLinkage_GetThetadot) refers to algorithm_simple.o(i.MySin) for MySin
    algorithm.o(i.LegLinkage_GetThetadot) refers to algorithm.o(i.__ARM_isnanf) for __ARM_isnanf
[...]
    Key_SHIFT                                0x20000f7c   Data          10  globaldeclare_general.o(.bss)
    Key_CTRL                                 0x20000f86   Data          10  globaldeclare_general.o(.bss)
    Key_R                                    0x20000f90   Data          10  globaldeclare_general.o(.bss)
    Key_F                                    0x20000f9a   Data          10  globaldeclare_general.o(.bss)
    Key_G                                    0x20000fa4   Data          10  globaldeclare_general.o(.bss)
    Key_Z                                    0x20000fae   Data          10  globaldeclare_general.o(.bss)
    Key_X                                    0x20000fb8   Data          10  globaldeclare_general.o(.bss)
    Key_C                                    0x20000fc2   Data          10  globaldeclare_general.o(.bss)
    Key_V                                    0x20000fcc   Data          10  globaldeclare_general.o(.bss)
    Key_B                                    0x20000fd6   Data          10  globaldeclare_general.o(.bss)
    G_ST_Game_Status                         0x20000fe0   Data          11  globaldeclare_general.o(.bss)
    G_ST_Game_Robot_HP                       0x20000feb   Data          32  globaldeclare_general.o(.bss)
    G_ST_Game_Robot_Status                   0x2000100b   Data          13  globaldeclare_general.o(.bss)
    G_ST_Power_Heat_Data                     0x20001018   Data          14  globaldeclare_general.o(.bss)
    G_ST_Game_Robot_Pos                      0x20001026   Data          12  globaldeclare_general.o(.bss)
    G_ST_Ground_Robot_Position               0x20001032   Data          40  globaldeclare_general.o(.bss)
    GST_Vision                               0x2000105a   Data         120  globaldeclare_general.o(.bss)
    GstCH_IMU2                               0x200010d4   Data         176  globaldeclare_chassis.o(.bss)
    GstCH_VelKF                              0x20001184   Data          84  globaldeclare_chassis.o(.bss)
    GSTCH_HMTorqueComp                       0x200011d8   Data          64  globaldeclare_chassis.o(.bss)
    GstCH_YawAngleTD                         0x20001218   Data          24  globaldeclare_chassis.o(.bss)
    GstCH_DisTD                              0x20001230   Data          24  globaldeclare_chassis.o(.bss)
    GstCH_LQRCal                             0x20001248   Data         216  globaldeclare_chassis.o(.bss)
    GstCH_Leg1VMC                            0x20001320   Data          32  globaldeclare_chassis.o(.bss)
    GstCH_Leg2VMC                            0x20001340   Data          32  globaldeclare_chassis.o(.bss)
    GSTCH_Data                               0x20001360   Data         240  globaldeclare_chassis.o(.bss)
    GstGM_IMU1                               0x20001450   Data          48  globaldeclare_gimbal.o(.bss)
    GSTGM_Data                               0x20001480   Data          52  globaldeclare_gimbal.o(.bss)
    GstGMSH_Debug_Paras                      0x200014b4   Data          80  globaldeclare_gimbal.o(.bss)
    Pitch_Motor_Paras                        0x20001504   Data          20  globaldeclare_gimbal.o(.bss)
    Yaw_Motor_Paras                          0x20001518   Data          20  globaldeclare_gimbal.o(.bss)
    GstSH_Paras                              0x2000152c   Data          80  globaldeclare_shooter.o(.bss)
    UA1RxDMAbuf                              0x2000157c   Data          18  usart_communication.o(.bss)
    UA2RxDMAbuf                              0x2000158e   Data          38  usart_communication.o(.bss)
    UA3RxDMAbuf                              0x200015b4   Data         128  usart_communication.o(.bss)
    UA4RxDMAbuf                              0x20001634   Data         106  usart_communication.o(.bss)
    UA5TxDMAbuf                              0x2000169e   Data         128  usart_communication.o(.bss)
    UA5RxDMAbuf                              0x2000171e   Data         500  usart_communication.o(.bss)
    UA6RxDMAbuf                              0x20001912   Data          42  usart_communication.o(.bss)
    USART3_DMA_Buf                           0x2000193c   Data         255  usart_communication.o(.bss)
    USART6_DMA_Buf                           0x20001a3b   Data         255  usart_communication.o(.bss)
    UA5RxMailbox                             0x20001b3a   Data         250  usart_communication.o(.bss)
    UA5TxMailbox                             0x20001c34   Data          20  usart_communication.o(.bss)
    Rsys_RX_Buf                              0x20001c48   Data         250  usart_communication.o(.bss)
    xQueueRegistry                           0x20001d44   Data          64  queue.o(.bss)
    __libspace_start                         0x20006090   Data          96  libspace.o(.bss)
    __temporary_stack_top$libspace           0x200060f0   Data           0  libspace.o(.bss)



==============================================================================

Memory Map of the image

  Image Entry point : 0x08000189

  Load Region LR_IROM1 (Base: 0x08000000, Size: 0x00012ad4, Max: 0x00080000, ABSOLUTE, COMPRESSED[0x000120c4])

    Execution Region ER_IROM1 (Exec base: 0x08000000, Load base: 0x08000000, Size: 0x00011cbc, Max: 0x00080000, ABSOLUTE)

    Exec Addr    Load Addr    Size         Type   Attr      Idx    E Section Name        Object

    0x08000000   0x08000000   0x00000188   Data   RO         4394    RESET               startup_stm32f40_41xxx.o
    0x08000188   0x08000188   0x00000008   Code   RO         7150  * !!!main             c_w.l(__main.o)
    0x08000190   0x08000190   0x00000034   Code   RO         7524    !!!scatter          c_w.l(__scatter.o)
    0x080001c4   0x080001c4   0x0000005a   Code   RO         7522    !!dczerorl2         c_w.l(__dczerorl2.o)
    0x0800021e   0x0800021e   0x00000002   PAD
    0x08000220   0x08000220   0x0000001c   Code   RO         7526    !!handler_zi        c_w.l(__scatter_zi.o)
    0x0800023c   0x0800023c   0x00000000   Code   RO         7131    .ARM.Collect$$_printf_percent$$00000000  c_w.l(_printf_percent.o)
    0x0800023c   0x0800023c   0x00000006   Code   RO         7226    .ARM.Collect$$_printf_percent$$00000001  c_w.l(_printf_n.o)
    0x08000242   0x08000242   0x00000006   Code   RO         7228    .ARM.Collect$$_printf_percent$$00000002  c_w.l(_printf_p.o)
    0x08000248   0x08000248   0x00000006   Code   RO         7232    .ARM.Collect$$_printf_percent$$00000003  c_w.l(_printf_f.o)
    0x0800024e   0x0800024e   0x00000006   Code   RO         7233    .ARM.Collect$$_printf_percent$$00000004  c_w.l(_printf_e.o)
    0x08000254   0x08000254   0x00000006   Code   RO         7234    .ARM.Collect$$_printf_percent$$00000005  c_w.l(_printf_g.o)
    0x0800025a   0x0800025a   0x00000006   Code   RO         7235    .ARM.Collect$$_printf_percent$$00000006  c_w.l(_printf_a.o)
    0x08000260   0x08000260   0x0000000a   Code   RO         7240    .ARM.Collect$$_printf_percent$$00000007  c_w.l(_printf_ll.o)
    0x0800026a   0x0800026a   0x00000006   Code   RO         7230    .ARM.Collect$$_printf_percent$$00000008  c_w.l(_printf_i.o)
    0x08000270   0x08000270   0x00000006   Code   RO         7231    .ARM.Collect$$_printf_percent$$00000009  c_w.l(_printf_d.o)
    0x08000276   0x08000276   0x00000006   Code   RO         7130    .ARM.Collect$$_printf_percent$$0000000A  c_w.l(_printf_u.o)
    0x0800027c   0x0800027c   0x00000006   Code   RO         7229    .ARM.Collect$$_printf_percent$$0000000B  c_w.l(_printf_o.o)
    0x08000282   0x08000282   0x00000006   Code   RO         7227    .ARM.Collect$$_printf_percent$$0000000C  c_w.l(_printf_x.o)
    0x08000288   0x08000288   0x00000006   Code   RO         7237    .ARM.Collect$$_printf_percent$$0000000D  c_w.l(_printf_lli.o)
    0x0800028e   0x0800028e   0x00000006   Code   RO         7238    .ARM.Collect$$_printf_percent$$0000000E  c_w.l(_printf_lld.o)
    0x08000294   0x08000294   0x00000006   Code   RO         7239    .ARM.Collect$$_printf_percent$$0000000F  c_w.l(_printf_llu.o)
    0x0800029a   0x0800029a   0x00000006   Code   RO         7244    .ARM.Collect$$_printf_percent$$00000010  c_w.l(_printf_llo.o)
    0x080002a0   0x080002a0   0x00000006   Code   RO         7245    .ARM.Collect$$_printf_percent$$00000011  c_w.l(_printf_llx.o)
    0x080002a6   0x080002a6   0x0000000a   Code   RO         7241    .ARM.Collect$$_printf_percent$$00000012  c_w.l(_printf_l.o)
    0x080002b0   0x080002b0   0x00000006   Code   RO         7129    .ARM.Collect$$_printf_percent$$00000013  c_w.l(_printf_c.o)
    0x080002b6   0x080002b6   0x00000006   Code   RO         7225    .ARM.Collect$$_printf_percent$$00000014  c_w.l(_printf_s.o)
    0x080002bc   0x080002bc   0x00000006   Code   RO         7242    .ARM.Collect$$_printf_percent$$00000015  c_w.l(_printf_lc.o)
    0x080002c2   0x080002c2   0x00000006   Code   RO         7243    .ARM.Collect$$_printf_percent$$00000016  c_w.l(_printf_ls.o)
    0x080002c8   0x080002c8   0x00000004   Code   RO         7236    .ARM.Collect$$_printf_percent$$00000017  c_w.l(_printf_percent_end.o)
    0x080002cc   0x080002cc   0x00000002   Code   RO         7379    .ARM.Collect$$libinit$$00000000  c_w.l(libinit.o)
    0x080002ce   0x080002ce   0x00000004   Code   RO         7402    .ARM.Collect$$libinit$$00000001  c_w.l(libinit2.o)
    0x080002d2   0x080002d2   0x00000000   Code   RO         7405    .ARM.Collect$$libinit$$00000004  c_w.l(libinit2.o)
    0x080002d2   0x080002d2   0x00000000   Code   RO         7408    .ARM.Collect$$libinit$$0000000A  c_w.l(libinit2.o)
    0x080002d2   0x080002d2   0x00000000   Code   RO         7410    .ARM.Collect$$libinit$$0000000C  c_w.l(libinit2.o)
    0x080002d2   0x080002d2   0x00000000   Code   RO         7412    .ARM.Collect$$libinit$$0000000E  c_w.l(libinit2.o)
    0x080002d2   0x080002d2   0x00000006   Code   RO         7413    .ARM.Collect$$libinit$$0000000F  c_w.l(libinit2.o)
    0x080002d8   0x080002d8   0x00000000   Code   RO         7415    .ARM.Collect$$libinit$$00000011  c_w.l(libinit2.o)
    0x080002d8   0x080002d8   0x0000000c   Code   RO         7416    .ARM.Collect$$libinit$$00000012  c_w.l(libinit2.o)
    0x080002e4   0x080002e4   0x00000000   Code   RO         7417    .ARM.Collect$$libinit$$00000013  c_w.l(libinit2.o)
    0x080002e4   0x080002e4   0x00000000   Code   RO         7419    .ARM.Collect$$libinit$$00000015  c_w.l(libinit2.o)
    0x080002e4   0x080002e4   0x0000000a   Code   RO         7420    .ARM.Collect$$libinit$$00000016  c_w.l(libinit2.o)
    0x080002ee   0x080002ee   0x00000000   Code   RO         7421    .ARM.Collect$$libinit$$00000017  c_w.l(libinit2.o)
    0x080002ee   0x080002ee   0x00000000   Code   RO         7423    .ARM.Collect$$libinit$$00000019  c_w.l(libinit2.o)
    0x080002ee   0x080002ee   0x00000000   Code   RO         7425    .ARM.Collect$$libinit$$0000001B  c_w.l(libinit2.o)
    0x080002ee   0x080002ee   0x00000000   Code   RO         7427    .ARM.Collect$$libinit$$0000001D  c_w.l(libinit2.o)
    0x080002ee   0x080002ee   0x00000000   Code   RO         7429    .ARM.Collect$$libinit$$0000001F  c_w.l(libinit2.o)
    0x080002ee   0x080002ee   0x00000000   Code   RO         7431    .ARM.Collect$$libinit$$00000021  c_w.l(libinit2.o)
    0x080002ee   0x080002ee   0x00000000   Code   RO         7433    .ARM.Collect$$libinit$$00000023  c_w.l(libinit2.o)
    0x080002ee   0x080002ee   0x00000000   Code   RO         7435    .ARM.Collect$$libinit$$00000025  c_w.l(libinit2.o)
    0x080002ee   0x080002ee   0x00000000   Code   RO         7439    .ARM.Collect$$libinit$$0000002C  c_w.l(libinit2.o)
    0x080002ee   0x080002ee   0x00000000   Code   RO         7441    .ARM.Collect$$libinit$$0000002E  c_w.l(libinit2.o)
    0x080002ee   0x080002ee   0x00000000   Code   RO         7443    .ARM.Collect$$libinit$$00000030  c_w.l(libinit2.o)
    0x080002ee   0x080002ee   0x00000000   Code   RO         7445    .ARM.Collect$$libinit$$00000032  c_w.l(libinit2.o)
    0x080002ee   0x080002ee   0x00000002   Code   RO         7446    .ARM.Collect$$libinit$$00000033  c_w.l(libinit2.o)
    0x080002f0   0x080002f0   0x00000002   Code   RO         7477    .ARM.Collect$$libshutdown$$00000000  c_w.l(libshutdown.o)
    0x080002f2   0x080002f2   0x00000000   Code   RO         7503    .ARM.Collect$$libshutdown$$00000002  c_w.l(libshutdown2.o)
    0x080002f2   0x080002f2   0x00000000   Code   RO         7505    .ARM.Collect$$libshutdown$$00000004  c_w.l(libshutdown2.o)
    0x080002f2   0x080002f2   0x00000000   Code   RO         7507    .ARM.Collect$$libshutdown$$00000006  c_w.l(libshutdown2.o)
    0x080002f2   0x080002f2   0x00000000   Code   RO         7510    .ARM.Collect$$libshutdown$$00000009  c_w.l(libshutdown2.o)
    0x080002f2   0x080002f2   0x00000000   Code   RO         7513    .ARM.Collect$$libshutdown$$0000000C  c_w.l(libshutdown2.o)
    0x080002f2   0x080002f2   0x00000000   Code   RO         7515    .ARM.Collect$$libshutdown$$0000000E  c_w.l(libshutdown2.o)
    0x080002f2   0x080002f2   0x00000000   Code   RO         7518    .ARM.Collect$$libshutdown$$00000011  c_w.l(libshutdown2.o)
    0x080002f2   0x080002f2   0x00000002   Code   RO         7519    .ARM.Collect$$libshutdown$$00000012  c_w.l(libshutdown2.o)
    0x080002f4   0x080002f4   0x00000000   Code   RO         7176    .ARM.Collect$$rtentry$$00000000  c_w.l(__rtentry.o)
    0x080002f4   0x080002f4   0x00000000   Code   RO         7294    .ARM.Collect$$rtentry$$00000002  c_w.l(__rtentry2.o)
    0x080002f4   0x080002f4   0x00000006   Code   RO         7306    .ARM.Collect$$rtentry$$00000004  c_w.l(__rtentry4.o)
    0x080002fa   0x080002fa   0x00000000   Code   RO         7296    .ARM.Collect$$rtentry$$00000009  c_w.l(__rtentry2.o)
    0x080002fa   0x080002fa   0x00000004   Code   RO         7297    .ARM.Collect$$rtentry$$0000000A  c_w.l(__rtentry2.o)
    0x080002fe   0x080002fe   0x00000000   Code   RO         7299    .ARM.Collect$$rtentry$$0000000C  c_w.l(__rtentry2.o)
    0x080002fe   0x080002fe   0x00000008   Code   RO         7300    .ARM.Collect$$rtentry$$0000000D  c_w.l(__rtentry2.o)
    0x08000306   0x08000306   0x00000002   Code   RO         7389    .ARM.Collect$$rtexit$$00000000  c_w.l(rtexit.o)
    0x08000308   0x08000308   0x00000000   Code   RO         7450    .ARM.Collect$$rtexit$$00000002  c_w.l(rtexit2.o)
    0x08000308   0x08000308   0x00000004   Code   RO         7451    .ARM.Collect$$rtexit$$00000003  c_w.l(rtexit2.o)
    0x0800030c   0x0800030c   0x00000006   Code   RO         7452    .ARM.Collect$$rtexit$$00000004  c_w.l(rtexit2.o)
    0x08000312   0x08000312   0x00000002   PAD
    0x08000314   0x08000314   0x000000be   Code   RO         4315    .emb_text           port.o
    0x080003d2   0x080003d2   0x00000002   PAD
    0x080003d4   0x080003d4   0x00000040   Code   RO         4395    .text               startup_stm32f40_41xxx.o
    0x08000414   0x08000414   0x00000078   Code   RO         6942    .text               arm_cortexM4lf_math.lib(arm_cos_f32.o)
    0x0800048c   0x0800048c   0x00000094   Code   RO         6992    .text               arm_cortexM4lf_math.lib(arm_sin_f32.o)
    0x08000520   0x08000520   0x00000024   Code   RO         7097    .text               c_w.l(vsprintf.o)
    0x08000544   0x08000544   0x00000052   Code   RO         7105    .text               c_w.l(_printf_str.o)
    0x08000596   0x08000596   0x00000002   PAD
    0x08000598   0x08000598   0x00000078   Code   RO         7107    .text               c_w.l(_printf_dec.o)
    0x08000610   0x08000610   0x00000188   Code   RO         7126    .text               c_w.l(__printf_flags_ss_wp.o)
    0x08000798   0x08000798   0x0000008a   Code   RO         7136    .text               c_w.l(rt_memcpy_v6.o)
    0x08000822   0x08000822   0x00000064   Code   RO         7138    .text               c_w.l(rt_memcpy_w.o)
    0x08000886   0x08000886   0x00000010   Code   RO         7142    .text               c_w.l(aeabi_memset.o)
    0x08000896   0x08000896   0x00000044   Code   RO         7144    .text               c_w.l(rt_memclr.o)
    0x080008da   0x080008da   0x0000004e   Code   RO         7146    .text               c_w.l(rt_memclr_w.o)
    0x08000928   0x08000928   0x00000006   Code   RO         7148    .text               c_w.l(heapauxi.o)
    0x0800092e   0x0800092e   0x0000004e   Code   RO         7177    .text               c_w.l(_printf_pad.o)
    0x0800097c   0x0800097c   0x00000024   Code   RO         7179    .text               c_w.l(_printf_truncate.o)
    0x080009a0   0x080009a0   0x000000b2   Code   RO         7181    .text               c_w.l(_printf_intcommon.o)
    0x08000a52   0x08000a52   0x00000028   Code   RO         7183    .text               c_w.l(_printf_charcount.o)
    0x08000a7a   0x08000a7a   0x00000002   PAD
    0x08000a7c   0x08000a7c   0x00000030   Code   RO         7185    .text               c_w.l(_printf_char_common.o)
    0x08000aac   0x08000aac   0x0000000a   Code   RO         7187    .text               c_w.l(_sputc.o)
    0x08000ab6   0x08000ab6   0x0000002c   Code   RO         7191    .text               c_w.l(_printf_char.o)
    0x08000ae2   0x08000ae2   0x00000002   PAD
    0x08000ae4   0x08000ae4   0x000000bc   Code   RO         7193    .text               c_w.l(_printf_wctomb.o)
    0x08000ba0   0x08000ba0   0x0000007c   Code   RO         7196    .text               c_w.l(_printf_longlong_dec.o)
    0x08000c1c   0x08000c1c   0x00000070   Code   RO         7202    .text               c_w.l(_printf_oct_int_ll.o)
    0x08000c8c   0x08000c8c   0x00000094   Code   RO         7222    .text               c_w.l(_printf_hex_int_ll_ptr.o)
    0x08000d20   0x08000d20   0x0000008a   Code   RO         7308    .text               c_w.l(lludiv10.o)
    0x08000daa   0x08000daa   0x00000002   PAD
    0x08000dac   0x08000dac   0x00000030   Code   RO         7310    .text               c_w.l(_fptrap.o)
    0x08000ddc   0x08000ddc   0x0000041e   Code   RO         7312    .text               c_w.l(_printf_fp_dec.o)
    0x080011fa   0x080011fa   0x00000002   PAD
    0x080011fc   0x080011fc   0x000002fc   Code   RO         7314    .text               c_w.l(_printf_fp_hex.o)
    0x080014f8   0x080014f8   0x0000002c   Code   RO         7319    .text               c_w.l(_printf_wchar.o)
    0x08001524   0x08001524   0x00000040   Code   RO         7321    .text               c_w.l(_wcrtomb.o)
    0x08001564   0x08001564   0x0000004a   Code   RO         7329    .text               c_w.l(sys_stackheap_outer.o)
    0x080015ae   0x080015ae   0x00000002   PAD
    0x080015b0   0x080015b0   0x00000010   Code   RO         7331    .text               c_w.l(rt_ctype_table.o)
    0x080015c0   0x080015c0   0x00000008   Code   RO         7336    .text               c_w.l(rt_locale_intlibspace.o)
    0x080015c8   0x080015c8   0x00000080   Code   RO         7338    .text               c_w.l(_printf_fp_infnan.o)
    0x08001648   0x08001648   0x000000e4   Code   RO         7340    .text               c_w.l(bigflt0.o)
    0x0800172c   0x0800172c   0x00000012   Code   RO         7368    .text               c_w.l(exit.o)
    0x0800173e   0x0800173e   0x0000000e   Code   RO         7370    .text               c_w.l(defsig_fpe_outer.o)
    0x0800174c   0x0800174c   0x00000008   Code   RO         7386    .text               c_w.l(libspace.o)
    0x08001754   0x08001754   0x0000000a   Code   RO         7396    .text               c_w.l(defsig_exit.o)
    0x0800175e   0x0800175e   0x00000002   PAD
    0x08001760   0x08001760   0x000000ac   Code   RO         7398    .text               c_w.l(defsig_fpe_inner.o)
    0x0800180c   0x0800180c   0x00000080   Code   RO         7400    .text               c_w.l(strcmpv7m.o)
    0x0800188c   0x0800188c   0x0000000c   Code   RO         7447    .text               c_w.l(sys_exit.o)
    0x08001898   0x08001898   0x00000032   Code   RO         7458    .text               c_w.l(defsig_general.o)
    0x080018ca   0x080018ca   0x0000000e   Code   RO         7464    .text               c_w.l(sys_wrch.o)
    0x080018d8   0x080018d8   0x00000002   Code   RO         7466    .text               c_w.l(use_no_semi.o)
    0x080018da   0x080018da   0x00000000   Code   RO         7468    .text               c_w.l(indicate_semi.o)
    0x080018da   0x080018da   0x0000003e   Code   RO         7343    CL$$btod_d2e        c_w.l(btod.o)
    0x08001918   0x08001918   0x00000046   Code   RO         7345    CL$$btod_d2e_denorm_low  c_w.l(btod.o)
    0x0800195e   0x0800195e   0x00000060   Code   RO         7344    CL$$btod_d2e_norm_op1  c_w.l(btod.o)
    0x080019be   0x080019be   0x00000338   Code   RO         7353    CL$$btod_div_common  c_w.l(btod.o)
    0x08001cf6   0x08001cf6   0x000000dc   Code   RO         7350    CL$$btod_e2e        c_w.l(btod.o)
    0x08001dd2   0x08001dd2   0x0000002a   Code   RO         7347    CL$$btod_ediv       c_w.l(btod.o)
    0x08001dfc   0x08001dfc   0x0000002a   Code   RO         7346    CL$$btod_emul       c_w.l(btod.o)
    0x08001e26   0x08001e26   0x00000244   Code   RO         7352    CL$$btod_mult_common  c_w.l(btod.o)
    0x0800206a   0x0800206a   0x00000002   PAD
    0x0800206c   0x0800206c   0x00000088   Code   RO         2760    i.Abs_Encoder_Process  can_communication.o
    0x080020f4   0x080020f4   0x0000011c   Code   RO         2314    i.AllTaskFpsCount   debugtask.o
    0x08002210   0x08002210   0x000000c4   Code   RO          387    i.Angle_Inf_To_180  algorithm.o
    0x080022d4   0x080022d4   0x0000004c   Code   RO         2815    i.BSP_All_Init      rm_bsp.o
    0x08002320   0x08002320   0x000000fc   Code   RO         2188    i.Bullet_Blocked_Protection  shooter_apifunction.o
    0x0800241c   0x0800241c   0x00000004   Code   RO         4443    i.BusFault_Handler  stm32f4xx_it.o
    0x08002420   0x08002420   0x000002a4   Code   RO         2449    i.CAN1_RX0_IRQHandler  irqhandler_config.o
    0x080026c4   0x080026c4   0x0000001c   Code   RO         2450    i.CAN1_TX_IRQHandler  irqhandler_config.o
    0x080026e0   0x080026e0   0x0000007c   Code   RO         2451    i.CAN2_RX0_IRQHandler  irqhandler_config.o
    0x0800275c   0x0800275c   0x0000001c   Code   RO         2452    i.CAN2_TX_IRQHandler  irqhandler_config.o
    0x08002778   0x08002778   0x0000002c   Code   RO         2761    i.CANRx_C620DataParse  can_communication.o
    0x080027a4   0x080027a4   0x000001c4   Code   RO         2763    i.CANTx_SendCurrentToMotor  can_communication.o
    0x08002968   0x08002968   0x000000a8   Code   RO         4805    i.CAN_ClearITPendingBit  stm32f4xx_can.o
    0x08002a10   0x08002a10   0x00000038   Code   RO         4807    i.CAN_DeInit        stm32f4xx_can.o
    0x08002a48   0x08002a48   0x00000108   Code   RO         4809    i.CAN_FilterInit    stm32f4xx_can.o
    0x08002b50   0x08002b50   0x00000120   Code   RO         4811    i.CAN_GetITStatus   stm32f4xx_can.o
    0x08002c70   0x08002c70   0x00000012   Code   RO         4815    i.CAN_ITConfig      stm32f4xx_can.o
    0x08002c82   0x08002c82   0x00000114   Code   RO         4816    i.CAN_Init          stm32f4xx_can.o
    0x08002d96   0x08002d96   0x000000e8   Code   RO         4819    i.CAN_Receive       stm32f4xx_can.o
    0x08002e7e   0x08002e7e   0x00000066   Code   RO         2764    i.CAN_Send          can_communication.o
    0x08002ee4   0x08002ee4   0x00000020   Code   RO         4822    i.CAN_StructInit    stm32f4xx_can.o
    0x08002f04   0x08002f04   0x00000126   Code   RO         4824    i.CAN_Transmit      stm32f4xx_can.o
    0x0800302a   0x0800302a   0x00000002   PAD
    0x0800302c   0x0800302c   0x00000048   Code   RO         1135    i.CH_ChassisModeUpdate  chassis_stratgy.o
    0x08003074   0x08003074   0x00000144   Code   RO         1410    i.CH_FBData_Parse   chassis_apifunction.o
    0x080031b8   0x080031b8   0x000000fc   Code   RO         1411    i.CH_HMTorqueComp_Process  chassis_apifunction.o
    0x080032b4   0x080032b4   0x000001c8   Code   RO         1412    i.CH_LQRCal_Process  chassis_apifunction.o
    0x0800347c   0x0800347c   0x000000a0   Code   RO         1413    i.CH_LQR_DesDataUpdate  chassis_apifunction.o
    0x0800351c   0x0800351c   0x00000164   Code   RO         1414    i.CH_LegKinematics_Process  chassis_apifunction.o
    0x08003680   0x08003680   0x0000008c   Code   RO         1415    i.CH_LegLenDes_Update  chassis_apifunction.o
    0x0800370c   0x0800370c   0x0000006e   Code   RO         1416    i.CH_MotionUpdateAndProcess  chassis_apifunction.o
    0x0800377a   0x0800377a   0x00000002   PAD
    0x0800377c   0x0800377c   0x00000178   Code   RO         1417    i.CH_OffGround_Process  chassis_apifunction.o
    0x080038f4   0x080038f4   0x00000168   Code   RO         1136    i.CH_RCInputPre_Process  chassis_stratgy.o
    0x08003a5c   0x08003a5c   0x0000005c   Code   RO         1418    i.CH_VMCCal_Process  chassis_apifunction.o
    0x08003ab8   0x08003ab8   0x00000174   Code   RO         1419    i.CH_VMC_DesDataUpdate  chassis_apifunction.o
    0x08003c2c   0x08003c2c   0x000000ec   Code   RO         1420    i.CH_VelKF_Process  chassis_apifunction.o
    0x08003d18   0x08003d18   0x00000010   Code   RO         1137    i.ChModeControl_AutoSafeMode_Ctrl  chassis_stratgy.o
    0x08003d28   0x08003d28   0x00000060   Code   RO         1421    i.ChModeControl_FollowMode_KeyMouseControl_IsEnterTopMode  chassis_apifunction.o
    0x08003d88   0x08003d88   0x00000040   Code   RO         1422    i.ChModeControl_FollowMode_KeyMouseControl_MoveHandler  chassis_apifunction.o
    0x08003dc8   0x08003dc8   0x000000e0   Code   RO         1423    i.ChModeControl_FollowMode_KeyMouseControl_TopHandler  chassis_apifunction.o
    0x08003ea8   0x08003ea8   0x00000054   Code   RO         1424    i.ChModeControl_FollowMode_RCControl_MoveHandler  chassis_apifunction.o
    0x08003efc   0x08003efc   0x000000b4   Code   RO         1425    i.ChModeControl_FreeMode_RCControl_IsEnterTopMode  chassis_apifunction.o
    0x08003fb0   0x08003fb0   0x0000002c   Code   RO         1426    i.ChModeControl_FreeMode_RCControl_MoveHandler  chassis_apifunction.o
    0x08003fdc   0x08003fdc   0x000000b4   Code   RO         1427    i.ChModeControl_FreeMode_RCControl_TopHandler  chassis_apifunction.o
    0x08004090   0x08004090   0x0000012c   Code   RO         1138    i.ChModeControl_KeyMouseFollowMode_Ctrl  chassis_stratgy.o
    0x080041bc   0x080041bc   0x000006d8   Code   RO         1139    i.ChModeControl_KeyMouseJumpMode_Ctrl  chassis_stratgy.o
    0x08004894   0x08004894   0x0000014c   Code   RO         1140    i.ChModeControl_KeyMouseSitDownMode_Ctrl  chassis_stratgy.o
    0x080049e0   0x080049e0   0x0000040c   Code   RO         1141    i.ChModeControl_KeyMouseStairMode_Ctrl  chassis_stratgy.o
    0x08004dec   0x08004dec   0x00000110   Code   RO         1142    i.ChModeControl_KeyMouseStandUpMode_Ctrl  chassis_stratgy.o
    0x08004efc   0x08004efc   0x00000014   Code   RO         1143    i.ChModeControl_KeyMouseStandbyMode_Ctrl  chassis_stratgy.o
    0x08004f10   0x08004f10   0x0000001c   Code   RO         1144    i.ChModeControl_ManualSafeMode_Ctrl  chassis_stratgy.o
    0x08004f2c   0x08004f2c   0x00000138   Code   RO         1145    i.ChModeControl_OffGroundMode_Ctrl  chassis_stratgy.o
    0x08005064   0x08005064   0x00000114   Code   RO         1146    i.ChModeControl_RCFollowMode_Ctrl  chassis_stratgy.o
    0x08005178   0x08005178   0x00000144   Code   RO         1147    i.ChModeControl_RCFreeMode_Ctrl  chassis_stratgy.o
    0x080052bc   0x080052bc   0x000006d8   Code   RO         1148    i.ChModeControl_RCJumpMode_Ctrl  chassis_stratgy.o
    0x08005994   0x08005994   0x00000148   Code   RO         1149    i.ChModeControl_RCSitDownMode_Ctrl  chassis_stratgy.o
    0x08005adc   0x08005adc   0x0000010c   Code   RO         1150    i.ChModeControl_RCStandUpMode_Ctrl  chassis_stratgy.o
    0x08005be8   0x08005be8   0x00000010   Code   RO         1151    i.ChModeControl_RCStandbyMode_Ctrl  chassis_stratgy.o
    0x08005bf8   0x08005bf8   0x00000030   Code   RO         1085    i.ChassisControl    chassis_task.o
    0x08005c28   0x08005c28   0x00000080   Code   RO         1152    i.ChassisModeControl_Ctrl  chassis_stratgy.o
    0x08005ca8   0x08005ca8   0x00000090   Code   RO         1153    i.ChassisStrategy_ModeChooseParaStructUpdate  chassis_stratgy.o
    0x08005d38   0x08005d38   0x0000022c   Code   RO         1154    i.ChassisStrategy_ModeChoose_RCControl  chassis_stratgy.o
    0x08005f64   0x08005f64   0x0000008c   Code   RO         1155    i.ChassisStrategy_ModeStartTimeUpdate  chassis_stratgy.o
    0x08005ff0   0x08005ff0   0x00000030   Code   RO         1086    i.ChassisTask       chassis_task.o
    0x08006020   0x08006020   0x0000001c   Code   RO         1428    i.Chassis_AllDesDataReset  chassis_apifunction.o
    0x0800603c   0x0800603c   0x00000354   Code   RO          152    i.Chassis_AllParaInit  globaldeclare_chassis.o
    0x08006390   0x08006390   0x00000014   Code   RO         1429    i.Chassis_DisFBClear  chassis_apifunction.o
    0x080063a4   0x080063a4   0x0000000c   Code   RO         1430    i.Chassis_RobotCtrlDataReset  chassis_apifunction.o
    0x080063b0   0x080063b0   0x00000074   Code   RO         1431    i.Chassis_RobotCtrlDefaultConfigDataReset  chassis_apifunction.o
    0x08006424   0x08006424   0x000000b0   Code   RO         1432    i.Chassis_RobotCtrlForceConfigDataReset  chassis_apifunction.o
    0x080064d4   0x080064d4   0x00000012   Code   RO         4827    i.CheckITStatus     stm32f4xx_can.o
    0x080064e6   0x080064e6   0x00000002   PAD
    0x080064e8   0x080064e8   0x00000034   Code   RO         4971    i.DMA_ClearITPendingBit  stm32f4xx_dma.o
    0x0800651c   0x0800651c   0x00000016   Code   RO         4972    i.DMA_Cmd           stm32f4xx_dma.o
    0x08006532   0x08006532   0x00000002   PAD
    0x08006534   0x08006534   0x00000158   Code   RO         4973    i.DMA_DeInit        stm32f4xx_dma.o
    0x0800668c   0x0800668c   0x00000014   Code   RO         4977    i.DMA_GetCmdStatus  stm32f4xx_dma.o
    0x080066a0   0x080066a0   0x00000008   Code   RO         4978    i.DMA_GetCurrDataCounter  stm32f4xx_dma.o
    0x080066a8   0x080066a8   0x00000058   Code   RO         4984    i.DMA_Init          stm32f4xx_dma.o
    0x08006700   0x08006700   0x00000004   Code   RO         4987    i.DMA_SetCurrDataCounter  stm32f4xx_dma.o
    0x08006704   0x08006704   0x00000022   Code   RO         4988    i.DMA_StructInit    stm32f4xx_dma.o
    0x08006726   0x08006726   0x00000002   Code   RO         4444    i.DebugMon_Handler  stm32f4xx_it.o
    0x08006728   0x08006728   0x00000070   Code   RO         2315    i.DebugTask         debugtask.o
    0x08006798   0x08006798   0x0000001e   Code   RO         2884    i.Delay_ms_Unexact  delay_config.o
    0x080067b6   0x080067b6   0x00000002   PAD
    0x080067b8   0x080067b8   0x00000068   Code   RO         2189    i.FrictionWheel_Debug  shooter_apifunction.o
    0x08006820   0x08006820   0x00000098   Code   RO         2190    i.FrictionWheel_KeyMouseCtrl  shooter_apifunction.o
    0x080068b8   0x080068b8   0x0000003c   Code   RO         2192    i.FrictionWheel_Safe  shooter_apifunction.o
    0x080068f4   0x080068f4   0x00000194   Code   RO         1758    i.GM_Ctrl_AutoAim   gimbal_stratgy.o
    0x08006a88   0x08006a88   0x00000008   Code   RO         1759    i.GM_Ctrl_BuffBig   gimbal_stratgy.o
    0x08006a90   0x08006a90   0x00000008   Code   RO         1760    i.GM_Ctrl_BuffInterfereBig  gimbal_stratgy.o
    0x08006a98   0x08006a98   0x00000008   Code   RO         1761    i.GM_Ctrl_BuffInterfereSmall  gimbal_stratgy.o
    0x08006aa0   0x08006aa0   0x00000008   Code   RO         1762    i.GM_Ctrl_BuffSmall  gimbal_stratgy.o
    0x08006aa8   0x08006aa8   0x00000274   Code   RO         1763    i.GM_Ctrl_Debug     gimbal_stratgy.o
    0x08006d1c   0x08006d1c   0x00000158   Code   RO         1764    i.GM_Ctrl_Disabled  gimbal_stratgy.o
    0x08006e74   0x08006e74   0x00000298   Code   RO         1765    i.GM_Ctrl_KeyMouse  gimbal_stratgy.o
    0x0800710c   0x0800710c   0x00000118   Code   RO         2022    i.GM_MotorProcess   gimbal_apifunction.o
    0x08007224   0x08007224   0x000001e4   Code   RO         1766    i.GM_RCCtrl_Follow  gimbal_stratgy.o
    0x08007408   0x08007408   0x0000020c   Code   RO         1767    i.GM_RCCtrl_Free    gimbal_stratgy.o
    0x08007614   0x08007614   0x00000090   Code   RO         5436    i.GPIO_Init         stm32f4xx_gpio.o
    0x080076a4   0x080076a4   0x00000046   Code   RO         5437    i.GPIO_PinAFConfig  stm32f4xx_gpio.o
    0x080076ea   0x080076ea   0x00000012   Code   RO         5445    i.GPIO_StructInit   stm32f4xx_gpio.o
    0x080076fc   0x080076fc   0x0000000a   Code   RO          153    i.GSTCH_DataGet_F_OffGround1  globaldeclare_chassis.o
    0x08007706   0x08007706   0x0000000a   Code   RO          154    i.GSTCH_DataGet_F_OffGround2  globaldeclare_chassis.o
    0x08007710   0x08007710   0x00000024   Code   RO         2581    i.Get_CRC8_Check_Sum  usart_communication.o
    0x08007734   0x08007734   0x0000002a   Code   RO         2765    i.Get_Speed         can_communication.o
    0x0800775e   0x0800775e   0x00000002   PAD
    0x08007760   0x08007760   0x00000020   Code   RO         1713    i.GimbalControl     gimbal_task.o
    0x08007780   0x08007780   0x0000015c   Code   RO         1768    i.GimbalModeChoose  gimbal_stratgy.o
    0x080078dc   0x080078dc   0x0000005c   Code   RO         1769    i.GimbalModeControl  gimbal_stratgy.o
    0x08007938   0x08007938   0x00000030   Code   RO         1714    i.GimbalTask        gimbal_task.o
    0x08007968   0x08007968   0x000000bc   Code   RO         2023    i.Gimbal_AllFBDataUpdate  gimbal_apifunction.o
    0x08007a24   0x08007a24   0x000000f8   Code   RO          243    i.Gimbal_Task_Init  globaldeclare_gimbal.o
    0x08007b1c   0x08007b1c   0x0000002c   Code   RO         1433    i.HM_DesDataReset   chassis_apifunction.o
    0x08007b48   0x08007b48   0x00000120   Code   RO         1434    i.HM_DesDataUpdate  chassis_apifunction.o
    0x08007c68   0x08007c68   0x00000022   Code   RO          390    i.HM_TorqueComp_StructInit  algorithm.o
    0x08007c8a   0x08007c8a   0x00000004   Code   RO         4445    i.HardFault_Handler  stm32f4xx_it.o
    0x08007c8e   0x08007c8e   0x0000004e   Code   RO          392    i.IS_Key_ShortClick  algorithm.o
    0x08007cdc   0x08007cdc   0x0000008c   Code   RO          393    i.IS_StandUpSitDown_or_SwitchFrictionWheel  algorithm.o
    0x08007d68   0x08007d68   0x00000020   Code   RO         1435    i.IsEnterManualCalibration  chassis_apifunction.o
    0x08007d88   0x08007d88   0x00000026   Code   RO          887    i.IsInsideEightGesture  general_auxiliaryfunc.o
    0x08007dae   0x08007dae   0x00000002   PAD
    0x08007db0   0x08007db0   0x00000018   Code   RO          888    i.IsLeftJoyStickBeyondDeadZoneDown  general_auxiliaryfunc.o
    0x08007dc8   0x08007dc8   0x00000018   Code   RO          889    i.IsLeftJoyStickBeyondDeadZoneUp  general_auxiliaryfunc.o
    0x08007de0   0x08007de0   0x00000018   Code   RO          890    i.IsLeftJoyStickDown  general_auxiliaryfunc.o
    0x08007df8   0x08007df8   0x00000018   Code   RO          891    i.IsLeftJoyStickLeft  general_auxiliaryfunc.o
    0x08007e10   0x08007e10   0x00000018   Code   RO          892    i.IsLeftJoyStickRight  general_auxiliaryfunc.o
    0x08007e28   0x08007e28   0x00000014   Code   RO          894    i.IsLeftLevelDown   general_auxiliaryfunc.o
    0x08007e3c   0x08007e3c   0x00000014   Code   RO          895    i.IsLeftLevelMid    general_auxiliaryfunc.o
    0x08007e50   0x08007e50   0x00000014   Code   RO          896    i.IsLeftLevelUp     general_auxiliaryfunc.o
    0x08007e64   0x08007e64   0x000000d4   Code   RO          897    i.IsRCConnected     general_auxiliaryfunc.o
    0x08007f38   0x08007f38   0x00000018   Code   RO          898    i.IsRightJoyStickDown  general_auxiliaryfunc.o
    0x08007f50   0x08007f50   0x00000018   Code   RO          899    i.IsRightJoyStickLeft  general_auxiliaryfunc.o
    0x08007f68   0x08007f68   0x00000018   Code   RO          901    i.IsRightJoyStickUp  general_auxiliaryfunc.o
    0x08007f80   0x08007f80   0x00000014   Code   RO          903    i.IsRightLevelMid   general_auxiliaryfunc.o
    0x08007f94   0x08007f94   0x00000014   Code   RO          904    i.IsRightLevelUp    general_auxiliaryfunc.o
    0x08007fa8   0x08007fa8   0x00000018   Code   RO          905    i.IsRollerDown      general_auxiliaryfunc.o
    0x08007fc0   0x08007fc0   0x00000018   Code   RO          907    i.IsRollerUp        general_auxiliaryfunc.o
    0x08007fd8   0x08007fd8   0x00000080   Code   RO         1436    i.JM_DesDataReset   chassis_apifunction.o
    0x08008058   0x08008058   0x000000e4   Code   RO         1437    i.JM_DesDataUpdate  chassis_apifunction.o
    0x0800813c   0x0800813c   0x000000a2   Code   RO          394    i.KF_ChassisVel_Predict  algorithm.o
    0x080081de   0x080081de   0x00000002   PAD
    0x080081e0   0x080081e0   0x0000008c   Code   RO          395    i.KF_ChassisVel_StructInit  algorithm.o
    0x0800826c   0x0800826c   0x000001d0   Code   RO          396    i.KF_ChassisVel_Update  algorithm.o
    0x0800843c   0x0800843c   0x0000007c   Code   RO          397    i.LPF_Cal           algorithm.o
    0x080084b8   0x080084b8   0x00000028   Code   RO          398    i.LPF_GetOutput     algorithm.o
    0x080084e0   0x080084e0   0x00000006   Code   RO          399    i.LPF_SetInput      algorithm.o
    0x080084e6   0x080084e6   0x0000000e   Code   RO          400    i.LPF_StructInit    algorithm.o
    0x080084f4   0x080084f4   0x00000064   Code   RO          401    i.LQR_Cal           algorithm.o
    0x08008558   0x08008558   0x00000020   Code   RO          402    i.LQR_Get_uVector   algorithm.o
    0x08008578   0x08008578   0x00000238   Code   RO          403    i.LQR_K_MatrixUpdate  algorithm.o
    0x080087b0   0x080087b0   0x0000002a   Code   RO          404    i.LQR_xVector_DataUpdate  algorithm.o
    0x080087da   0x080087da   0x0000001a   Code   RO          405    i.LegLinkage_AngleDataUpdate  algorithm.o
    0x080087f4   0x080087f4   0x0000000a   Code   RO          406    i.LegLinkage_AngleVelDataUpdate  algorithm.o
    0x080087fe   0x080087fe   0x00000002   PAD
    0x08008800   0x08008800   0x00000308   Code   RO          407    i.LegLinkage_ForwardKinematicsCal  algorithm.o
    0x08008b08   0x08008b08   0x00000006   Code   RO          408    i.LegLinkage_GetL0Length  algorithm.o
    0x08008b0e   0x08008b0e   0x00000002   PAD
    0x08008b10   0x08008b10   0x00000114   Code   RO          409    i.LegLinkage_GetL0dot  algorithm.o
    0x08008c24   0x08008c24   0x00000006   Code   RO          410    i.LegLinkage_GetLegLength  algorithm.o
    0x08008c2a   0x08008c2a   0x00000002   PAD
    0x08008c2c   0x08008c2c   0x000000b4   Code   RO          411    i.LegLinkage_GetTheta  algorithm.o
    0x08008ce0   0x08008ce0   0x00000140   Code   RO          412    i.LegLinkage_GetThetadot  algorithm.o
    0x08008e20   0x08008e20   0x00000040   Code   RO          413    i.LegLinkage_GetxCdot  algorithm.o
    0x08008e60   0x08008e60   0x00000068   Code   RO          414    i.LegLinkage_StructInit  algorithm.o
    0x08008ec8   0x08008ec8   0x0000002a   Code   RO          908    i.Limit             general_auxiliaryfunc.o
    0x08008ef2   0x08008ef2   0x00000004   Code   RO         4446    i.MemManage_Handler  stm32f4xx_it.o
    0x08008ef6   0x08008ef6   0x00000002   PAD
    0x08008ef8   0x08008ef8   0x00000194   Code   RO         2582    i.MonitorDataDeal   usart_communication.o
    0x0800908c   0x0800908c   0x0000000a   Code   RO          795    i.MyAbsf            algorithm_simple.o
    0x08009096   0x08009096   0x00000018   Code   RO          796    i.MyAtan            algorithm_simple.o
    0x080090ae   0x080090ae   0x00000002   PAD
    0x080090b0   0x080090b0   0x00000034   Code   RO          797    i.MyCos             algorithm_simple.o
    0x080090e4   0x080090e4   0x00000030   Code   RO          799    i.MySign            algorithm_simple.o
    0x08009114   0x08009114   0x00000034   Code   RO          800    i.MySin             algorithm_simple.o
    0x08009148   0x08009148   0x0000000a   Code   RO          801    i.MySqr             algorithm_simple.o
    0x08009152   0x08009152   0x00000002   PAD
    0x08009154   0x08009154   0x00000034   Code   RO          802    i.MySqrt            algorithm_simple.o
    0x08009188   0x08009188   0x00000120   Code   RO         2854    i.My_CAN1_Init      can_config.o
    0x080092a8   0x080092a8   0x00000128   Code   RO         2855    i.My_CAN2_Init      can_config.o
    0x080093d0   0x080093d0   0x00000044   Code   RO         3001    i.My_TIM5_Init      tim_config.o
    0x08009414   0x08009414   0x00000188   Code   RO         2941    i.My_UART4_Init     usart_config.o
    0x0800959c   0x0800959c   0x0000014c   Code   RO         2943    i.My_USART1_Init    usart_config.o
    0x080096e8   0x080096e8   0x000001c4   Code   RO         2944    i.My_USART2_Init    usart_config.o
    0x080098ac   0x080098ac   0x000001c0   Code   RO         2945    i.My_USART3_Init    usart_config.o
    0x08009a6c   0x08009a6c   0x00000184   Code   RO         2946    i.My_USART6_Init    usart_config.o
    0x08009bf0   0x08009bf0   0x00000042   Code   RO         2914    i.My_WWDG_Init      wwdg_config.o
    0x08009c32   0x08009c32   0x00000002   Code   RO         4447    i.NMI_Handler       stm32f4xx_it.o
    0x08009c34   0x08009c34   0x00000078   Code   RO         4500    i.NVIC_Init         misc.o
    0x08009cac   0x08009cac   0x00000014   Code   RO         4501    i.NVIC_PriorityGroupConfig  misc.o
    0x08009cc0   0x08009cc0   0x00000006   Code   RO          415    i.OffGround_BodyZAccUpdate  algorithm.o
    0x08009cc6   0x08009cc6   0x0000006a   Code   RO          416    i.OffGround_GetLegToWheelForce  algorithm.o
    0x08009d30   0x08009d30   0x000001da   Code   RO          417    i.OffGround_GetRealFAndTp  algorithm.o
    0x08009f0a   0x08009f0a   0x00000002   PAD
    0x08009f0c   0x08009f0c   0x000000f0   Code   RO          418    i.OffGround_GetSupportForce  algorithm.o
    0x08009ffc   0x08009ffc   0x000000f0   Code   RO          419    i.OffGround_LegLinkRelateDataUpdate  algorithm.o
    0x0800a0ec   0x0800a0ec   0x00000006   Code   RO          420    i.OffGround_PitchAngleUpdate  algorithm.o
    0x0800a0f2   0x0800a0f2   0x00000006   Code   RO          421    i.OffGround_PitchAngleVelUpdate  algorithm.o
    0x0800a0f8   0x0800a0f8   0x00000012   Code   RO          422    i.OffGround_StructInit  algorithm.o
    0x0800a10a   0x0800a10a   0x0000000a   Code   RO          423    i.OffGround_TorqueDataUpdate  algorithm.o
    0x0800a114   0x0800a114   0x00000154   Code   RO          424    i.PID_Cal           algorithm.o
    0x0800a268   0x0800a268   0x00000006   Code   RO          425    i.PID_GetOutput     algorithm.o
    0x0800a26e   0x0800a26e   0x00000002   PAD
    0x0800a270   0x0800a270   0x00000048   Code   RO          426    i.PID_Reset         algorithm.o
    0x0800a2b8   0x0800a2b8   0x00000006   Code   RO          427    i.PID_SetDes        algorithm.o
    0x0800a2be   0x0800a2be   0x00000006   Code   RO          428    i.PID_SetFB         algorithm.o
    0x0800a2c4   0x0800a2c4   0x0000000e   Code   RO          429    i.PID_SetKpKiKd     algorithm.o
    0x0800a2d2   0x0800a2d2   0x00000002   PAD
    0x0800a2d4   0x0800a2d4   0x00000070   Code   RO          430    i.PID_StructInit    algorithm.o
    0x0800a344   0x0800a344   0x00000020   Code   RO         5540    i.RCC_AHB1PeriphClockCmd  stm32f4xx_rcc.o
    0x0800a364   0x0800a364   0x00000020   Code   RO         5549    i.RCC_APB1PeriphClockCmd  stm32f4xx_rcc.o
    0x0800a384   0x0800a384   0x00000020   Code   RO         5551    i.RCC_APB1PeriphResetCmd  stm32f4xx_rcc.o
    0x0800a3a4   0x0800a3a4   0x00000020   Code   RO         5552    i.RCC_APB2PeriphClockCmd  stm32f4xx_rcc.o
    0x0800a3c4   0x0800a3c4   0x00000020   Code   RO         5554    i.RCC_APB2PeriphResetCmd  stm32f4xx_rcc.o
    0x0800a3e4   0x0800a3e4   0x000000e8   Code   RO         5561    i.RCC_GetClocksFreq  stm32f4xx_rcc.o
    0x0800a4cc   0x0800a4cc   0x0000017c   Code   RO         2583    i.Rc_RsysProtocol   usart_communication.o
    0x0800a648   0x0800a648   0x00000020   Code   RO         2362    i.ReceiverTask      receivertask.o
    0x0800a668   0x0800a668   0x00000018   Code   RO         3002    i.RunTimeGet        tim_config.o
    0x0800a680   0x0800a680   0x00000010   Code   RO         3003    i.RunTimeReset      tim_config.o
    0x0800a690   0x0800a690   0x00000094   Code   RO         2110    i.SHCtrl_Debug      shooter_stratgy.o
    0x0800a724   0x0800a724   0x00000098   Code   RO         2111    i.SHCtrl_KeyMouse   shooter_stratgy.o
    0x0800a7bc   0x0800a7bc   0x00000002   Code   RO         2112    i.SHCtrl_RC         shooter_stratgy.o
    0x0800a7be   0x0800a7be   0x00000002   PAD
    0x0800a7c0   0x0800a7c0   0x0000009c   Code   RO         2113    i.SHCtrl_Safe       shooter_stratgy.o
    0x0800a85c   0x0800a85c   0x00000034   Code   RO          431    i.SatFunc           algorithm.o
    0x0800a890   0x0800a890   0x00000048   Code   RO         2389    i.SendDataTask      senddatatask.o
    0x0800a8d8   0x0800a8d8   0x000000ec   Code   RO         4402    i.SetSysClock       system_stm32f4xx.o
    0x0800a9c4   0x0800a9c4   0x0000001c   Code   RO         2065    i.ShooterControl    shooter_task.o
    0x0800a9e0   0x0800a9e0   0x00000030   Code   RO         2066    i.ShooterTask       shooter_task.o
    0x0800aa10   0x0800aa10   0x00000014   Code   RO         2196    i.Shooter_AllFBDataUpdate  shooter_apifunction.o
    0x0800aa24   0x0800aa24   0x00000058   Code   RO         2114    i.Shooter_ModeChoose  shooter_stratgy.o
    0x0800aa7c   0x0800aa7c   0x00000036   Code   RO         2115    i.Shooter_ModeControl  shooter_stratgy.o
    0x0800aab2   0x0800aab2   0x00000002   PAD
    0x0800aab4   0x0800aab4   0x00000088   Code   RO          354    i.Shooter_Task_Init  globaldeclare_shooter.o
    0x0800ab3c   0x0800ab3c   0x00000096   Code   RO          432    i.SlidingModeCtrler  algorithm.o
    0x0800abd2   0x0800abd2   0x0000004c   Code   RO          910    i.StepChangeValue   general_auxiliaryfunc.o
    0x0800ac1e   0x0800ac1e   0x00000002   PAD
    0x0800ac20   0x0800ac20   0x00000038   Code   RO         1050    i.SuperCap_Enable   supercapacitor.o
    0x0800ac58   0x0800ac58   0x0000006a   Code   RO         1051    i.SuperCap_SendPower  supercapacitor.o
    0x0800acc2   0x0800acc2   0x00000002   PAD
    0x0800acc4   0x0800acc4   0x00000188   Code   RO         2197    i.SupplyPellet_Debug  shooter_apifunction.o
    0x0800ae4c   0x0800ae4c   0x00000214   Code   RO         2198    i.SupplyPellet_KeyMouseCtrl  shooter_apifunction.o
    0x0800b060   0x0800b060   0x000000e4   Code   RO         2200    i.SupplyPellet_Safe  shooter_apifunction.o
    0x0800b144   0x0800b144   0x00000034   Code   RO         4316    i.SysTick_Handler   port.o
    0x0800b178   0x0800b178   0x00000068   Code   RO         4404    i.SystemInit        system_stm32f4xx.o
    0x0800b1e0   0x0800b1e0   0x0000003c   Code   RO          433    i.TD_Cal            algorithm.o
    0x0800b21c   0x0800b21c   0x00000140   Code   RO          434    i.TD_Function       algorithm.o
    0x0800b35c   0x0800b35c   0x00000006   Code   RO          435    i.TD_GetOutput      algorithm.o
    0x0800b362   0x0800b362   0x00000002   PAD
    0x0800b364   0x0800b364   0x00000018   Code   RO          436    i.TD_Reset          algorithm.o
    0x0800b37c   0x0800b37c   0x00000006   Code   RO          437    i.TD_SetInput       algorithm.o
    0x0800b382   0x0800b382   0x00000006   Code   RO          438    i.TD_Setr           algorithm.o
    0x0800b388   0x0800b388   0x0000000e   Code   RO          439    i.TD_StructInit     algorithm.o
    0x0800b396   0x0800b396   0x00000018   Code   RO         6128    i.TIM_Cmd           stm32f4xx_tim.o
    0x0800b3ae   0x0800b3ae   0x00000006   Code   RO         6147    i.TIM_GetCounter    stm32f4xx_tim.o
    0x0800b3b4   0x0800b3b4   0x00000004   Code   RO         6194    i.TIM_SetCounter    stm32f4xx_tim.o
    0x0800b3b8   0x0800b3b8   0x00000084   Code   RO         6200    i.TIM_TimeBaseInit  stm32f4xx_tim.o
    0x0800b43c   0x0800b43c   0x00000012   Code   RO         6201    i.TIM_TimeBaseStructInit  stm32f4xx_tim.o
    0x0800b44e   0x0800b44e   0x00000002   PAD
    0x0800b450   0x0800b450   0x000000e0   Code   RO          440    i.Test_TargetAutoAlter  algorithm.o
    0x0800b530   0x0800b530   0x00000328   Code   RO         2584    i.UA1Rx_ReceiverDataProcess  usart_communication.o
    0x0800b858   0x0800b858   0x0000001c   Code   RO         2585    i.UA2Rx_IMU1DataProcess  usart_communication.o
    0x0800b874   0x0800b874   0x00000068   Code   RO         2586    i.UA2Tx_SendDataToIMU1  usart_communication.o
    0x0800b8dc   0x0800b8dc   0x0000001c   Code   RO         2587    i.UA4Rx_IMU2DataProcess  usart_communication.o
    0x0800b8f8   0x0800b8f8   0x00000134   Code   RO         2588    i.UA4Tx_SendDataToIMU2  usart_communication.o
    0x0800ba2c   0x0800ba2c   0x00000014   Code   RO         2589    i.UA5Rx_RefereeDataProcess  usart_communication.o
    0x0800ba40   0x0800ba40   0x000000bc   Code   RO         2591    i.UA6Rx_VisionDataProcess  usart_communication.o
    0x0800bafc   0x0800bafc   0x0000007c   Code   RO         2592    i.UA6Tx_SendDataToVision  usart_communication.o
    0x0800bb78   0x0800bb78   0x00000060   Code   RO         2453    i.UART4_IRQHandler  irqhandler_config.o
    0x0800bbd8   0x0800bbd8   0x00000034   Code   RO         2454    i.UART5_IRQHandler  irqhandler_config.o
    0x0800bc0c   0x0800bc0c   0x00000064   Code   RO         2455    i.USART1_IRQHandler  irqhandler_config.o
    0x0800bc70   0x0800bc70   0x00000060   Code   RO         2456    i.USART2_IRQHandler  irqhandler_config.o
    0x0800bcd0   0x0800bcd0   0x0000004c   Code   RO         2593    i.USART3_DMA_printf  usart_communication.o
    0x0800bd1c   0x0800bd1c   0x00000054   Code   RO         2457    i.USART3_IRQHandler  irqhandler_config.o
    0x0800bd70   0x0800bd70   0x00000060   Code   RO         2458    i.USART6_IRQHandler  irqhandler_config.o
    0x0800bdd0   0x0800bdd0   0x00000012   Code   RO         6681    i.USART_ClearFlag   stm32f4xx_usart.o
    0x0800bde2   0x0800bde2   0x00000018   Code   RO         6685    i.USART_Cmd         stm32f4xx_usart.o
    0x0800bdfa   0x0800bdfa   0x00000012   Code   RO         6686    i.USART_DMACmd      stm32f4xx_usart.o
    0x0800be0c   0x0800be0c   0x000000f0   Code   RO         6687    i.USART_DeInit      stm32f4xx_usart.o
    0x0800befc   0x0800befc   0x00000054   Code   RO         6689    i.USART_GetITStatus  stm32f4xx_usart.o
    0x0800bf50   0x0800bf50   0x0000004a   Code   RO         6691    i.USART_ITConfig    stm32f4xx_usart.o
    0x0800bf9a   0x0800bf9a   0x00000002   PAD
    0x0800bf9c   0x0800bf9c   0x000000d4   Code   RO         6692    i.USART_Init        stm32f4xx_usart.o
    0x0800c070   0x0800c070   0x000000b6   Code   RO         2595    i.USART_Receive     usart_communication.o
    0x0800c126   0x0800c126   0x00000018   Code   RO         6708    i.USART_StructInit  stm32f4xx_usart.o
    0x0800c13e   0x0800c13e   0x00000004   Code   RO         4448    i.UsageFault_Handler  stm32f4xx_it.o
    0x0800c142   0x0800c142   0x00000002   PAD
    0x0800c144   0x0800c144   0x000001cc   Code   RO          441    i.VMC_Cal           algorithm.o
    0x0800c310   0x0800c310   0x000000b4   Code   RO          442    i.VMC_FFForceUpdate  algorithm.o
    0x0800c3c4   0x0800c3c4   0x0000001a   Code   RO          443    i.VMC_FMatrixUpdate  algorithm.o
    0x0800c3de   0x0800c3de   0x0000002e   Code   RO         2596    i.Verify_CRC8_Check_Sum  usart_communication.o
    0x0800c40c   0x0800c40c   0x0000002c   Code   RO         1770    i.Vision_Process    gimbal_stratgy.o
    0x0800c438   0x0800c438   0x00000084   Code   RO         2024    i.Vision_StateMode_Update  gimbal_apifunction.o
    0x0800c4bc   0x0800c4bc   0x00000094   Code   RO         2025    i.Vision_Switch_Process  gimbal_apifunction.o
    0x0800c550   0x0800c550   0x000001c8   Code   RO         2316    i.VofaPrint         debugtask.o
    0x0800c718   0x0800c718   0x0000000c   Code   RO         6876    i.WWDG_ClearFlag    stm32f4xx_wwdg.o
    0x0800c724   0x0800c724   0x00000010   Code   RO         6878    i.WWDG_Enable       stm32f4xx_wwdg.o
    0x0800c734   0x0800c734   0x0000000c   Code   RO         6879    i.WWDG_EnableIT     stm32f4xx_wwdg.o
    0x0800c740   0x0800c740   0x00000014   Code   RO         2459    i.WWDG_IRQHandler   irqhandler_config.o
    0x0800c754   0x0800c754   0x00000010   Code   RO         6881    i.WWDG_SetCounter   stm32f4xx_wwdg.o
    0x0800c764   0x0800c764   0x00000018   Code   RO         6882    i.WWDG_SetPrescaler  stm32f4xx_wwdg.o
    0x0800c77c   0x0800c77c   0x00000028   Code   RO         6883    i.WWDG_SetWindowValue  stm32f4xx_wwdg.o
    0x0800c7a4   0x0800c7a4   0x00000070   Code   RO         2816    i._BSPInit_CANSendZeroCurrent  rm_bsp.o
    0x0800c814   0x0800c814   0x0000002c   Code   RO         1438    i._CH_Flag_Reset    chassis_apifunction.o
    0x0800c840   0x0800c840   0x00000098   Code   RO         1439    i._CH_GSTCH_Data_Reset  chassis_apifunction.o
    0x0800c8d8   0x0800c8d8   0x00000006   Code   RO          155    i._CH_HMDataStructInit  globaldeclare_chassis.o
    0x0800c8de   0x0800c8de   0x0000000c   Code   RO          156    i._CH_JMDataStructInit  globaldeclare_chassis.o
    0x0800c8ea   0x0800c8ea   0x00000002   PAD
    0x0800c8ec   0x0800c8ec   0x00000318   Code   RO         1440    i._CH_KeyMouse_Move_GetDesVel  chassis_apifunction.o
    0x0800cc04   0x0800cc04   0x00000024   Code   RO         1441    i._CH_KeyMouse_Move_XDirectionChoose  chassis_apifunction.o
    0x0800cc28   0x0800cc28   0x00000024   Code   RO         1442    i._CH_KeyMouse_Move_YDirectionChoose  chassis_apifunction.o
    0x0800cc4c   0x0800cc4c   0x000001ac   Code   RO         1156    i._CH_LegLen_KeyMouseManualUpdate  chassis_stratgy.o
    0x0800cdf8   0x0800cdf8   0x00000194   Code   RO         1157    i._CH_LegLen_RCManualUpdate  chassis_stratgy.o
    0x0800cf8c   0x0800cf8c   0x0000003c   Code   RO         1443    i._CH_Move_DisHandler  chassis_apifunction.o
    0x0800cfc8   0x0800cfc8   0x0000007c   Code   RO         1444    i._CH_Move_GetTurnVel  chassis_apifunction.o
    0x0800d044   0x0800d044   0x000000d4   Code   RO         1445    i._CH_Move_KeyMouse_GetTurnAng  chassis_apifunction.o
    0x0800d118   0x0800d118   0x0000027c   Code   RO         1446    i._CH_Move_Top_GetDesVel  chassis_apifunction.o
    0x0800d394   0x0800d394   0x00000058   Code   RO         1447    i._CH_PIDCal_DataReset  chassis_apifunction.o
    0x0800d3ec   0x0800d3ec   0x0000001c   Code   RO         1448    i._CH_RC_Move_DirectionChoose  chassis_apifunction.o
    0x0800d408   0x0800d408   0x00000148   Code   RO         1449    i._CH_RC_Move_FollowMode_GetTurnVel  chassis_apifunction.o
    0x0800d550   0x0800d550   0x00000254   Code   RO         1450    i._CH_RC_Move_GetDesVel  chassis_apifunction.o
    0x0800d7a4   0x0800d7a4   0x00000044   Code   RO         1451    i._CH_TDCal_DataReset  chassis_apifunction.o
    0x0800d7e8   0x0800d7e8   0x0000002c   Code   RO         2597    i._CRC16_Append     usart_communication.o
    0x0800d814   0x0800d814   0x00000034   Code   RO         2598    i._CRC16_GetCheckSum  usart_communication.o
    0x0800d848   0x0800d848   0x0000003c   Code   RO         2599    i._CRC16_Verify     usart_communication.o
    0x0800d884   0x0800d884   0x00000028   Code   RO         1452    i._Ch_FBData_LPF    chassis_apifunction.o
    0x0800d8ac   0x0800d8ac   0x00000034   Code   RO         1453    i._Ch_OffGroundStateFlagGet  chassis_apifunction.o
    0x0800d8e0   0x0800d8e0   0x00000054   Code   RO         1454    i._HM_DesData_TorqueToCurrent  chassis_apifunction.o
    0x0800d934   0x0800d934   0x0000008c   Code   RO         1455    i._HM_FBData_Parse  chassis_apifunction.o
    0x0800d9c0   0x0800d9c0   0x0000001c   Code   RO         1771    i._Is_Any_to_Disabled  gimbal_stratgy.o
    0x0800d9dc   0x0800d9dc   0x0000001c   Code   RO         2116    i._Is_Any_to_Safe   shooter_stratgy.o
    0x0800d9f8   0x0800d9f8   0x00000020   Code   RO         1772    i._Is_AutoAim_to_KeyMouse  gimbal_stratgy.o
    0x0800da18   0x0800da18   0x00000020   Code   RO         1773    i._Is_AutoAim_to_RCFollow  gimbal_stratgy.o
    0x0800da38   0x0800da38   0x00000024   Code   RO         1774    i._Is_AutoAim_to_RCFree  gimbal_stratgy.o
    0x0800da5c   0x0800da5c   0x00000026   Code   RO         1158    i._Is_AutoSafe_To_ManualSafe  chassis_stratgy.o
    0x0800da82   0x0800da82   0x00000004   Code   RO         1775    i._Is_Buff_Big_to_KeyMouse  gimbal_stratgy.o
    0x0800da86   0x0800da86   0x00000004   Code   RO         1776    i._Is_Buff_Big_to_RCFollow  gimbal_stratgy.o
    0x0800da8a   0x0800da8a   0x00000004   Code   RO         1777    i._Is_Buff_Big_to_RCFree  gimbal_stratgy.o
    0x0800da8e   0x0800da8e   0x00000004   Code   RO         1778    i._Is_Buff_Interfere_Big_to_KeyMouse  gimbal_stratgy.o
    0x0800da92   0x0800da92   0x00000004   Code   RO         1779    i._Is_Buff_Interfere_Big_to_RCFollow  gimbal_stratgy.o
    0x0800da96   0x0800da96   0x00000004   Code   RO         1780    i._Is_Buff_Interfere_Big_to_RCFree  gimbal_stratgy.o
    0x0800da9a   0x0800da9a   0x00000004   Code   RO         1781    i._Is_Buff_Interfere_Small_to_KeyMouse  gimbal_stratgy.o
    0x0800da9e   0x0800da9e   0x00000004   Code   RO         1782    i._Is_Buff_Interfere_Small_to_RCFollow  gimbal_stratgy.o
    0x0800daa2   0x0800daa2   0x00000004   Code   RO         1783    i._Is_Buff_Interfere_Small_to_RCFree  gimbal_stratgy.o
    0x0800daa6   0x0800daa6   0x00000004   Code   RO         1784    i._Is_Buff_Small_to_KeyMouse  gimbal_stratgy.o
    0x0800daaa   0x0800daaa   0x00000004   Code   RO         1785    i._Is_Buff_Small_to_RCFollow  gimbal_stratgy.o
    0x0800daae   0x0800daae   0x00000004   Code   RO         1786    i._Is_Buff_Small_to_RCFree  gimbal_stratgy.o
    0x0800dab2   0x0800dab2   0x00000002   PAD
    0x0800dab4   0x0800dab4   0x00000014   Code   RO         1787    i._Is_Disabled_to_KeyMouse  gimbal_stratgy.o
    0x0800dac8   0x0800dac8   0x00000014   Code   RO         1789    i._Is_Disabled_to_RCFree  gimbal_stratgy.o
    0x0800dadc   0x0800dadc   0x00000014   Code   RO         1790    i._Is_Gimbal_Debug  gimbal_stratgy.o
    0x0800daf0   0x0800daf0   0x0000001c   Code   RO         1159    i._Is_KeyMouseFollow_To_KeySitDown  chassis_stratgy.o
    0x0800db0c   0x0800db0c   0x00000038   Code   RO         1160    i._Is_KeyMouseSitDown_To_KeyMouseStandby  chassis_stratgy.o
    0x0800db44   0x0800db44   0x00000048   Code   RO         1161    i._Is_KeyMouseStandUp_To_KeyMouseFollow  chassis_stratgy.o
    0x0800db8c   0x0800db8c   0x00000018   Code   RO         1162    i._Is_KeyMouseStandby_To_KeyMouseStandUp  chassis_stratgy.o
    0x0800dba4   0x0800dba4   0x0000002c   Code   RO         1163    i._Is_KeyMouse_Jump  chassis_stratgy.o
    0x0800dbd0   0x0800dbd0   0x0000002c   Code   RO         1164    i._Is_KeyMouse_Stair  chassis_stratgy.o
    0x0800dbfc   0x0800dbfc   0x00000030   Code   RO         1791    i._Is_KeyMouse_to_AutoAim  gimbal_stratgy.o
    0x0800dc2c   0x0800dc2c   0x00000004   Code   RO         1792    i._Is_KeyMouse_to_Buff_Big  gimbal_stratgy.o
    0x0800dc30   0x0800dc30   0x00000004   Code   RO         1793    i._Is_KeyMouse_to_Buff_Interfere_Big  gimbal_stratgy.o
    0x0800dc34   0x0800dc34   0x00000004   Code   RO         1794    i._Is_KeyMouse_to_Buff_Interfere_Small  gimbal_stratgy.o
    0x0800dc38   0x0800dc38   0x00000004   Code   RO         1795    i._Is_KeyMouse_to_Buff_Small  gimbal_stratgy.o
    0x0800dc3c   0x0800dc3c   0x00000010   Code   RO         1165    i._Is_ManualSafe_To_KeyMouseStandby  chassis_stratgy.o
    0x0800dc4c   0x0800dc4c   0x00000010   Code   RO         1166    i._Is_ManualSafe_To_RCStandby  chassis_stratgy.o
    0x0800dc5c   0x0800dc5c   0x00000088   Code   RO         1167    i._Is_Normal_To_AutoSafe  chassis_stratgy.o
    0x0800dce4   0x0800dce4   0x00000016   Code   RO         1168    i._Is_Normal_To_ManualSafe  chassis_stratgy.o
    0x0800dcfa   0x0800dcfa   0x00000008   Code   RO         1169    i._Is_RCFollow_To_RCFree  chassis_stratgy.o
    0x0800dd02   0x0800dd02   0x00000002   PAD
    0x0800dd04   0x0800dd04   0x00000014   Code   RO         1796    i._Is_RCFollow_to_Free  gimbal_stratgy.o
    0x0800dd18   0x0800dd18   0x00000008   Code   RO         1170    i._Is_RCFree_To_RCFollow  chassis_stratgy.o
    0x0800dd20   0x0800dd20   0x00000014   Code   RO         1171    i._Is_RCFree_To_RCSitDown  chassis_stratgy.o
    0x0800dd34   0x0800dd34   0x00000024   Code   RO         1797    i._Is_RCFree_to_AutoAim  gimbal_stratgy.o
    0x0800dd58   0x0800dd58   0x00000014   Code   RO         1798    i._Is_RCFree_to_Follow  gimbal_stratgy.o
    0x0800dd6c   0x0800dd6c   0x00000038   Code   RO         1172    i._Is_RCSitDown_To_RCStandby  chassis_stratgy.o
    0x0800dda4   0x0800dda4   0x00000048   Code   RO         1173    i._Is_RCStandUp_To_RCFree  chassis_stratgy.o
    0x0800ddec   0x0800ddec   0x00000014   Code   RO         1174    i._Is_RCStandby_To_RCStandUp  chassis_stratgy.o
    0x0800de00   0x0800de00   0x00000020   Code   RO         1175    i._Is_RC_Jump       chassis_stratgy.o
    0x0800de20   0x0800de20   0x00000014   Code   RO         2117    i._Is_Safe_to_KeyMouse  shooter_stratgy.o
    0x0800de34   0x0800de34   0x00000014   Code   RO         2118    i._Is_Safe_to_RC    shooter_stratgy.o
    0x0800de48   0x0800de48   0x0000001c   Code   RO         2119    i._Is_Shooter_Debug  shooter_stratgy.o
    0x0800de64   0x0800de64   0x0000001a   Code   RO         1176    i._Is_To_Landed     chassis_stratgy.o
    0x0800de7e   0x0800de7e   0x0000001a   Code   RO         1177    i._Is_To_OffGround  chassis_stratgy.o
    0x0800de98   0x0800de98   0x00000112   Code   RO          445    i._TD_fst           algorithm.o
    0x0800dfaa   0x0800dfaa   0x00000030   Code   RO         7384    i.__ARM_fpclassify  m_wm.l(fpclassify.o)
    0x0800dfda   0x0800dfda   0x00000026   Code   RO         7277    i.__ARM_fpclassifyf  m_wm.l(fpclassifyf.o)
    0x0800e000   0x0800e000   0x0000000e   Code   RO          446    i.__ARM_isnanf      algorithm.o
    0x0800e00e   0x0800e00e   0x00000002   PAD
    0x0800e010   0x0800e010   0x0000007c   Code   RO         2201    i.__IS_FrictionWheel_Ready  shooter_apifunction.o
    0x0800e08c   0x0800e08c   0x00000054   Code   RO         2202    i.__IS_KeyMouse_Continuous_Shoot  shooter_apifunction.o
    0x0800e0e0   0x0800e0e0   0x0000005c   Code   RO         2203    i.__IS_KeyMouse_Single_Shoot  shooter_apifunction.o
    0x0800e13c   0x0800e13c   0x00000020   Code   RO         2460    i.__IsUART4SingleRecOK  irqhandler_config.o
    0x0800e15c   0x0800e15c   0x00000020   Code   RO         2462    i.__IsUSART1SingleRecOK  irqhandler_config.o
    0x0800e17c   0x0800e17c   0x00000020   Code   RO         2463    i.__IsUSART2SingleRecOK  irqhandler_config.o
    0x0800e19c   0x0800e19c   0x00000020   Code   RO         2464    i.__IsUSART6SingleRecOK  irqhandler_config.o
    0x0800e1bc   0x0800e1bc   0x0000002c   Code   RO         2600    i.__UA2Rx_IsVerifySuccess  usart_communication.o
    0x0800e1e8   0x0800e1e8   0x00000028   Code   RO         2601    i.__UA4Rx_IsVerifySuccess  usart_communication.o
    0x0800e210   0x0800e210   0x00000028   Code   RO         2602    i.__UA6Rx_IsVerifySuccess  usart_communication.o
    0x0800e238   0x0800e238   0x00000160   Code   RO         7158    i.__hardfp_atanf    m_wm.l(atanf.o)
    0x0800e398   0x0800e398   0x00000014   Code   RO         7170    i.__hardfp_fabs     m_wm.l(fabs.o)
    0x0800e3ac   0x0800e3ac   0x00000006   Code   RO         7280    i.__mathlib_flt_infnan  m_wm.l(funder.o)
    0x0800e3b2   0x0800e3b2   0x00000002   PAD
    0x0800e3b4   0x0800e3b4   0x00000010   Code   RO         7285    i.__mathlib_flt_underflow  m_wm.l(funder.o)
    0x0800e3c4   0x0800e3c4   0x0000000e   Code   RO         7119    i._is_digit         c_w.l(__printf_wp.o)
    0x0800e3d2   0x0800e3d2   0x00000002   PAD
    0x0800e3d4   0x0800e3d4   0x0000018c   Code   RO         2413    i.main              main.o
    0x0800e560   0x0800e560   0x000000b8   Code   RO         3600    i.prvAddCurrentTaskToDelayedList  tasks.o
    0x0800e618   0x0800e618   0x000000f8   Code   RO         3601    i.prvAddNewTaskToReadyList  tasks.o
    0x0800e710   0x0800e710   0x00000064   Code   RO         4053    i.prvCheckForValidListAndQueue  timers.o
    0x0800e774   0x0800e774   0x00000048   Code   RO         3602    i.prvCheckTasksWaitingTermination  tasks.o
    0x0800e7bc   0x0800e7bc   0x0000002a   Code   RO         3199    i.prvCopyDataFromQueue  queue.o
    0x0800e7e6   0x0800e7e6   0x00000002   PAD
    0x0800e7e8   0x0800e7e8   0x00000068   Code   RO         3603    i.prvCreateIdleTasks  tasks.o
    0x0800e850   0x0800e850   0x0000005a   Code   RO         3604    i.prvCreateTask     tasks.o
    0x0800e8aa   0x0800e8aa   0x00000012   Code   RO         3605    i.prvDeleteTCB      tasks.o
    0x0800e8bc   0x0800e8bc   0x00000028   Code   RO         4054    i.prvGetNextExpireTime  timers.o
    0x0800e8e4   0x0800e8e4   0x0000006c   Code   RO         4248    i.prvHeapInit       heap_4.o
    0x0800e950   0x0800e950   0x00000028   Code   RO         3606    i.prvIdleTask       tasks.o
    0x0800e978   0x0800e978   0x0000002a   Code   RO         3203    i.prvInitialiseNewQueue  queue.o
    0x0800e9a2   0x0800e9a2   0x000000cc   Code   RO         3607    i.prvInitialiseNewTask  tasks.o
    0x0800ea6e   0x0800ea6e   0x00000002   PAD
    0x0800ea70   0x0800ea70   0x00000068   Code   RO         3608    i.prvInitialiseTaskLists  tasks.o
    0x0800ead8   0x0800ead8   0x000000a0   Code   RO         4249    i.prvInsertBlockIntoFreeList  heap_4.o
    0x0800eb78   0x0800eb78   0x00000058   Code   RO         4056    i.prvInsertTimerInActiveList  timers.o
    0x0800ebd0   0x0800ebd0   0x0000001a   Code   RO         3204    i.prvIsQueueEmpty   queue.o
    0x0800ebea   0x0800ebea   0x00000002   PAD
    0x0800ebec   0x0800ebec   0x00000044   Code   RO         4057    i.prvProcessExpiredTimer  timers.o
    0x0800ec30   0x0800ec30   0x00000154   Code   RO         4058    i.prvProcessReceivedCommands  timers.o
    0x0800ed84   0x0800ed84   0x00000074   Code   RO         4059    i.prvProcessTimerOrBlockTask  timers.o
    0x0800edf8   0x0800edf8   0x00000028   Code   RO         4060    i.prvReloadTimer    timers.o
    0x0800ee20   0x0800ee20   0x00000030   Code   RO         3610    i.prvResetNextTaskUnblockTime  tasks.o
    0x0800ee50   0x0800ee50   0x0000002c   Code   RO         4061    i.prvSampleTimeNow  timers.o
    0x0800ee7c   0x0800ee7c   0x00000044   Code   RO         4062    i.prvSwitchTimerLists  timers.o
    0x0800eec0   0x0800eec0   0x00000014   Code   RO         3613    i.prvTaskCheckFreeStackSpace  tasks.o
    0x0800eed4   0x0800eed4   0x00000040   Code   RO         4317    i.prvTaskExitError  port.o
    0x0800ef14   0x0800ef14   0x0000001a   Code   RO         4063    i.prvTimerTask      timers.o
    0x0800ef2e   0x0800ef2e   0x0000007e   Code   RO         3206    i.prvUnlockQueue    queue.o
    0x0800efac   0x0800efac   0x000001f8   Code   RO         4251    i.pvPortMalloc      heap_4.o
    0x0800f1a4   0x0800f1a4   0x0000002c   Code   RO         4318    i.pxPortInitialiseStack  port.o
    0x0800f1d0   0x0800f1d0   0x00000028   Code   RO         3159    i.uxListRemove      list.o
    0x0800f1f8   0x0800f1f8   0x00000028   Code   RO         3622    i.uxTaskGetStackHighWaterMark  tasks.o
    0x0800f220   0x0800f220   0x0000001a   Code   RO         3160    i.vListInitialise   list.o
    0x0800f23a   0x0800f23a   0x00000006   Code   RO         3161    i.vListInitialiseItem  list.o
    0x0800f240   0x0800f240   0x00000034   Code   RO         3162    i.vListInsert       list.o
    0x0800f274   0x0800f274   0x00000054   Code   RO         4320    i.vPortEnterCritical  port.o
    0x0800f2c8   0x0800f2c8   0x0000003c   Code   RO         4321    i.vPortExitCritical  port.o
    0x0800f304   0x0800f304   0x000000dc   Code   RO         4252    i.vPortFree         heap_4.o
    0x0800f3e0   0x0800f3e0   0x00000018   Code   RO         4322    i.vPortSetupTimerInterrupt  port.o
    0x0800f3f8   0x0800f3f8   0x00000060   Code   RO         3214    i.vQueueAddToRegistry  queue.o
    0x0800f458   0x0800f458   0x0000004a   Code   RO         3218    i.vQueueWaitForMessageRestricted  queue.o
    0x0800f4a2   0x0800f4a2   0x00000002   PAD
    0x0800f4a4   0x0800f4a4   0x0000005c   Code   RO         3628    i.vTaskDelay        tasks.o
    0x0800f500   0x0800f500   0x00000018   Code   RO         3633    i.vTaskInternalSetTimeOutState  tasks.o
    0x0800f518   0x0800f518   0x0000000c   Code   RO         3635    i.vTaskMissedYield  tasks.o
    0x0800f524   0x0800f524   0x00000038   Code   RO         3636    i.vTaskPlaceOnEventList  tasks.o
    0x0800f55c   0x0800f55c   0x00000068   Code   RO         3637    i.vTaskPlaceOnEventListRestricted  tasks.o
    0x0800f5c4   0x0800f5c4   0x0000007c   Code   RO         3646    i.vTaskStartScheduler  tasks.o
    0x0800f640   0x0800f640   0x00000010   Code   RO         3648    i.vTaskSuspendAll   tasks.o
    0x0800f650   0x0800f650   0x00000098   Code   RO         3649    i.vTaskSwitchContext  tasks.o
    0x0800f6e8   0x0800f6e8   0x00000168   Code   RO         4324    i.xPortStartScheduler  port.o
    0x0800f850   0x0800f850   0x00000066   Code   RO         3221    i.xQueueGenericCreate  queue.o
    0x0800f8b6   0x0800f8b6   0x00000002   PAD
    0x0800f8b8   0x0800f8b8   0x000000dc   Code   RO         3222    i.xQueueGenericReset  queue.o
    0x0800f994   0x0800f994   0x00000168   Code   RO         3231    i.xQueueReceive     queue.o
    0x0800fafc   0x0800fafc   0x000000ac   Code   RO         3652    i.xTaskCheckForTimeOut  tasks.o
    0x0800fba8   0x0800fba8   0x00000038   Code   RO         3653    i.xTaskCreate       tasks.o
    0x0800fbe0   0x0800fbe0   0x000000d8   Code   RO         3654    i.xTaskDelayUntil   tasks.o
    0x0800fcb8   0x0800fcb8   0x00000020   Code   RO         3664    i.xTaskGetSchedulerState  tasks.o
    0x0800fcd8   0x0800fcd8   0x0000000c   Code   RO         3665    i.xTaskGetTickCount  tasks.o
    0x0800fce4   0x0800fce4   0x000001cc   Code   RO         3667    i.xTaskIncrementTick  tasks.o
    0x0800feb0   0x0800feb0   0x00000134   Code   RO         3670    i.xTaskRemoveFromEventList  tasks.o
    0x0800ffe4   0x0800ffe4   0x000001a4   Code   RO         3671    i.xTaskResumeAll    tasks.o
    0x08010188   0x08010188   0x00000058   Code   RO         4072    i.xTimerCreateTimerTask  timers.o
    0x080101e0   0x080101e0   0x0000002c   Code   RO         7366    locale$$code        c_w.l(lc_numeric_c.o)
    0x0801020c   0x0801020c   0x0000002c   Code   RO         7394    locale$$code        c_w.l(lc_ctype_c.o)
    0x08010238   0x08010238   0x000002c4   Code   RO         7152    x$fpl$d2f           g_wm.l(d2f_clz.o)
    0x080104fc   0x080104fc   0x00000018   Code   RO         7323    x$fpl$dcmpinf       g_wm.l(dcmpi.o)
    0x08010514   0x08010514   0x0000001a   Code   RO         7248    x$fpl$dfltn         g_wm.l(dflt_clz.o)
    0x0801052e   0x0801052e   0x00000002   PAD
    0x08010530   0x08010530   0x00000078   Code   RO         7252    x$fpl$dleqf         g_wm.l(dleqf.o)
    0x080105a8   0x080105a8   0x00000102   Code   RO         7254    x$fpl$dnaninf       g_wm.l(dnaninf.o)
    0x080106aa   0x080106aa   0x00000070   Code   RO         7380    x$fpl$drenorm       g_wm.l(drenorm_clz.o)
    0x0801071a   0x0801071a   0x0000000c   Code   RO         7256    x$fpl$dretinf       g_wm.l(dretinf.o)
    0x08010726   0x08010726   0x00000062   Code   RO         7154    x$fpl$drleqf        g_wm.l(drleqf.o)
    0x08010788   0x08010788   0x0000017a   Code   RO         7325    x$fpl$dunder        g_wm.l(dunder_clz.o)
    0x08010902   0x08010902   0x00000002   PAD
    0x08010904   0x08010904   0x000001ec   Code   RO         7258    x$fpl$exception     g_wm.l(except.o)
    0x08010af0   0x08010af0   0x0000007a   Code   RO         7156    x$fpl$f2d           g_wm.l(f2d.o)
    0x08010b6a   0x08010b6a   0x000000f2   Code   RO         7260    x$fpl$fnaninf       g_wm.l(fnaninf.o)
    0x08010c5c   0x08010c5c   0x0000000a   Code   RO         7462    x$fpl$fpinit        g_wm.l(fpinit.o)
    0x08010c66   0x08010c66   0x0000000a   Code   RO         7262    x$fpl$fretinf       g_wm.l(fretinf.o)
    0x08010c70   0x08010c70   0x0000013c   Code   RO         7264    x$fpl$funder        g_wm.l(funder_clz.o)
    0x08010dac   0x08010dac   0x00000020   Code   RO         7382    x$fpl$ieeestatus    g_wm.l(istatus.o)
    0x08010dcc   0x08010dcc   0x00000004   Code   RO         7266    x$fpl$printf1       g_wm.l(printf1.o)
    0x08010dd0   0x08010dd0   0x00000004   Code   RO         7268    x$fpl$printf2       g_wm.l(printf2.o)
    0x08010dd4   0x08010dd4   0x000000b2   Code   RO         7327    x$fpl$retnan        g_wm.l(retnan.o)
    0x08010e86   0x08010e86   0x0000007e   Code   RO         7274    x$fpl$trapveneer    g_wm.l(trapv.o)
    0x08010f04   0x08010f04   0x00000000   Code   RO         7276    x$fpl$usenofp       g_wm.l(usenofp.o)
    0x08010f04   0x08010f04   0x00000044   Data   RO          158    .constdata          globaldeclare_chassis.o
    0x08010f48   0x08010f48   0x00000008   Data   RO          245    .constdata          globaldeclare_gimbal.o
    0x08010f50   0x08010f50   0x00000008   Data   RO          356    .constdata          globaldeclare_shooter.o
    0x08010f58   0x08010f58   0x0000030f   Data   RO         2604    .constdata          usart_communication.o
    0x08011267   0x08011267   0x00000002   Data   RO         2915    .constdata          wwdg_config.o
    0x08011269   0x08011269   0x00000003   PAD
    0x0801126c   0x0801126c   0x00000804   Data   RO         7072    .constdata          arm_cortexM4lf_math.lib(arm_common_tables.o)
    0x08011a70   0x08011a70   0x00000011   Data   RO         7127    .constdata          c_w.l(__printf_flags_ss_wp.o)
    0x08011a81   0x08011a81   0x00000003   PAD
    0x08011a84   0x08011a84   0x00000008   Data   RO         7194    .constdata          c_w.l(_printf_wctomb.o)
    0x08011a8c   0x08011a8c   0x00000028   Data   RO         7223    .constdata          c_w.l(_printf_hex_int_ll_ptr.o)
    0x08011ab4   0x08011ab4   0x00000026   Data   RO         7315    .constdata          c_w.l(_printf_fp_hex.o)
    0x08011ada   0x08011ada   0x00000002   PAD
    0x08011adc   0x08011adc   0x00000094   Data   RO         7341    .constdata          c_w.l(bigflt0.o)
    0x08011b70   0x08011b70   0x00000020   Data   RO         7520    Region$$Table       anon$$obj.o
    0x08011b90   0x08011b90   0x0000001c   Data   RO         7365    locale$$data        c_w.l(lc_numeric_c.o)
    0x08011bac   0x08011bac   0x00000110   Data   RO         7393    locale$$data        c_w.l(lc_ctype_c.o)


    Execution Region RW_IRAM1 (Exec base: 0x20000000, Load base: 0x08011cbc, Size: 0x000066f0, Max: 0x00020000, ABSOLUTE, COMPRESSED[0x00000408])

    Exec Addr    Load Addr    Size         Type   Attr      Idx    E Section Name        Object

    0x20000000   COMPRESSED   0x00000078   Data   RW            5    .data               globaldeclare_general.o
    0x20000078   COMPRESSED   0x00000634   Data   RW          159    .data               globaldeclare_chassis.o
    0x200006ac   COMPRESSED   0x00000213   Data   RW          246    .data               globaldeclare_gimbal.o
    0x200008bf   COMPRESSED   0x00000001   PAD
    0x200008c0   COMPRESSED   0x0000017a   Data   RW          357    .data               globaldeclare_shooter.o
    0x20000a3a   COMPRESSED   0x00000002   PAD
    0x20000a3c   COMPRESSED   0x00000288   Data   RW          447    .data               algorithm.o
    0x20000cc4   COMPRESSED   0x00000004   Data   RW         1087    .data               chassis_task.o
    0x20000cc8   COMPRESSED   0x00000020   Data   RW         1178    .data               chassis_stratgy.o
    0x20000ce8   COMPRESSED   0x0000001c   Data   RW         1457    .data               chassis_apifunction.o
    0x20000d04   COMPRESSED   0x00000004   Data   RW         1715    .data               gimbal_task.o
    0x20000d08   COMPRESSED   0x00000001   Data   RW         2026    .data               gimbal_apifunction.o
    0x20000d09   COMPRESSED   0x00000003   PAD
    0x20000d0c   COMPRESSED   0x00000004   Data   RW         2067    .data               shooter_task.o
    0x20000d10   COMPRESSED   0x00000002   Data   RW         2317    .data               debugtask.o
    0x20000d12   COMPRESSED   0x00000002   PAD
    0x20000d14   COMPRESSED   0x00000030   Data   RW         2414    .data               main.o
    0x20000d44   COMPRESSED   0x00000043   Data   RW         2605    .data               usart_communication.o
    0x20000d87   COMPRESSED   0x00000001   PAD
    0x20000d88   COMPRESSED   0x00000004   Data   RW         2766    .data               can_communication.o
    0x20000d8c   COMPRESSED   0x00000040   Data   RW         3674    .data               tasks.o
    0x20000dcc   COMPRESSED   0x00000014   Data   RW         4083    .data               timers.o
    0x20000de0   COMPRESSED   0x0000001c   Data   RW         4259    .data               heap_4.o
    0x20000dfc   COMPRESSED   0x0000000c   Data   RW         4325    .data               port.o
    0x20000e08   COMPRESSED   0x00000010   Data   RW         5593    .data               stm32f4xx_rcc.o
    0x20000e18        -       0x000002ba   Zero   RW            4    .bss                globaldeclare_general.o
    0x200010d2   COMPRESSED   0x00000002   PAD
    0x200010d4        -       0x0000037c   Zero   RW          157    .bss                globaldeclare_chassis.o
    0x20001450        -       0x000000dc   Zero   RW          244    .bss                globaldeclare_gimbal.o
    0x2000152c        -       0x00000050   Zero   RW          355    .bss                globaldeclare_shooter.o
    0x2000157c        -       0x000007c6   Zero   RW         2603    .bss                usart_communication.o
    0x20001d42   COMPRESSED   0x00000002   PAD
    0x20001d44        -       0x00000040   Zero   RW         3235    .bss                queue.o
    0x20001d84        -       0x000002e4   Zero   RW         3673    .bss                tasks.o
    0x20002068        -       0x00000028   Zero   RW         4082    .bss                timers.o
    0x20002090        -       0x00004000   Zero   RW         4258    .bss                heap_4.o
    0x20006090        -       0x00000060   Zero   RW         7387    .bss                c_w.l(libspace.o)
    0x200060f0        -       0x00000200   Zero   RW         4393    HEAP                startup_stm32f40_41xxx.o
    0x200062f0        -       0x00000400   Zero   RW         4392    STACK               startup_stm32f40_41xxx.o


==============================================================================

Image component sizes


      Code (inc. data)   RO Data    RW Data    ZI Data      Debug   Object Name

      7386        270          0        648          0      64424   algorithm.o
       248         28          0          0          0      18496   algorithm_simple.o
       776         90          0          4          0       4702   can_communication.o
       584         16          0          0          0       1850   can_config.o
      8334        982          0         28          0      40206   chassis_apifunction.o
     10028       1288          0         32          0      38485   chassis_stratgy.o
        96         16          0          4          0       6147   chassis_task.o
       852        152          0          2          0       2218   debugtask.o
        30          0          0          0          0        747   delay_config.o
         0          0          0          0          0      15404   event_groups.o
       708         90          0          0          0      13291   general_auxiliaryfunc.o
       748        110          0          1          0       2921   gimbal_apifunction.o
      3940        668          0          0          0      28835   gimbal_stratgy.o
        80         16          0          4          0       7553   gimbal_task.o
       890        210         68       1588        892      39149   globaldeclare_chassis.o
         0          0          0        120        698     278779   globaldeclare_general.o
       248         56          8        531        220      64923   globaldeclare_gimbal.o
       136         38          8        378         80       6182   globaldeclare_shooter.o
       992         84          0         28      16384       6503   heap_4.o
      1528        216          0          0          0      10377   irqhandler_config.o
       124          0          0          0          0       3377   list.o
       396        154          0         48          0       8501   main.o
       140         24          0          0          0       3835   misc.o
       878         78          0         12          0      11576   port.o
      1088         16          0          0         64      13847   queue.o
        32          4          0          0          0        663   receivertask.o
       188         16          0          0          0       1369   rm_bsp.o
        72         14          0          0          0        687   senddatatask.o
      2040        254          0          0          0       8756   shooter_apifunction.o
       696        154          0          0          0       7096   shooter_stratgy.o
        76         16          0          4          0       5897   shooter_task.o
        64         26        392          0       1536        992   startup_stm32f40_41xxx.o
      1646         22          0          0          0       9180   stm32f4xx_can.o
       572         40          0          0          0      20128   stm32f4xx_dma.o
       232          0          0          0          0      10177   stm32f4xx_gpio.o
        20          0          0          0          0       3709   stm32f4xx_it.o
       392         48          0         16          0      22605   stm32f4xx_rcc.o
       184         28          0          0          0      24292   stm32f4xx_tim.o
       694         42          0          0          0      13665   stm32f4xx_usart.o
       120         32          0          0          0       4803   stm32f4xx_wwdg.o
       162          6          0          0          0       2027   supercapacitor.o
       340         32          0          0          0       1997   system_stm32f4xx.o
      3428        364          0         64        740      36512   tasks.o
       108         14          0          0          0       1951   tim_config.o
      1018        110          0         20         40      28716   timers.o
      3012        358        783         67       1990      21104   usart_communication.o
      2012        126          0          0          0       4868   usart_config.o
        66          0          2          0          0       1520   wwdg_config.o

    ----------------------------------------------------------------------
     57474       6308       1296       3608      22648     925042   Object Totals
         0          0         32          0          0          0   (incl. Generated)
        70          0          3          9          4          0   (incl. Padding)

    ----------------------------------------------------------------------

      Code (inc. data)   RO Data    RW Data    ZI Data      Debug   Library Member Name

         0          0       2052          0          0       4704   arm_common_tables.o
       120         12          0          0          0      17170   arm_cos_f32.o
       148         18          0          0          0        814   arm_sin_f32.o
        90          0          0          0          0          0   __dczerorl2.o
         8          0          0          0          0         68   __main.o
       392          4         17          0          0         92   __printf_flags_ss_wp.o
        14          0          0          0          0         68   __printf_wp.o
         0          0          0          0          0          0   __rtentry.o
        12          0          0          0          0          0   __rtentry2.o
         6          0          0          0          0          0   __rtentry4.o
        52          8          0          0          0          0   __scatter.o
        28          0          0          0          0          0   __scatter_zi.o
        48          4          0          0          0         84   _fptrap.o
         6          0          0          0          0          0   _printf_a.o
         6          0          0          0          0          0   _printf_c.o
        44          0          0          0          0        108   _printf_char.o
        48          6          0          0          0         96   _printf_char_common.o
        40          0          0          0          0         68   _printf_charcount.o
         6          0          0          0          0          0   _printf_d.o
       120         16          0          0          0         92   _printf_dec.o
         6          0          0          0          0          0   _printf_e.o
         6          0          0          0          0          0   _printf_f.o
      1054          0          0          0          0        216   _printf_fp_dec.o
       764          8         38          0          0        100   _printf_fp_hex.o
       128         16          0          0          0         84   _printf_fp_infnan.o
         6          0          0          0          0          0   _printf_g.o
       148          4         40          0          0        160   _printf_hex_int_ll_ptr.o
         6          0          0          0          0          0   _printf_i.o
       178          0          0          0          0         88   _printf_intcommon.o
        10          0          0          0          0          0   _printf_l.o
         6          0          0          0          0          0   _printf_lc.o
        10          0          0          0          0          0   _printf_ll.o
         6          0          0          0          0          0   _printf_lld.o
         6          0          0          0          0          0   _printf_lli.o
         6          0          0          0          0          0   _printf_llo.o
         6          0          0          0          0          0   _printf_llu.o
         6          0          0          0          0          0   _printf_llx.o
       124         16          0          0          0         92   _printf_longlong_dec.o
         6          0          0          0          0          0   _printf_ls.o
         6          0          0          0          0          0   _printf_n.o
         6          0          0          0          0          0   _printf_o.o
       112         10          0          0          0        124   _printf_oct_int_ll.o
         6          0          0          0          0          0   _printf_p.o
        78          0          0          0          0        108   _printf_pad.o
         0          0          0          0          0          0   _printf_percent.o
         4          0          0          0          0          0   _printf_percent_end.o
         6          0          0          0          0          0   _printf_s.o
        82          0          0          0          0         80   _printf_str.o
        36          0          0          0          0         84   _printf_truncate.o
         6          0          0          0          0          0   _printf_u.o
        44          0          0          0          0        108   _printf_wchar.o
       188          6          8          0          0         92   _printf_wctomb.o
         6          0          0          0          0          0   _printf_x.o
        10          0          0          0          0         68   _sputc.o
        64          0          0          0          0         92   _wcrtomb.o
        16          0          0          0          0         68   aeabi_memset.o
       228          4        148          0          0         96   bigflt0.o
      1936        128          0          0          0        672   btod.o
        10          0          0          0          0         68   defsig_exit.o
       172        110          0          0          0         76   defsig_fpe_inner.o
        14          0          0          0          0         80   defsig_fpe_outer.o
        50          0          0          0          0         88   defsig_general.o
        18          0          0          0          0         80   exit.o
         6          0          0          0          0        152   heapauxi.o
         0          0          0          0          0          0   indicate_semi.o
        44         10        272          0          0         76   lc_ctype_c.o
        44         10         28          0          0         76   lc_numeric_c.o
         2          0          0          0          0          0   libinit.o
        34          0          0          0          0          0   libinit2.o
         2          0          0          0          0          0   libshutdown.o
         2          0          0          0          0          0   libshutdown2.o
         8          4          0          0         96         68   libspace.o
       138          0          0          0          0         80   lludiv10.o
        16          4          0          0          0         76   rt_ctype_table.o
         8          4          0          0          0         68   rt_locale_intlibspace.o
        68          0          0          0          0         68   rt_memclr.o
        78          0          0          0          0         80   rt_memclr_w.o
       138          0          0          0          0         68   rt_memcpy_v6.o
       100          0          0          0          0         80   rt_memcpy_w.o
         2          0          0          0          0          0   rtexit.o
        10          0          0          0          0          0   rtexit2.o
       128          0          0          0          0         68   strcmpv7m.o
        12          4          0          0          0         68   sys_exit.o
        74          0          0          0          0         80   sys_stackheap_outer.o
        14          0          0          0          0         76   sys_wrch.o
         2          0          0          0          0         68   use_no_semi.o
        36          4          0          0          0         76   vsprintf.o
       708         16          0          0          0        140   d2f_clz.o
        24          0          0          0          0        116   dcmpi.o
        26          0          0          0          0        116   dflt_clz.o
       120          8          0          0          0        140   dleqf.o
       258          4          0          0          0        156   dnaninf.o
       112          0          0          0          0        160   drenorm_clz.o
        12          0          0          0          0        116   dretinf.o
        98          0          0          0          0        128   drleqf.o
       378          0          0          0          0        168   dunder_clz.o
       492         36          0          0          0        148   except.o
       122          8          0          0          0        132   f2d.o
       242          4          0          0          0        144   fnaninf.o
        10          0          0          0          0        116   fpinit.o
        10          0          0          0          0        116   fretinf.o
       316          0          0          0          0        132   funder_clz.o
        32          4          0          0          0        116   istatus.o
         4          0          0          0          0        116   printf1.o
         4          0          0          0          0        116   printf2.o
       178          0          0          0          0        116   retnan.o
       126          0          0          0          0        148   trapv.o
         0          0          0          0          0          0   usenofp.o
       352         56          0          0          0        172   atanf.o
        20          0          0          0          0        124   fabs.o
        48          0          0          0          0        124   fpclassify.o
        38          0          0          0          0        116   fpclassifyf.o
        22          6          0          0          0        232   funder.o

    ----------------------------------------------------------------------
     11514        552       2608          0         96      30824   Library Totals
        28          0          5          0          0          0   (incl. Padding)

    ----------------------------------------------------------------------

      Code (inc. data)   RO Data    RW Data    ZI Data      Debug   Library Name

       268         30       2052          0          0      22688   arm_cortexM4lf_math.lib
      7466        380        551          0         96       4728   c_w.l
      3272         80          0          0          0       2640   g_wm.l
       480         62          0          0          0        768   m_wm.l

    ----------------------------------------------------------------------
     11514        552       2608          0         96      30824   Library Totals

    ----------------------------------------------------------------------

==============================================================================


      Code (inc. data)   RO Data    RW Data    ZI Data      Debug   

     68988       6860       3904       3608      22744     909814   Grand Totals
     68988       6860       3904       1032      22744     909814   ELF Image Totals (compressed)
     68988       6860       3904       1032          0          0   ROM Totals

==============================================================================

    Total RO  Size (Code + RO Data)                72892 (  71.18kB)
    Total RW  Size (RW Data + ZI Data)             26352 (  25.73kB)
    Total ROM Size (Code + RO Data + RW Data)      73924 (  72.19kB)

==============================================================================

