Component: ARM Compiler 5.06 update 7 (build 960) Tool: armlink [4d3601]

==============================================================================

Section Cross References

    globaldeclare_chassis.o(i.Chassis_AllParaInit) refers to algorithm.o(i.LPF_StructInit) for LPF_StructInit
    globaldeclare_chassis.o(i.Chassis_AllParaInit) refers to algorithm.o(i.TD_StructInit) for TD_StructInit
    globaldeclare_chassis.o(i.Chassis_AllParaInit) refers to algorithm.o(i.PID_StructInit) for PID_StructInit
    globaldeclare_chassis.o(i.Chassis_AllParaInit) refers to algorithm.o(i.LegLinkage_StructInit) for LegLinkage_StructInit
    globaldeclare_chassis.o(i.Chassis_AllParaInit) refers to algorithm.o(i.OffGround_StructInit) for OffGround_StructInit
    globaldeclare_chassis.o(i.Chassis_AllParaInit) refers to algorithm.o(i.KF_ChassisVel_StructInit) for KF_ChassisVel_StructInit
    globaldeclare_chassis.o(i.Chassis_AllParaInit) refers to algorithm.o(i.HM_TorqueComp_StructInit) for HM_TorqueComp_StructInit
    globaldeclare_chassis.o(i.Chassis_AllParaInit) refers to globaldeclare_chassis.o(i._CH_JMDataStructInit) for _CH_JMDataStructInit
    globaldeclare_chassis.o(i.Chassis_AllParaInit) refers to globaldeclare_chassis.o(i._CH_HMDataStructInit) for _CH_HMDataStructInit
    globaldeclare_chassis.o(i.Chassis_AllParaInit) refers to globaldeclare_chassis.o(.data) for GFCH_IMU2Restart
    globaldeclare_chassis.o(i.Chassis_AllParaInit) refers to globaldeclare_chassis.o(.bss) for GstCH_VelKF
    globaldeclare_gimbal.o(i.Gimbal_Task_Init) refers to algorithm.o(i.PID_StructInit) for PID_StructInit
    globaldeclare_gimbal.o(i.Gimbal_Task_Init) refers to algorithm.o(i.TD_StructInit) for TD_StructInit
    globaldeclare_gimbal.o(i.Gimbal_Task_Init) refers to globaldeclare_gimbal.o(.data) for GstGM_PitchPosPID
    globaldeclare_shooter.o(i.Shooter_Task_Init) refers to algorithm.o(i.PID_StructInit) for PID_StructInit
    globaldeclare_shooter.o(i.Shooter_Task_Init) refers to algorithm.o(i.TD_StructInit) for TD_StructInit
    globaldeclare_shooter.o(i.Shooter_Task_Init) refers to globaldeclare_shooter.o(.data) for GstSH_SupplyPelletPosPID
    algorithm.o(i.KF_ChassisVel_Update) refers to algorithm_simple.o(i.MyAbsf) for MyAbsf
    algorithm.o(i.LPF_GetOutput) refers to algorithm.o(i.__ARM_isnanf) for __ARM_isnanf
    algorithm.o(i.LQR_K_MatrixUpdate) refers to rt_memcpy_w.o(.text) for __aeabi_memcpy4
    algorithm.o(i.LQR_K_MatrixUpdate) refers to globaldeclare_chassis.o(i.GSTCH_DataGet_F_OffGround1) for GSTCH_DataGet_F_OffGround1
    algorithm.o(i.LQR_K_MatrixUpdate) refers to globaldeclare_chassis.o(i.GSTCH_DataGet_F_OffGround2) for GSTCH_DataGet_F_OffGround2
    algorithm.o(i.LQR_K_MatrixUpdate) refers to globaldeclare_chassis.o(.data) for LegLenHigh
    algorithm.o(i.LQR_K_MatrixUpdate) refers to algorithm.o(.data) for LQR_K_Matrix_LegLenHigh
    algorithm.o(i.LQR_K_MatrixUpdate) refers to globaldeclare_chassis.o(.bss) for GSTCH_Data
    algorithm.o(i.LegLinkage_ForwardKinematicsCal) refers to algorithm_simple.o(i.MyCos) for MyCos
    algorithm.o(i.LegLinkage_ForwardKinematicsCal) refers to algorithm_simple.o(i.MySin) for MySin
    algorithm.o(i.LegLinkage_ForwardKinematicsCal) refers to algorithm_simple.o(i.MySqr) for MySqr
    algorithm.o(i.LegLinkage_ForwardKinematicsCal) refers to algorithm_simple.o(i.MySqrt) for MySqrt
    algorithm.o(i.LegLinkage_ForwardKinematicsCal) refers to algorithm_simple.o(i.MyAtan) for MyAtan
    algorithm.o(i.LegLinkage_GetL0dot) refers to algorithm_simple.o(i.MySin) for MySin
    algorithm.o(i.LegLinkage_GetL0dot) refers to algorithm.o(i.__ARM_isnanf) for __ARM_isnanf
    algorithm.o(i.LegLinkage_GetTheta) refers to algorithm_simple.o(i.MyAtan) for MyAtan
    algorithm.o(i.LegLinkage_GetThetadot) refers to algorithm_simple.o(i.MyCos) for MyCos
    algorithm.o(i.LegLinkage_GetThetadot) refers to algorithm_simple.o(i.MySin) for MySin
    algorithm.o(i.LegLinkage_GetThetadot) refers to algorithm.o(i.__ARM_isnanf) for __ARM_isnanf
    algorithm.o(i.OffGround_GetLegToWheelForce) refers to algorithm_simple.o(i.MyCos) for MyCos
    algorithm.o(i.OffGround_GetLegToWheelForce) refers to algorithm_simple.o(i.MySin) for MySin
    algorithm.o(i.OffGround_GetRealFAndTp) refers to algorithm_simple.o(i.MyCos) for MyCos
    algorithm.o(i.OffGround_GetRealFAndTp) refers to algorithm_simple.o(i.MySin) for MySin
    algorithm.o(i.OffGround_GetSupportForce) refers to algorithm.o(i.OffGround_GetLegToWheelForce) for OffGround_GetLegToWheelForce
    algorithm.o(i.OffGround_GetSupportForce) refers to algorithm_simple.o(i.MyCos) for MyCos
    algorithm.o(i.OffGround_GetSupportForce) refers to algorithm_simple.o(i.MySin) for MySin
    algorithm.o(i.OffGround_LegLinkRelateDataUpdate) refers to algorithm.o(i.LegLinkage_GetL0Length) for LegLinkage_GetL0Length
    algorithm.o(i.OffGround_LegLinkRelateDataUpdate) refers to algorithm.o(i.LegLinkage_GetL0dot) for LegLinkage_GetL0dot
[...]
    GstGM_YawPosPID                          0x20000784   Data          68  globaldeclare_gimbal.o(.data)
    GstGM_YawVelPID                          0x200007c8   Data          68  globaldeclare_gimbal.o(.data)
    GGB_RollAngle                            0x2000080c   Data           4  globaldeclare_gimbal.o(.data)
    GEMGM_Mode                               0x20000810   Data           1  globaldeclare_gimbal.o(.data)
    GstGMSH_Debug_Flags                      0x20000811   Data           5  globaldeclare_gimbal.o(.data)
    Vision_State_Enable_Now                  0x20000816   Data           1  globaldeclare_gimbal.o(.data)
    Vision_State_Enable_Pre                  0x20000817   Data           1  globaldeclare_gimbal.o(.data)
    Vision_Mode_Now                          0x20000818   Data           1  globaldeclare_gimbal.o(.data)
    Vision_Mode_Pre                          0x20000819   Data           1  globaldeclare_gimbal.o(.data)
    Vision_Mode_Changing                     0x2000081a   Data           1  globaldeclare_gimbal.o(.data)
    GSTSH_Data                               0x2000081c   Data           1  globaldeclare_shooter.o(.data)
    ShooterSafetyLocked                      0x2000081d   Data           1  globaldeclare_shooter.o(.data)
    FrictionWheel_Ready_flag                 0x2000081e   Data           1  globaldeclare_shooter.o(.data)
    FWSpeed_Des                              0x2000081f   Data           1  globaldeclare_shooter.o(.data)
    FWSpeed_Datum                            0x20000820   Data           4  globaldeclare_shooter.o(.data)
    FWSpeed_Datum_Buff                       0x20000824   Data           4  globaldeclare_shooter.o(.data)
    smcR                                     0x20000828   Data          64  globaldeclare_shooter.o(.data)
    smcL                                     0x20000868   Data          64  globaldeclare_shooter.o(.data)
    GstSH_SupplyPelletPosPID                 0x200008a8   Data          68  globaldeclare_shooter.o(.data)
    GstSH_SupplyPelletVelPID                 0x200008ec   Data          68  globaldeclare_shooter.o(.data)
    ShooterPosDes                            0x20000930   Data           4  globaldeclare_shooter.o(.data)
    ShooterPosDes_Pre                        0x20000934   Data           4  globaldeclare_shooter.o(.data)
    TD_SupplyPellet_Norm                     0x20000938   Data           4  globaldeclare_shooter.o(.data)
    SupplyPellet_td_coe_Norm                 0x2000093c   Data           4  globaldeclare_shooter.o(.data)
    SupplyPellet_TD                          0x20000940   Data          24  globaldeclare_shooter.o(.data)
    IfFlip                                   0x20000958   Data           1  globaldeclare_shooter.o(.data)
    SupplyPellet_Num                         0x2000095c   Data           4  globaldeclare_shooter.o(.data)
    SupplyStep                               0x20000960   Data           4  globaldeclare_shooter.o(.data)
    Is_Locked_Rotor_Flag                     0x20000964   Data           1  globaldeclare_shooter.o(.data)
    Locked_Rotor_Protect_Flag                0x20000965   Data           1  globaldeclare_shooter.o(.data)
    Is_Locked_Rotor_Cnt                      0x20000968   Data           4  globaldeclare_shooter.o(.data)
    Locked_Rotor_Protect_Cnt                 0x2000096c   Data           4  globaldeclare_shooter.o(.data)
    GEMSH_Mode                               0x20000970   Data           1  globaldeclare_shooter.o(.data)
    FMR_speed_diff                           0x20000974   Data           4  globaldeclare_shooter.o(.data)
    FML_speed_diff                           0x20000978   Data           4  globaldeclare_shooter.o(.data)
    now_heat                                 0x2000097c   Data           4  globaldeclare_shooter.o(.data)
    downflag                                 0x20000980   Data           4  globaldeclare_shooter.o(.data)
    supply_cnt                               0x20000984   Data           4  globaldeclare_shooter.o(.data)
    Pre_ShootSpeed                           0x20000988   Data           4  globaldeclare_shooter.o(.data)
    Heat_Left                                0x2000098c   Data           4  globaldeclare_shooter.o(.data)
    PelletNum                                0x20000990   Data           1  globaldeclare_shooter.o(.data)
    Allowed_PelletNum                        0x20000992   Data           2  globaldeclare_shooter.o(.data)
    Allowed_PelletNum_Friction               0x20000994   Data           2  globaldeclare_shooter.o(.data)
    LQR_K_Matrix_LegLenLow                   0x20000998   Data         160  algorithm.o(.data)
    LQR_K_Matrix_LegLenMid                   0x20000a38   Data         160  algorithm.o(.data)
    LQR_K_Matrix_LegLenHigh                  0x20000ad8   Data         160  algorithm.o(.data)
    PID_RollComp_Kp_tmp                      0x20000b94   Data           4  chassis_apifunction.o(.data)
    PID_RollComp_Ki_tmp                      0x20000b98   Data           4  chassis_apifunction.o(.data)
    PID_RollComp_Kd_tmp                      0x20000b9c   Data           4  chassis_apifunction.o(.data)
    K_Trac_Norm_tmp                          0x20000ba0   Data           4  chassis_apifunction.o(.data)
    DebugTaskHandle                          0x20000bb8   Data           4  main.o(.data)
    DebugTaskHighWaterMark                   0x20000bbc   Data           4  main.o(.data)
    ReceiverTaskHandle                       0x20000bc0   Data           4  main.o(.data)
    ReceiverTaskHighWaterMark                0x20000bc4   Data           4  main.o(.data)
    ChassisTaskHandle                        0x20000bc8   Data           4  main.o(.data)
    ChassisTaskHighWaterMark                 0x20000bcc   Data           4  main.o(.data)
    SendDataTaskHandle                       0x20000bd0   Data           4  main.o(.data)
    SendDataTaskHighWaterMark                0x20000bd4   Data           4  main.o(.data)
    GimbalTaskHandle                         0x20000bd8   Data           4  main.o(.data)
    GimbalTaskHighWaterMark                  0x20000bdc   Data           4  main.o(.data)
    ShooterTaskHandle                        0x20000be0   Data           4  main.o(.data)
    ShooterTaskHighWaterMark                 0x20000be4   Data           4  main.o(.data)
    UART5_Rcr                                0x20000be8   Data          28  usart_communication.o(.data)
    UART5_Tcr                                0x20000c04   Data          20  usart_communication.o(.data)
    Rsys_RX_Status                           0x20000c18   Data           1  usart_communication.o(.data)
    usData                                   0x20000c19   Data           1  usart_communication.o(.data)
    usDataLength                             0x20000c1a   Data           2  usart_communication.o(.data)
    ucCmdID                                  0x20000c1c   Data           2  usart_communication.o(.data)
    Buf_num                                  0x20000c1e   Data           1  usart_communication.o(.data)
    Time2                                    0x20000c20   Data           4  usart_communication.o(.data)
    command_prompt                           0x20000c24   Data           2  usart_communication.o(.data)
    sender_id                                0x20000c26   Data           2  usart_communication.o(.data)
    receiver_id                              0x20000c28   Data           2  usart_communication.o(.data)
    radar_send_message_to_me                 0x20000c2a   Data           1  usart_communication.o(.data)
    pxCurrentTCB                             0x20000c30   Data           4  tasks.o(.data)
    GST_SystemMonitor                        0x20000cbc   Data          80  globaldeclare_general.o(.bss)
    GstPitch_DebugDes_AutoAlter              0x20000d0c   Data          32  globaldeclare_general.o(.bss)
    GstYaw_DebugDes_AutoAlter                0x20000d2c   Data          32  globaldeclare_general.o(.bss)
    GST_Receiver                             0x20000d4c   Data          22  globaldeclare_general.o(.bss)
    GST_RMCtrl                               0x20000d64   Data         120  globaldeclare_general.o(.bss)
    G_ST_Game_Status                         0x20000ddc   Data          11  globaldeclare_general.o(.bss)
    G_ST_Game_Robot_HP                       0x20000de7   Data          32  globaldeclare_general.o(.bss)
    G_ST_Game_Robot_Status                   0x20000e07   Data          13  globaldeclare_general.o(.bss)
    G_ST_Power_Heat_Data                     0x20000e14   Data          14  globaldeclare_general.o(.bss)
    G_ST_Game_Robot_Pos                      0x20000e22   Data          12  globaldeclare_general.o(.bss)
    G_ST_Ground_Robot_Position               0x20000e2e   Data          40  globaldeclare_general.o(.bss)
    GST_Vision                               0x20000e56   Data         120  globaldeclare_general.o(.bss)
    GstCH_IMU2                               0x20000ed0   Data         176  globaldeclare_chassis.o(.bss)
    GstCH_VelKF                              0x20000f80   Data          84  globaldeclare_chassis.o(.bss)
    GSTCH_HMTorqueComp                       0x20000fd4   Data          64  globaldeclare_chassis.o(.bss)
    GstCH_YawAngleTD                         0x20001014   Data          24  globaldeclare_chassis.o(.bss)
    GstCH_DisTD                              0x2000102c   Data          24  globaldeclare_chassis.o(.bss)
    GstCH_LQRCal                             0x20001044   Data         216  globaldeclare_chassis.o(.bss)
    GstCH_Leg1VMC                            0x2000111c   Data          32  globaldeclare_chassis.o(.bss)
    GstCH_Leg2VMC                            0x2000113c   Data          32  globaldeclare_chassis.o(.bss)
    GSTCH_Data                               0x2000115c   Data         208  globaldeclare_chassis.o(.bss)
    GstGM_IMU1                               0x2000122c   Data          48  globaldeclare_gimbal.o(.bss)
    GSTGM_Data                               0x2000125c   Data          52  globaldeclare_gimbal.o(.bss)
    GstGMSH_Debug_Paras                      0x20001290   Data          80  globaldeclare_gimbal.o(.bss)
    Pitch_Motor_Paras                        0x200012e0   Data          20  globaldeclare_gimbal.o(.bss)
    Yaw_Motor_Paras                          0x200012f4   Data          20  globaldeclare_gimbal.o(.bss)
    GstSH_Paras                              0x20001308   Data          80  globaldeclare_shooter.o(.bss)
    UA1RxDMAbuf                              0x20001358   Data          18  usart_communication.o(.bss)
    UA2RxDMAbuf                              0x2000136a   Data          38  usart_communication.o(.bss)
    UA3RxDMAbuf                              0x20001390   Data         128  usart_communication.o(.bss)
    UA4RxDMAbuf                              0x20001410   Data         106  usart_communication.o(.bss)
    UA5TxDMAbuf                              0x2000147a   Data         128  usart_communication.o(.bss)
    UA5RxDMAbuf                              0x200014fa   Data         500  usart_communication.o(.bss)
    UA6RxDMAbuf                              0x200016ee   Data          42  usart_communication.o(.bss)
    USART3_DMA_Buf                           0x20001718   Data         255  usart_communication.o(.bss)
    USART6_DMA_Buf                           0x20001817   Data         255  usart_communication.o(.bss)
    UA5RxMailbox                             0x20001916   Data         250  usart_communication.o(.bss)
    UA5TxMailbox                             0x20001a10   Data          20  usart_communication.o(.bss)
    Rsys_RX_Buf                              0x20001a24   Data         250  usart_communication.o(.bss)
    xQueueRegistry                           0x20001b20   Data          64  queue.o(.bss)
    __libspace_start                         0x20005e6c   Data          96  libspace.o(.bss)
    __temporary_stack_top$libspace           0x20005ecc   Data           0  libspace.o(.bss)



==============================================================================

Memory Map of the image

  Image Entry point : 0x08000189

  Load Region LR_IROM1 (Base: 0x08000000, Size: 0x0000f3b4, Max: 0x00080000, ABSOLUTE, COMPRESSED[0x0000ea3c])

    Execution Region ER_IROM1 (Exec base: 0x08000000, Load base: 0x08000000, Size: 0x0000e6f8, Max: 0x00080000, ABSOLUTE)

    Exec Addr    Load Addr    Size         Type   Attr      Idx    E Section Name        Object

    0x08000000   0x08000000   0x00000188   Data   RO         4046    RESET               startup_stm32f40_41xxx.o
    0x08000188   0x08000188   0x00000008   Code   RO         6880  * !!!main             c_w.l(__main.o)
    0x08000190   0x08000190   0x00000034   Code   RO         7248    !!!scatter          c_w.l(__scatter.o)
    0x080001c4   0x080001c4   0x0000005a   Code   RO         7246    !!dczerorl2         c_w.l(__dczerorl2.o)
    0x0800021e   0x0800021e   0x00000002   PAD
    0x08000220   0x08000220   0x0000001c   Code   RO         7250    !!handler_zi        c_w.l(__scatter_zi.o)
    0x0800023c   0x0800023c   0x00000000   Code   RO         6861    .ARM.Collect$$_printf_percent$$00000000  c_w.l(_printf_percent.o)
    0x0800023c   0x0800023c   0x00000006   Code   RO         6954    .ARM.Collect$$_printf_percent$$00000001  c_w.l(_printf_n.o)
    0x08000242   0x08000242   0x00000006   Code   RO         6956    .ARM.Collect$$_printf_percent$$00000002  c_w.l(_printf_p.o)
    0x08000248   0x08000248   0x00000006   Code   RO         6960    .ARM.Collect$$_printf_percent$$00000003  c_w.l(_printf_f.o)
    0x0800024e   0x0800024e   0x00000006   Code   RO         6961    .ARM.Collect$$_printf_percent$$00000004  c_w.l(_printf_e.o)
    0x08000254   0x08000254   0x00000006   Code   RO         6962    .ARM.Collect$$_printf_percent$$00000005  c_w.l(_printf_g.o)
    0x0800025a   0x0800025a   0x00000006   Code   RO         6963    .ARM.Collect$$_printf_percent$$00000006  c_w.l(_printf_a.o)
    0x08000260   0x08000260   0x0000000a   Code   RO         6968    .ARM.Collect$$_printf_percent$$00000007  c_w.l(_printf_ll.o)
    0x0800026a   0x0800026a   0x00000006   Code   RO         6958    .ARM.Collect$$_printf_percent$$00000008  c_w.l(_printf_i.o)
    0x08000270   0x08000270   0x00000006   Code   RO         6959    .ARM.Collect$$_printf_percent$$00000009  c_w.l(_printf_d.o)
    0x08000276   0x08000276   0x00000006   Code   RO         6860    .ARM.Collect$$_printf_percent$$0000000A  c_w.l(_printf_u.o)
    0x0800027c   0x0800027c   0x00000006   Code   RO         6957    .ARM.Collect$$_printf_percent$$0000000B  c_w.l(_printf_o.o)
    0x08000282   0x08000282   0x00000006   Code   RO         6955    .ARM.Collect$$_printf_percent$$0000000C  c_w.l(_printf_x.o)
    0x08000288   0x08000288   0x00000006   Code   RO         6965    .ARM.Collect$$_printf_percent$$0000000D  c_w.l(_printf_lli.o)
    0x0800028e   0x0800028e   0x00000006   Code   RO         6966    .ARM.Collect$$_printf_percent$$0000000E  c_w.l(_printf_lld.o)
    0x08000294   0x08000294   0x00000006   Code   RO         6967    .ARM.Collect$$_printf_percent$$0000000F  c_w.l(_printf_llu.o)
    0x0800029a   0x0800029a   0x00000006   Code   RO         6972    .ARM.Collect$$_printf_percent$$00000010  c_w.l(_printf_llo.o)
    0x080002a0   0x080002a0   0x00000006   Code   RO         6973    .ARM.Collect$$_printf_percent$$00000011  c_w.l(_printf_llx.o)
    0x080002a6   0x080002a6   0x0000000a   Code   RO         6969    .ARM.Collect$$_printf_percent$$00000012  c_w.l(_printf_l.o)
    0x080002b0   0x080002b0   0x00000006   Code   RO         6859    .ARM.Collect$$_printf_percent$$00000013  c_w.l(_printf_c.o)
    0x080002b6   0x080002b6   0x00000006   Code   RO         6953    .ARM.Collect$$_printf_percent$$00000014  c_w.l(_printf_s.o)
    0x080002bc   0x080002bc   0x00000006   Code   RO         6970    .ARM.Collect$$_printf_percent$$00000015  c_w.l(_printf_lc.o)
    0x080002c2   0x080002c2   0x00000006   Code   RO         6971    .ARM.Collect$$_printf_percent$$00000016  c_w.l(_printf_ls.o)
    0x080002c8   0x080002c8   0x00000004   Code   RO         6964    .ARM.Collect$$_printf_percent$$00000017  c_w.l(_printf_percent_end.o)
    0x080002cc   0x080002cc   0x00000002   Code   RO         7103    .ARM.Collect$$libinit$$00000000  c_w.l(libinit.o)
    0x080002ce   0x080002ce   0x00000004   Code   RO         7126    .ARM.Collect$$libinit$$00000001  c_w.l(libinit2.o)
    0x080002d2   0x080002d2   0x00000000   Code   RO         7129    .ARM.Collect$$libinit$$00000004  c_w.l(libinit2.o)
    0x080002d2   0x080002d2   0x00000000   Code   RO         7132    .ARM.Collect$$libinit$$0000000A  c_w.l(libinit2.o)
    0x080002d2   0x080002d2   0x00000000   Code   RO         7134    .ARM.Collect$$libinit$$0000000C  c_w.l(libinit2.o)
    0x080002d2   0x080002d2   0x00000000   Code   RO         7136    .ARM.Collect$$libinit$$0000000E  c_w.l(libinit2.o)
    0x080002d2   0x080002d2   0x00000006   Code   RO         7137    .ARM.Collect$$libinit$$0000000F  c_w.l(libinit2.o)
    0x080002d8   0x080002d8   0x00000000   Code   RO         7139    .ARM.Collect$$libinit$$00000011  c_w.l(libinit2.o)
    0x080002d8   0x080002d8   0x0000000c   Code   RO         7140    .ARM.Collect$$libinit$$00000012  c_w.l(libinit2.o)
    0x080002e4   0x080002e4   0x00000000   Code   RO         7141    .ARM.Collect$$libinit$$00000013  c_w.l(libinit2.o)
    0x080002e4   0x080002e4   0x00000000   Code   RO         7143    .ARM.Collect$$libinit$$00000015  c_w.l(libinit2.o)
    0x080002e4   0x080002e4   0x0000000a   Code   RO         7144    .ARM.Collect$$libinit$$00000016  c_w.l(libinit2.o)
    0x080002ee   0x080002ee   0x00000000   Code   RO         7145    .ARM.Collect$$libinit$$00000017  c_w.l(libinit2.o)
    0x080002ee   0x080002ee   0x00000000   Code   RO         7147    .ARM.Collect$$libinit$$00000019  c_w.l(libinit2.o)
    0x080002ee   0x080002ee   0x00000000   Code   RO         7149    .ARM.Collect$$libinit$$0000001B  c_w.l(libinit2.o)
    0x080002ee   0x080002ee   0x00000000   Code   RO         7151    .ARM.Collect$$libinit$$0000001D  c_w.l(libinit2.o)
    0x080002ee   0x080002ee   0x00000000   Code   RO         7153    .ARM.Collect$$libinit$$0000001F  c_w.l(libinit2.o)
    0x080002ee   0x080002ee   0x00000000   Code   RO         7155    .ARM.Collect$$libinit$$00000021  c_w.l(libinit2.o)
    0x080002ee   0x080002ee   0x00000000   Code   RO         7157    .ARM.Collect$$libinit$$00000023  c_w.l(libinit2.o)
    0x080002ee   0x080002ee   0x00000000   Code   RO         7159    .ARM.Collect$$libinit$$00000025  c_w.l(libinit2.o)
    0x080002ee   0x080002ee   0x00000000   Code   RO         7163    .ARM.Collect$$libinit$$0000002C  c_w.l(libinit2.o)
    0x080002ee   0x080002ee   0x00000000   Code   RO         7165    .ARM.Collect$$libinit$$0000002E  c_w.l(libinit2.o)
    0x080002ee   0x080002ee   0x00000000   Code   RO         7167    .ARM.Collect$$libinit$$00000030  c_w.l(libinit2.o)
    0x080002ee   0x080002ee   0x00000000   Code   RO         7169    .ARM.Collect$$libinit$$00000032  c_w.l(libinit2.o)
    0x080002ee   0x080002ee   0x00000002   Code   RO         7170    .ARM.Collect$$libinit$$00000033  c_w.l(libinit2.o)
    0x080002f0   0x080002f0   0x00000002   Code   RO         7201    .ARM.Collect$$libshutdown$$00000000  c_w.l(libshutdown.o)
    0x080002f2   0x080002f2   0x00000000   Code   RO         7227    .ARM.Collect$$libshutdown$$00000002  c_w.l(libshutdown2.o)
    0x080002f2   0x080002f2   0x00000000   Code   RO         7229    .ARM.Collect$$libshutdown$$00000004  c_w.l(libshutdown2.o)
    0x080002f2   0x080002f2   0x00000000   Code   RO         7231    .ARM.Collect$$libshutdown$$00000006  c_w.l(libshutdown2.o)
    0x080002f2   0x080002f2   0x00000000   Code   RO         7234    .ARM.Collect$$libshutdown$$00000009  c_w.l(libshutdown2.o)
    0x080002f2   0x080002f2   0x00000000   Code   RO         7237    .ARM.Collect$$libshutdown$$0000000C  c_w.l(libshutdown2.o)
    0x080002f2   0x080002f2   0x00000000   Code   RO         7239    .ARM.Collect$$libshutdown$$0000000E  c_w.l(libshutdown2.o)
    0x080002f2   0x080002f2   0x00000000   Code   RO         7242    .ARM.Collect$$libshutdown$$00000011  c_w.l(libshutdown2.o)
    0x080002f2   0x080002f2   0x00000002   Code   RO         7243    .ARM.Collect$$libshutdown$$00000012  c_w.l(libshutdown2.o)
    0x080002f4   0x080002f4   0x00000000   Code   RO         6904    .ARM.Collect$$rtentry$$00000000  c_w.l(__rtentry.o)
    0x080002f4   0x080002f4   0x00000000   Code   RO         7020    .ARM.Collect$$rtentry$$00000002  c_w.l(__rtentry2.o)
    0x080002f4   0x080002f4   0x00000006   Code   RO         7032    .ARM.Collect$$rtentry$$00000004  c_w.l(__rtentry4.o)
    0x080002fa   0x080002fa   0x00000000   Code   RO         7022    .ARM.Collect$$rtentry$$00000009  c_w.l(__rtentry2.o)
    0x080002fa   0x080002fa   0x00000004   Code   RO         7023    .ARM.Collect$$rtentry$$0000000A  c_w.l(__rtentry2.o)
    0x080002fe   0x080002fe   0x00000000   Code   RO         7025    .ARM.Collect$$rtentry$$0000000C  c_w.l(__rtentry2.o)
    0x080002fe   0x080002fe   0x00000008   Code   RO         7026    .ARM.Collect$$rtentry$$0000000D  c_w.l(__rtentry2.o)
    0x08000306   0x08000306   0x00000002   Code   RO         7113    .ARM.Collect$$rtexit$$00000000  c_w.l(rtexit.o)
    0x08000308   0x08000308   0x00000000   Code   RO         7174    .ARM.Collect$$rtexit$$00000002  c_w.l(rtexit2.o)
    0x08000308   0x08000308   0x00000004   Code   RO         7175    .ARM.Collect$$rtexit$$00000003  c_w.l(rtexit2.o)
    0x0800030c   0x0800030c   0x00000006   Code   RO         7176    .ARM.Collect$$rtexit$$00000004  c_w.l(rtexit2.o)
    0x08000312   0x08000312   0x00000002   PAD
    0x08000314   0x08000314   0x000000be   Code   RO         3967    .emb_text           port.o
    0x080003d2   0x080003d2   0x00000002   PAD
    0x080003d4   0x080003d4   0x00000040   Code   RO         4047    .text               startup_stm32f40_41xxx.o
    0x08000414   0x08000414   0x00000078   Code   RO         6672    .text               arm_cortexM4lf_math.lib(arm_cos_f32.o)
    0x0800048c   0x0800048c   0x00000094   Code   RO         6722    .text               arm_cortexM4lf_math.lib(arm_sin_f32.o)
    0x08000520   0x08000520   0x00000024   Code   RO         6827    .text               c_w.l(vsprintf.o)
    0x08000544   0x08000544   0x00000052   Code   RO         6835    .text               c_w.l(_printf_str.o)
    0x08000596   0x08000596   0x00000002   PAD
    0x08000598   0x08000598   0x00000078   Code   RO         6837    .text               c_w.l(_printf_dec.o)
    0x08000610   0x08000610   0x00000188   Code   RO         6856    .text               c_w.l(__printf_flags_ss_wp.o)
    0x08000798   0x08000798   0x0000008a   Code   RO         6866    .text               c_w.l(rt_memcpy_v6.o)
    0x08000822   0x08000822   0x00000064   Code   RO         6868    .text               c_w.l(rt_memcpy_w.o)
    0x08000886   0x08000886   0x00000010   Code   RO         6872    .text               c_w.l(aeabi_memset.o)
    0x08000896   0x08000896   0x00000044   Code   RO         6874    .text               c_w.l(rt_memclr.o)
    0x080008da   0x080008da   0x0000004e   Code   RO         6876    .text               c_w.l(rt_memclr_w.o)
    0x08000928   0x08000928   0x00000006   Code   RO         6878    .text               c_w.l(heapauxi.o)
    0x0800092e   0x0800092e   0x0000004e   Code   RO         6905    .text               c_w.l(_printf_pad.o)
    0x0800097c   0x0800097c   0x00000024   Code   RO         6907    .text               c_w.l(_printf_truncate.o)
    0x080009a0   0x080009a0   0x000000b2   Code   RO         6909    .text               c_w.l(_printf_intcommon.o)
    0x08000a52   0x08000a52   0x00000028   Code   RO         6911    .text               c_w.l(_printf_charcount.o)
    0x08000a7a   0x08000a7a   0x00000002   PAD
    0x08000a7c   0x08000a7c   0x00000030   Code   RO         6913    .text               c_w.l(_printf_char_common.o)
    0x08000aac   0x08000aac   0x0000000a   Code   RO         6915    .text               c_w.l(_sputc.o)
    0x08000ab6   0x08000ab6   0x0000002c   Code   RO         6919    .text               c_w.l(_printf_char.o)
    0x08000ae2   0x08000ae2   0x00000002   PAD
    0x08000ae4   0x08000ae4   0x000000bc   Code   RO         6921    .text               c_w.l(_printf_wctomb.o)
    0x08000ba0   0x08000ba0   0x0000007c   Code   RO         6924    .text               c_w.l(_printf_longlong_dec.o)
    0x08000c1c   0x08000c1c   0x00000070   Code   RO         6930    .text               c_w.l(_printf_oct_int_ll.o)
    0x08000c8c   0x08000c8c   0x00000094   Code   RO         6950    .text               c_w.l(_printf_hex_int_ll_ptr.o)
    0x08000d20   0x08000d20   0x0000008a   Code   RO         7034    .text               c_w.l(lludiv10.o)
    0x08000daa   0x08000daa   0x00000002   PAD
    0x08000dac   0x08000dac   0x00000030   Code   RO         7036    .text               c_w.l(_fptrap.o)
    0x08000ddc   0x08000ddc   0x0000041e   Code   RO         7038    .text               c_w.l(_printf_fp_dec.o)
    0x080011fa   0x080011fa   0x00000002   PAD
    0x080011fc   0x080011fc   0x000002fc   Code   RO         7040    .text               c_w.l(_printf_fp_hex.o)
    0x080014f8   0x080014f8   0x0000002c   Code   RO         7045    .text               c_w.l(_printf_wchar.o)
    0x08001524   0x08001524   0x00000040   Code   RO         7047    .text               c_w.l(_wcrtomb.o)
    0x08001564   0x08001564   0x0000004a   Code   RO         7053    .text               c_w.l(sys_stackheap_outer.o)
    0x080015ae   0x080015ae   0x00000002   PAD
    0x080015b0   0x080015b0   0x00000010   Code   RO         7055    .text               c_w.l(rt_ctype_table.o)
    0x080015c0   0x080015c0   0x00000008   Code   RO         7060    .text               c_w.l(rt_locale_intlibspace.o)
    0x080015c8   0x080015c8   0x00000080   Code   RO         7062    .text               c_w.l(_printf_fp_infnan.o)
    0x08001648   0x08001648   0x000000e4   Code   RO         7064    .text               c_w.l(bigflt0.o)
    0x0800172c   0x0800172c   0x00000012   Code   RO         7092    .text               c_w.l(exit.o)
    0x0800173e   0x0800173e   0x0000000e   Code   RO         7094    .text               c_w.l(defsig_fpe_outer.o)
    0x0800174c   0x0800174c   0x00000008   Code   RO         7110    .text               c_w.l(libspace.o)
    0x08001754   0x08001754   0x0000000a   Code   RO         7120    .text               c_w.l(defsig_exit.o)
    0x0800175e   0x0800175e   0x00000002   PAD
    0x08001760   0x08001760   0x000000ac   Code   RO         7122    .text               c_w.l(defsig_fpe_inner.o)
    0x0800180c   0x0800180c   0x00000080   Code   RO         7124    .text               c_w.l(strcmpv7m.o)
    0x0800188c   0x0800188c   0x0000000c   Code   RO         7171    .text               c_w.l(sys_exit.o)
    0x08001898   0x08001898   0x00000032   Code   RO         7182    .text               c_w.l(defsig_general.o)
    0x080018ca   0x080018ca   0x0000000e   Code   RO         7188    .text               c_w.l(sys_wrch.o)
    0x080018d8   0x080018d8   0x00000002   Code   RO         7190    .text               c_w.l(use_no_semi.o)
    0x080018da   0x080018da   0x00000000   Code   RO         7192    .text               c_w.l(indicate_semi.o)
    0x080018da   0x080018da   0x0000003e   Code   RO         7067    CL$$btod_d2e        c_w.l(btod.o)
    0x08001918   0x08001918   0x00000046   Code   RO         7069    CL$$btod_d2e_denorm_low  c_w.l(btod.o)
    0x0800195e   0x0800195e   0x00000060   Code   RO         7068    CL$$btod_d2e_norm_op1  c_w.l(btod.o)
    0x080019be   0x080019be   0x00000338   Code   RO         7077    CL$$btod_div_common  c_w.l(btod.o)
    0x08001cf6   0x08001cf6   0x000000dc   Code   RO         7074    CL$$btod_e2e        c_w.l(btod.o)
    0x08001dd2   0x08001dd2   0x0000002a   Code   RO         7071    CL$$btod_ediv       c_w.l(btod.o)
    0x08001dfc   0x08001dfc   0x0000002a   Code   RO         7070    CL$$btod_emul       c_w.l(btod.o)
    0x08001e26   0x08001e26   0x00000244   Code   RO         7076    CL$$btod_mult_common  c_w.l(btod.o)
    0x0800206a   0x0800206a   0x00000002   PAD
    0x0800206c   0x0800206c   0x00000088   Code   RO         2412    i.Abs_Encoder_Process  can_communication.o
    0x080020f4   0x080020f4   0x00000100   Code   RO         2008    i.AllTaskFpsCount   debugtask.o
    0x080021f4   0x080021f4   0x00000034   Code   RO         2467    i.BSP_All_Init      rm_bsp.o
    0x08002228   0x08002228   0x00000004   Code   RO         4095    i.BusFault_Handler  stm32f4xx_it.o
    0x0800222c   0x0800222c   0x00000190   Code   RO         2131    i.CAN1_RX0_IRQHandler  irqhandler_config.o
    0x080023bc   0x080023bc   0x0000001c   Code   RO         2132    i.CAN1_TX_IRQHandler  irqhandler_config.o
    0x080023d8   0x080023d8   0x0000007c   Code   RO         2133    i.CAN2_RX0_IRQHandler  irqhandler_config.o
    0x08002454   0x08002454   0x0000001c   Code   RO         2134    i.CAN2_TX_IRQHandler  irqhandler_config.o
    0x08002470   0x08002470   0x0000002c   Code   RO         2413    i.CANRx_C620DataParse  can_communication.o
    0x0800249c   0x0800249c   0x0000018c   Code   RO         2415    i.CANTx_SendCurrentToMotor  can_communication.o
    0x08002628   0x08002628   0x000000a8   Code   RO         4532    i.CAN_ClearITPendingBit  stm32f4xx_can.o
    0x080026d0   0x080026d0   0x00000038   Code   RO         4534    i.CAN_DeInit        stm32f4xx_can.o
    0x08002708   0x08002708   0x00000108   Code   RO         4536    i.CAN_FilterInit    stm32f4xx_can.o
    0x08002810   0x08002810   0x00000120   Code   RO         4538    i.CAN_GetITStatus   stm32f4xx_can.o
    0x08002930   0x08002930   0x00000012   Code   RO         4542    i.CAN_ITConfig      stm32f4xx_can.o
    0x08002942   0x08002942   0x00000114   Code   RO         4543    i.CAN_Init          stm32f4xx_can.o
    0x08002a56   0x08002a56   0x000000e8   Code   RO         4546    i.CAN_Receive       stm32f4xx_can.o
    0x08002b3e   0x08002b3e   0x00000066   Code   RO         2416    i.CAN_Send          can_communication.o
    0x08002ba4   0x08002ba4   0x00000020   Code   RO         4549    i.CAN_StructInit    stm32f4xx_can.o
    0x08002bc4   0x08002bc4   0x00000126   Code   RO         4551    i.CAN_Transmit      stm32f4xx_can.o
    0x08002cea   0x08002cea   0x00000002   PAD
    0x08002cec   0x08002cec   0x00000048   Code   RO          960    i.CH_ChassisModeUpdate  chassis_stratgy.o
    0x08002d34   0x08002d34   0x00000144   Code   RO         1152    i.CH_FBData_Parse   chassis_apifunction.o
    0x08002e78   0x08002e78   0x0000003c   Code   RO         1153    i.CH_HMTorqueComp_Process  chassis_apifunction.o
    0x08002eb4   0x08002eb4   0x000001c8   Code   RO         1154    i.CH_LQRCal_Process  chassis_apifunction.o
    0x0800307c   0x0800307c   0x000000a0   Code   RO         1155    i.CH_LQR_DesDataUpdate  chassis_apifunction.o
    0x0800311c   0x0800311c   0x00000164   Code   RO         1156    i.CH_LegKinematics_Process  chassis_apifunction.o
    0x08003280   0x08003280   0x0000008c   Code   RO         1157    i.CH_LegLenDes_Update  chassis_apifunction.o
    0x0800330c   0x0800330c   0x0000006e   Code   RO         1158    i.CH_MotionUpdateAndProcess  chassis_apifunction.o
    0x0800337a   0x0800337a   0x00000002   PAD
    0x0800337c   0x0800337c   0x00000178   Code   RO         1159    i.CH_OffGround_Process  chassis_apifunction.o
    0x080034f4   0x080034f4   0x00000168   Code   RO          961    i.CH_RCInputPre_Process  chassis_stratgy.o
    0x0800365c   0x0800365c   0x0000005c   Code   RO         1160    i.CH_VMCCal_Process  chassis_apifunction.o
    0x080036b8   0x080036b8   0x00000174   Code   RO         1161    i.CH_VMC_DesDataUpdate  chassis_apifunction.o
    0x0800382c   0x0800382c   0x000000ec   Code   RO         1162    i.CH_VelKF_Process  chassis_apifunction.o
    0x08003918   0x08003918   0x00000010   Code   RO          962    i.ChModeControl_AutoSafeMode_RCControl  chassis_stratgy.o
    0x08003928   0x08003928   0x0000012c   Code   RO          963    i.ChModeControl_FollowMode_RCControl  chassis_stratgy.o
    0x08003a54   0x08003a54   0x0000012c   Code   RO          964    i.ChModeControl_FreeMode_RCControl  chassis_stratgy.o
    0x08003b80   0x08003b80   0x000000b4   Code   RO         1163    i.ChModeControl_FreeMode_RCControl_IsEnterTopMode  chassis_apifunction.o
    0x08003c34   0x08003c34   0x0000002c   Code   RO         1164    i.ChModeControl_FreeMode_RCControl_MoveHandler  chassis_apifunction.o
    0x08003c60   0x08003c60   0x000000b4   Code   RO         1165    i.ChModeControl_FreeMode_RCControl_TopHandler  chassis_apifunction.o
    0x08003d14   0x08003d14   0x000006d8   Code   RO          965    i.ChModeControl_JumpMode_RCControl  chassis_stratgy.o
    0x080043ec   0x080043ec   0x0000001c   Code   RO          966    i.ChModeControl_ManualSafeMode_RCControl  chassis_stratgy.o
    0x08004408   0x08004408   0x00000138   Code   RO          967    i.ChModeControl_OffGroundMode_RCControl  chassis_stratgy.o
    0x08004540   0x08004540   0x00000148   Code   RO          968    i.ChModeControl_SitDownMode_RCControl  chassis_stratgy.o
    0x08004688   0x08004688   0x0000010c   Code   RO          969    i.ChModeControl_StandUpMode_RCControl  chassis_stratgy.o
    0x08004794   0x08004794   0x00000010   Code   RO          970    i.ChModeControl_StandbyMode_RCControl  chassis_stratgy.o
    0x080047a4   0x080047a4   0x0000002c   Code   RO          919    i.ChassisControl    chassis_task.o
    0x080047d0   0x080047d0   0x00000050   Code   RO          971    i.ChassisModeControl_RCControl  chassis_stratgy.o
    0x08004820   0x08004820   0x0000008c   Code   RO          972    i.ChassisStrategy_ModeChooseParaStructUpdate  chassis_stratgy.o
    0x080048ac   0x080048ac   0x00000168   Code   RO          973    i.ChassisStrategy_ModeChoose_RCControl  chassis_stratgy.o
    0x08004a14   0x08004a14   0x00000060   Code   RO          974    i.ChassisStrategy_ModeStartTimeUpdate  chassis_stratgy.o
    0x08004a74   0x08004a74   0x00000030   Code   RO          920    i.ChassisTask       chassis_task.o
    0x08004aa4   0x08004aa4   0x0000001c   Code   RO         1166    i.Chassis_AllDesDataReset  chassis_apifunction.o
    0x08004ac0   0x08004ac0   0x00000354   Code   RO           60    i.Chassis_AllParaInit  globaldeclare_chassis.o
    0x08004e14   0x08004e14   0x00000014   Code   RO         1167    i.Chassis_DisFBClear  chassis_apifunction.o
    0x08004e28   0x08004e28   0x0000000c   Code   RO         1168    i.Chassis_RobotCtrlDataReset  chassis_apifunction.o
    0x08004e34   0x08004e34   0x00000074   Code   RO         1169    i.Chassis_RobotCtrlDefaultConfigDataReset  chassis_apifunction.o
    0x08004ea8   0x08004ea8   0x000000b0   Code   RO         1170    i.Chassis_RobotCtrlForceConfigDataReset  chassis_apifunction.o
    0x08004f58   0x08004f58   0x00000012   Code   RO         4554    i.CheckITStatus     stm32f4xx_can.o
    0x08004f6a   0x08004f6a   0x00000002   PAD
    0x08004f6c   0x08004f6c   0x00000034   Code   RO         4701    i.DMA_ClearITPendingBit  stm32f4xx_dma.o
    0x08004fa0   0x08004fa0   0x00000016   Code   RO         4702    i.DMA_Cmd           stm32f4xx_dma.o
    0x08004fb6   0x08004fb6   0x00000002   PAD
    0x08004fb8   0x08004fb8   0x00000158   Code   RO         4703    i.DMA_DeInit        stm32f4xx_dma.o
    0x08005110   0x08005110   0x00000014   Code   RO         4707    i.DMA_GetCmdStatus  stm32f4xx_dma.o
    0x08005124   0x08005124   0x00000008   Code   RO         4708    i.DMA_GetCurrDataCounter  stm32f4xx_dma.o
    0x0800512c   0x0800512c   0x00000058   Code   RO         4714    i.DMA_Init          stm32f4xx_dma.o
    0x08005184   0x08005184   0x00000004   Code   RO         4717    i.DMA_SetCurrDataCounter  stm32f4xx_dma.o
    0x08005188   0x08005188   0x00000022   Code   RO         4718    i.DMA_StructInit    stm32f4xx_dma.o
    0x080051aa   0x080051aa   0x00000002   Code   RO         4096    i.DebugMon_Handler  stm32f4xx_it.o
    0x080051ac   0x080051ac   0x00000070   Code   RO         2009    i.DebugTask         debugtask.o
    0x0800521c   0x0800521c   0x0000001e   Code   RO         2536    i.Delay_ms_Unexact  delay_config.o
    0x0800523a   0x0800523a   0x00000008   Code   RO         1428    i.GM_Ctrl_AutoAim   gimbal_stratgy.o
    0x08005242   0x08005242   0x00000008   Code   RO         1429    i.GM_Ctrl_BuffBig   gimbal_stratgy.o
    0x0800524a   0x0800524a   0x00000008   Code   RO         1430    i.GM_Ctrl_BuffInterfereBig  gimbal_stratgy.o
    0x08005252   0x08005252   0x00000008   Code   RO         1431    i.GM_Ctrl_BuffInterfereSmall  gimbal_stratgy.o
    0x0800525a   0x0800525a   0x00000008   Code   RO         1432    i.GM_Ctrl_BuffSmall  gimbal_stratgy.o
    0x08005262   0x08005262   0x00000002   PAD
    0x08005264   0x08005264   0x000001cc   Code   RO         1433    i.GM_Ctrl_KeyMouse  gimbal_stratgy.o
    0x08005430   0x08005430   0x00000118   Code   RO         1711    i.GM_MotorProcess   gimbal_apifunction.o
    0x08005548   0x08005548   0x00000254   Code   RO         1434    i.GM_RCCtrl_Debug   gimbal_stratgy.o
    0x0800579c   0x0800579c   0x00000138   Code   RO         1435    i.GM_RCCtrl_Disabled  gimbal_stratgy.o
    0x080058d4   0x080058d4   0x000001c8   Code   RO         1436    i.GM_RCCtrl_Follow  gimbal_stratgy.o
    0x08005a9c   0x08005a9c   0x000001c8   Code   RO         1437    i.GM_RCCtrl_Free    gimbal_stratgy.o
    0x08005c64   0x08005c64   0x00000090   Code   RO         5166    i.GPIO_Init         stm32f4xx_gpio.o
    0x08005cf4   0x08005cf4   0x00000046   Code   RO         5167    i.GPIO_PinAFConfig  stm32f4xx_gpio.o
    0x08005d3a   0x08005d3a   0x00000012   Code   RO         5175    i.GPIO_StructInit   stm32f4xx_gpio.o
    0x08005d4c   0x08005d4c   0x0000000a   Code   RO           61    i.GSTCH_DataGet_F_OffGround1  globaldeclare_chassis.o
    0x08005d56   0x08005d56   0x0000000a   Code   RO           62    i.GSTCH_DataGet_F_OffGround2  globaldeclare_chassis.o
    0x08005d60   0x08005d60   0x00000024   Code   RO         2251    i.Get_CRC8_Check_Sum  usart_communication.o
    0x08005d84   0x08005d84   0x0000002a   Code   RO         2417    i.Get_Speed         can_communication.o
    0x08005dae   0x08005dae   0x00000002   PAD
    0x08005db0   0x08005db0   0x00000020   Code   RO         1392    i.GimbalControl     gimbal_task.o
    0x08005dd0   0x08005dd0   0x00000184   Code   RO         1438    i.GimbalModeChoose  gimbal_stratgy.o
    0x08005f54   0x08005f54   0x0000005c   Code   RO         1439    i.GimbalModeControl  gimbal_stratgy.o
    0x08005fb0   0x08005fb0   0x00000030   Code   RO         1393    i.GimbalTask        gimbal_task.o
    0x08005fe0   0x08005fe0   0x000000bc   Code   RO         1712    i.Gimbal_AllFBDataUpdate  gimbal_apifunction.o
    0x0800609c   0x0800609c   0x000000f4   Code   RO          151    i.Gimbal_Task_Init  globaldeclare_gimbal.o
    0x08006190   0x08006190   0x0000002c   Code   RO         1171    i.HM_DesDataReset   chassis_apifunction.o
    0x080061bc   0x080061bc   0x00000120   Code   RO         1172    i.HM_DesDataUpdate  chassis_apifunction.o
    0x080062dc   0x080062dc   0x00000022   Code   RO          317    i.HM_TorqueComp_StructInit  algorithm.o
    0x080062fe   0x080062fe   0x00000004   Code   RO         4097    i.HardFault_Handler  stm32f4xx_it.o
    0x08006302   0x08006302   0x00000002   PAD
    0x08006304   0x08006304   0x00000020   Code   RO         1173    i.IsEnterManualCalibration  chassis_apifunction.o
    0x08006324   0x08006324   0x00000026   Code   RO          760    i.IsInsideEightGesture  general_auxiliaryfunc.o
    0x0800634a   0x0800634a   0x00000002   PAD
    0x0800634c   0x0800634c   0x00000018   Code   RO          761    i.IsLeftJoyStickBeyondDeadZoneDown  general_auxiliaryfunc.o
    0x08006364   0x08006364   0x00000018   Code   RO          762    i.IsLeftJoyStickBeyondDeadZoneUp  general_auxiliaryfunc.o
    0x0800637c   0x0800637c   0x00000018   Code   RO          763    i.IsLeftJoyStickDown  general_auxiliaryfunc.o
    0x08006394   0x08006394   0x00000018   Code   RO          764    i.IsLeftJoyStickLeft  general_auxiliaryfunc.o
    0x080063ac   0x080063ac   0x00000018   Code   RO          765    i.IsLeftJoyStickRight  general_auxiliaryfunc.o
    0x080063c4   0x080063c4   0x00000014   Code   RO          767    i.IsLeftLevelDown   general_auxiliaryfunc.o
    0x080063d8   0x080063d8   0x00000014   Code   RO          768    i.IsLeftLevelMid    general_auxiliaryfunc.o
    0x080063ec   0x080063ec   0x00000014   Code   RO          769    i.IsLeftLevelUp     general_auxiliaryfunc.o
    0x08006400   0x08006400   0x000000d4   Code   RO          770    i.IsRCConnected     general_auxiliaryfunc.o
    0x080064d4   0x080064d4   0x00000018   Code   RO          771    i.IsRightJoyStickDown  general_auxiliaryfunc.o
    0x080064ec   0x080064ec   0x00000018   Code   RO          772    i.IsRightJoyStickLeft  general_auxiliaryfunc.o
    0x08006504   0x08006504   0x00000018   Code   RO          774    i.IsRightJoyStickUp  general_auxiliaryfunc.o
    0x0800651c   0x0800651c   0x00000014   Code   RO          777    i.IsRightLevelUp    general_auxiliaryfunc.o
    0x08006530   0x08006530   0x00000018   Code   RO          778    i.IsRollerDown      general_auxiliaryfunc.o
    0x08006548   0x08006548   0x00000018   Code   RO          780    i.IsRollerUp        general_auxiliaryfunc.o
    0x08006560   0x08006560   0x00000080   Code   RO         1174    i.JM_DesDataReset   chassis_apifunction.o
    0x080065e0   0x080065e0   0x000000e4   Code   RO         1175    i.JM_DesDataUpdate  chassis_apifunction.o
    0x080066c4   0x080066c4   0x000000a2   Code   RO          318    i.KF_ChassisVel_Predict  algorithm.o
    0x08006766   0x08006766   0x00000002   PAD
    0x08006768   0x08006768   0x0000008c   Code   RO          319    i.KF_ChassisVel_StructInit  algorithm.o
    0x080067f4   0x080067f4   0x000001d0   Code   RO          320    i.KF_ChassisVel_Update  algorithm.o
    0x080069c4   0x080069c4   0x0000007c   Code   RO          321    i.LPF_Cal           algorithm.o
    0x08006a40   0x08006a40   0x00000028   Code   RO          322    i.LPF_GetOutput     algorithm.o
    0x08006a68   0x08006a68   0x00000006   Code   RO          323    i.LPF_SetInput      algorithm.o
    0x08006a6e   0x08006a6e   0x0000000e   Code   RO          324    i.LPF_StructInit    algorithm.o
    0x08006a7c   0x08006a7c   0x00000064   Code   RO          325    i.LQR_Cal           algorithm.o
    0x08006ae0   0x08006ae0   0x00000020   Code   RO          326    i.LQR_Get_uVector   algorithm.o
    0x08006b00   0x08006b00   0x000001d8   Code   RO          327    i.LQR_K_MatrixUpdate  algorithm.o
    0x08006cd8   0x08006cd8   0x0000002a   Code   RO          328    i.LQR_xVector_DataUpdate  algorithm.o
    0x08006d02   0x08006d02   0x0000001a   Code   RO          329    i.LegLinkage_AngleDataUpdate  algorithm.o
    0x08006d1c   0x08006d1c   0x0000000a   Code   RO          330    i.LegLinkage_AngleVelDataUpdate  algorithm.o
    0x08006d26   0x08006d26   0x00000002   PAD
    0x08006d28   0x08006d28   0x00000308   Code   RO          331    i.LegLinkage_ForwardKinematicsCal  algorithm.o
    0x08007030   0x08007030   0x00000006   Code   RO          332    i.LegLinkage_GetL0Length  algorithm.o
    0x08007036   0x08007036   0x00000002   PAD
    0x08007038   0x08007038   0x00000114   Code   RO          333    i.LegLinkage_GetL0dot  algorithm.o
    0x0800714c   0x0800714c   0x00000006   Code   RO          334    i.LegLinkage_GetLegLength  algorithm.o
    0x08007152   0x08007152   0x00000002   PAD
    0x08007154   0x08007154   0x000000b4   Code   RO          335    i.LegLinkage_GetTheta  algorithm.o
    0x08007208   0x08007208   0x00000140   Code   RO          336    i.LegLinkage_GetThetadot  algorithm.o
    0x08007348   0x08007348   0x00000040   Code   RO          337    i.LegLinkage_GetxCdot  algorithm.o
    0x08007388   0x08007388   0x00000068   Code   RO          338    i.LegLinkage_StructInit  algorithm.o
    0x080073f0   0x080073f0   0x0000002a   Code   RO          781    i.Limit             general_auxiliaryfunc.o
    0x0800741a   0x0800741a   0x00000004   Code   RO         4098    i.MemManage_Handler  stm32f4xx_it.o
    0x0800741e   0x0800741e   0x00000002   PAD
    0x08007420   0x08007420   0x00000194   Code   RO         2252    i.MonitorDataDeal   usart_communication.o
    0x080075b4   0x080075b4   0x0000000a   Code   RO          684    i.MyAbsf            algorithm_simple.o
    0x080075be   0x080075be   0x00000018   Code   RO          685    i.MyAtan            algorithm_simple.o
    0x080075d6   0x080075d6   0x00000002   PAD
    0x080075d8   0x080075d8   0x00000034   Code   RO          686    i.MyCos             algorithm_simple.o
    0x0800760c   0x0800760c   0x00000030   Code   RO          688    i.MySign            algorithm_simple.o
    0x0800763c   0x0800763c   0x00000034   Code   RO          689    i.MySin             algorithm_simple.o
    0x08007670   0x08007670   0x0000000a   Code   RO          690    i.MySqr             algorithm_simple.o
    0x0800767a   0x0800767a   0x00000002   PAD
    0x0800767c   0x0800767c   0x00000034   Code   RO          691    i.MySqrt            algorithm_simple.o
    0x080076b0   0x080076b0   0x00000120   Code   RO         2506    i.My_CAN1_Init      can_config.o
    0x080077d0   0x080077d0   0x00000128   Code   RO         2507    i.My_CAN2_Init      can_config.o
    0x080078f8   0x080078f8   0x00000044   Code   RO         2653    i.My_TIM5_Init      tim_config.o
    0x0800793c   0x0800793c   0x00000188   Code   RO         2593    i.My_UART4_Init     usart_config.o
    0x08007ac4   0x08007ac4   0x0000014c   Code   RO         2595    i.My_USART1_Init    usart_config.o
    0x08007c10   0x08007c10   0x000001c4   Code   RO         2596    i.My_USART2_Init    usart_config.o
    0x08007dd4   0x08007dd4   0x000001c0   Code   RO         2597    i.My_USART3_Init    usart_config.o
    0x08007f94   0x08007f94   0x00000184   Code   RO         2598    i.My_USART6_Init    usart_config.o
    0x08008118   0x08008118   0x00000042   Code   RO         2566    i.My_WWDG_Init      wwdg_config.o
    0x0800815a   0x0800815a   0x00000002   Code   RO         4099    i.NMI_Handler       stm32f4xx_it.o
    0x0800815c   0x0800815c   0x00000078   Code   RO         4152    i.NVIC_Init         misc.o
    0x080081d4   0x080081d4   0x00000014   Code   RO         4153    i.NVIC_PriorityGroupConfig  misc.o
    0x080081e8   0x080081e8   0x00000006   Code   RO          339    i.OffGround_BodyZAccUpdate  algorithm.o
    0x080081ee   0x080081ee   0x0000006a   Code   RO          340    i.OffGround_GetLegToWheelForce  algorithm.o
    0x08008258   0x08008258   0x000001da   Code   RO          341    i.OffGround_GetRealFAndTp  algorithm.o
    0x08008432   0x08008432   0x00000002   PAD
    0x08008434   0x08008434   0x000000f0   Code   RO          342    i.OffGround_GetSupportForce  algorithm.o
    0x08008524   0x08008524   0x000000f0   Code   RO          343    i.OffGround_LegLinkRelateDataUpdate  algorithm.o
    0x08008614   0x08008614   0x00000006   Code   RO          344    i.OffGround_PitchAngleUpdate  algorithm.o
    0x0800861a   0x0800861a   0x00000006   Code   RO          345    i.OffGround_PitchAngleVelUpdate  algorithm.o
    0x08008620   0x08008620   0x00000012   Code   RO          346    i.OffGround_StructInit  algorithm.o
    0x08008632   0x08008632   0x0000000a   Code   RO          347    i.OffGround_TorqueDataUpdate  algorithm.o
    0x0800863c   0x0800863c   0x00000154   Code   RO          348    i.PID_Cal           algorithm.o
    0x08008790   0x08008790   0x00000006   Code   RO          349    i.PID_GetOutput     algorithm.o
    0x08008796   0x08008796   0x00000002   PAD
    0x08008798   0x08008798   0x00000048   Code   RO          350    i.PID_Reset         algorithm.o
    0x080087e0   0x080087e0   0x00000006   Code   RO          351    i.PID_SetDes        algorithm.o
    0x080087e6   0x080087e6   0x00000006   Code   RO          352    i.PID_SetFB         algorithm.o
    0x080087ec   0x080087ec   0x0000000e   Code   RO          353    i.PID_SetKpKiKd     algorithm.o
    0x080087fa   0x080087fa   0x00000002   PAD
    0x080087fc   0x080087fc   0x00000070   Code   RO          354    i.PID_StructInit    algorithm.o
    0x0800886c   0x0800886c   0x00000020   Code   RO         5270    i.RCC_AHB1PeriphClockCmd  stm32f4xx_rcc.o
    0x0800888c   0x0800888c   0x00000020   Code   RO         5279    i.RCC_APB1PeriphClockCmd  stm32f4xx_rcc.o
    0x080088ac   0x080088ac   0x00000020   Code   RO         5281    i.RCC_APB1PeriphResetCmd  stm32f4xx_rcc.o
    0x080088cc   0x080088cc   0x00000020   Code   RO         5282    i.RCC_APB2PeriphClockCmd  stm32f4xx_rcc.o
    0x080088ec   0x080088ec   0x00000020   Code   RO         5284    i.RCC_APB2PeriphResetCmd  stm32f4xx_rcc.o
    0x0800890c   0x0800890c   0x000000e8   Code   RO         5291    i.RCC_GetClocksFreq  stm32f4xx_rcc.o
    0x080089f4   0x080089f4   0x0000017c   Code   RO         2253    i.Rc_RsysProtocol   usart_communication.o
    0x08008b70   0x08008b70   0x00000020   Code   RO         2056    i.ReceiverTask      receivertask.o
    0x08008b90   0x08008b90   0x00000018   Code   RO         2654    i.RunTimeGet        tim_config.o
    0x08008ba8   0x08008ba8   0x00000010   Code   RO         2655    i.RunTimeReset      tim_config.o
    0x08008bb8   0x08008bb8   0x00000024   Code   RO         2083    i.SendDataTask      senddatatask.o
    0x08008bdc   0x08008bdc   0x000000ec   Code   RO         4054    i.SetSysClock       system_stm32f4xx.o
    0x08008cc8   0x08008cc8   0x0000002c   Code   RO         1757    i.ShooterTask       shooter_task.o
    0x08008cf4   0x08008cf4   0x00000088   Code   RO          285    i.Shooter_Task_Init  globaldeclare_shooter.o
    0x08008d7c   0x08008d7c   0x0000004c   Code   RO          783    i.StepChangeValue   general_auxiliaryfunc.o
    0x08008dc8   0x08008dc8   0x00000034   Code   RO         3968    i.SysTick_Handler   port.o
    0x08008dfc   0x08008dfc   0x00000068   Code   RO         4056    i.SystemInit        system_stm32f4xx.o
    0x08008e64   0x08008e64   0x0000003c   Code   RO          357    i.TD_Cal            algorithm.o
    0x08008ea0   0x08008ea0   0x00000006   Code   RO          359    i.TD_GetOutput      algorithm.o
    0x08008ea6   0x08008ea6   0x00000002   PAD
    0x08008ea8   0x08008ea8   0x00000018   Code   RO          360    i.TD_Reset          algorithm.o
    0x08008ec0   0x08008ec0   0x00000006   Code   RO          361    i.TD_SetInput       algorithm.o
    0x08008ec6   0x08008ec6   0x00000006   Code   RO          362    i.TD_Setr           algorithm.o
    0x08008ecc   0x08008ecc   0x0000000e   Code   RO          363    i.TD_StructInit     algorithm.o
    0x08008eda   0x08008eda   0x00000018   Code   RO         5858    i.TIM_Cmd           stm32f4xx_tim.o
    0x08008ef2   0x08008ef2   0x00000006   Code   RO         5877    i.TIM_GetCounter    stm32f4xx_tim.o
    0x08008ef8   0x08008ef8   0x00000004   Code   RO         5924    i.TIM_SetCounter    stm32f4xx_tim.o
    0x08008efc   0x08008efc   0x00000084   Code   RO         5930    i.TIM_TimeBaseInit  stm32f4xx_tim.o
    0x08008f80   0x08008f80   0x00000012   Code   RO         5931    i.TIM_TimeBaseStructInit  stm32f4xx_tim.o
    0x08008f92   0x08008f92   0x00000002   PAD
    0x08008f94   0x08008f94   0x000000e0   Code   RO          364    i.Test_TargetAutoAlter  algorithm.o
    0x08009074   0x08009074   0x000000e8   Code   RO         2254    i.UA1Rx_ReceiverDataProcess  usart_communication.o
    0x0800915c   0x0800915c   0x0000001c   Code   RO         2255    i.UA2Rx_IMU1DataProcess  usart_communication.o
    0x08009178   0x08009178   0x00000068   Code   RO         2256    i.UA2Tx_SendDataToIMU1  usart_communication.o
    0x080091e0   0x080091e0   0x0000001c   Code   RO         2257    i.UA4Rx_IMU2DataProcess  usart_communication.o
    0x080091fc   0x080091fc   0x00000134   Code   RO         2258    i.UA4Tx_SendDataToIMU2  usart_communication.o
    0x08009330   0x08009330   0x00000014   Code   RO         2259    i.UA5Rx_RefereeDataProcess  usart_communication.o
    0x08009344   0x08009344   0x00000060   Code   RO         2135    i.UART4_IRQHandler  irqhandler_config.o
    0x080093a4   0x080093a4   0x00000034   Code   RO         2136    i.UART5_IRQHandler  irqhandler_config.o
    0x080093d8   0x080093d8   0x00000064   Code   RO         2137    i.USART1_IRQHandler  irqhandler_config.o
    0x0800943c   0x0800943c   0x00000060   Code   RO         2138    i.USART2_IRQHandler  irqhandler_config.o
    0x0800949c   0x0800949c   0x0000004c   Code   RO         2261    i.USART3_DMA_printf  usart_communication.o
    0x080094e8   0x080094e8   0x00000054   Code   RO         2139    i.USART3_IRQHandler  irqhandler_config.o
    0x0800953c   0x0800953c   0x00000012   Code   RO         6411    i.USART_ClearFlag   stm32f4xx_usart.o
    0x0800954e   0x0800954e   0x00000018   Code   RO         6415    i.USART_Cmd         stm32f4xx_usart.o
    0x08009566   0x08009566   0x00000012   Code   RO         6416    i.USART_DMACmd      stm32f4xx_usart.o
    0x08009578   0x08009578   0x000000f0   Code   RO         6417    i.USART_DeInit      stm32f4xx_usart.o
    0x08009668   0x08009668   0x00000054   Code   RO         6419    i.USART_GetITStatus  stm32f4xx_usart.o
    0x080096bc   0x080096bc   0x0000004a   Code   RO         6421    i.USART_ITConfig    stm32f4xx_usart.o
    0x08009706   0x08009706   0x00000002   PAD
    0x08009708   0x08009708   0x000000d4   Code   RO         6422    i.USART_Init        stm32f4xx_usart.o
    0x080097dc   0x080097dc   0x000000b6   Code   RO         2263    i.USART_Receive     usart_communication.o
    0x08009892   0x08009892   0x00000018   Code   RO         6438    i.USART_StructInit  stm32f4xx_usart.o
    0x080098aa   0x080098aa   0x00000004   Code   RO         4100    i.UsageFault_Handler  stm32f4xx_it.o
    0x080098ae   0x080098ae   0x00000002   PAD
    0x080098b0   0x080098b0   0x000001cc   Code   RO          365    i.VMC_Cal           algorithm.o
    0x08009a7c   0x08009a7c   0x000000b4   Code   RO          366    i.VMC_FFForceUpdate  algorithm.o
    0x08009b30   0x08009b30   0x0000001a   Code   RO          367    i.VMC_FMatrixUpdate  algorithm.o
    0x08009b4a   0x08009b4a   0x0000002e   Code   RO         2264    i.Verify_CRC8_Check_Sum  usart_communication.o
    0x08009b78   0x08009b78   0x0000002c   Code   RO         1440    i.Vision_Process    gimbal_stratgy.o
    0x08009ba4   0x08009ba4   0x00000084   Code   RO         1713    i.Vision_StateMode_Update  gimbal_apifunction.o
    0x08009c28   0x08009c28   0x000000a8   Code   RO         1714    i.Vision_Switch_Process  gimbal_apifunction.o
    0x08009cd0   0x08009cd0   0x00000188   Code   RO         2010    i.VofaPrint         debugtask.o
    0x08009e58   0x08009e58   0x0000000c   Code   RO         6606    i.WWDG_ClearFlag    stm32f4xx_wwdg.o
    0x08009e64   0x08009e64   0x00000010   Code   RO         6608    i.WWDG_Enable       stm32f4xx_wwdg.o
    0x08009e74   0x08009e74   0x0000000c   Code   RO         6609    i.WWDG_EnableIT     stm32f4xx_wwdg.o
    0x08009e80   0x08009e80   0x00000014   Code   RO         2140    i.WWDG_IRQHandler   irqhandler_config.o
    0x08009e94   0x08009e94   0x00000010   Code   RO         6611    i.WWDG_SetCounter   stm32f4xx_wwdg.o
    0x08009ea4   0x08009ea4   0x00000018   Code   RO         6612    i.WWDG_SetPrescaler  stm32f4xx_wwdg.o
    0x08009ebc   0x08009ebc   0x00000028   Code   RO         6613    i.WWDG_SetWindowValue  stm32f4xx_wwdg.o
    0x08009ee4   0x08009ee4   0x00000070   Code   RO         2468    i._BSPInit_CANSendZeroCurrent  rm_bsp.o
    0x08009f54   0x08009f54   0x0000002c   Code   RO         1176    i._CH_Flag_Reset    chassis_apifunction.o
    0x08009f80   0x08009f80   0x00000094   Code   RO         1177    i._CH_GSTCH_Data_Reset  chassis_apifunction.o
    0x0800a014   0x0800a014   0x00000006   Code   RO           63    i._CH_HMDataStructInit  globaldeclare_chassis.o
    0x0800a01a   0x0800a01a   0x0000000c   Code   RO           64    i._CH_JMDataStructInit  globaldeclare_chassis.o
    0x0800a026   0x0800a026   0x00000002   PAD
    0x0800a028   0x0800a028   0x00000198   Code   RO          975    i._CH_LegLenManualUpdate  chassis_stratgy.o
    0x0800a1c0   0x0800a1c0   0x0000001c   Code   RO         1178    i._CH_Move_DirectionChoose  chassis_apifunction.o
    0x0800a1dc   0x0800a1dc   0x0000003c   Code   RO         1179    i._CH_Move_DisHandler  chassis_apifunction.o
    0x0800a218   0x0800a218   0x00000254   Code   RO         1180    i._CH_Move_GetDesVel  chassis_apifunction.o
    0x0800a46c   0x0800a46c   0x0000007c   Code   RO         1181    i._CH_Move_GetTurnVel  chassis_apifunction.o
    0x0800a4e8   0x0800a4e8   0x00000058   Code   RO         1182    i._CH_PIDCal_DataReset  chassis_apifunction.o
    0x0800a540   0x0800a540   0x00000044   Code   RO         1183    i._CH_TDCal_DataReset  chassis_apifunction.o
    0x0800a584   0x0800a584   0x0000002c   Code   RO         2265    i._CRC16_Append     usart_communication.o
    0x0800a5b0   0x0800a5b0   0x00000034   Code   RO         2266    i._CRC16_GetCheckSum  usart_communication.o
    0x0800a5e4   0x0800a5e4   0x0000003c   Code   RO         2267    i._CRC16_Verify     usart_communication.o
    0x0800a620   0x0800a620   0x00000028   Code   RO         1184    i._Ch_FBData_LPF    chassis_apifunction.o
    0x0800a648   0x0800a648   0x00000034   Code   RO         1185    i._Ch_OffGroundStateFlagGet  chassis_apifunction.o
    0x0800a67c   0x0800a67c   0x00000054   Code   RO         1186    i._HM_DesData_TorqueToCurrent  chassis_apifunction.o
    0x0800a6d0   0x0800a6d0   0x0000008c   Code   RO         1187    i._HM_FBData_Parse  chassis_apifunction.o
    0x0800a75c   0x0800a75c   0x000000c8   Code   RO         1188    i._HM_StruggleStateDetect  chassis_apifunction.o
    0x0800a824   0x0800a824   0x00000026   Code   RO          976    i._IsTrans_AutoSafe_To_Standby  chassis_stratgy.o
    0x0800a84a   0x0800a84a   0x00000002   PAD
    0x0800a84c   0x0800a84c   0x00000020   Code   RO          977    i._IsTrans_Cmd_Jump  chassis_stratgy.o
    0x0800a86c   0x0800a86c   0x00000020   Code   RO          978    i._IsTrans_Cmd_SitDown  chassis_stratgy.o
    0x0800a88c   0x0800a88c   0x00000020   Code   RO          979    i._IsTrans_Cmd_StandUp  chassis_stratgy.o
    0x0800a8ac   0x0800a8ac   0x00000008   Code   RO          980    i._IsTrans_Follow_To_Free  chassis_stratgy.o
    0x0800a8b4   0x0800a8b4   0x00000008   Code   RO          981    i._IsTrans_Free_To_Follow  chassis_stratgy.o
    0x0800a8bc   0x0800a8bc   0x00000010   Code   RO          982    i._IsTrans_ManualSafe_To_Standby  chassis_stratgy.o
    0x0800a8cc   0x0800a8cc   0x00000088   Code   RO          983    i._IsTrans_Normal_To_AutoSafe  chassis_stratgy.o
    0x0800a954   0x0800a954   0x00000016   Code   RO          984    i._IsTrans_Normal_To_ManualSafe  chassis_stratgy.o
    0x0800a96a   0x0800a96a   0x00000002   PAD
    0x0800a96c   0x0800a96c   0x00000038   Code   RO          985    i._IsTrans_SitDown_To_Standby  chassis_stratgy.o
    0x0800a9a4   0x0800a9a4   0x00000048   Code   RO          986    i._IsTrans_StandUp_To_Free  chassis_stratgy.o
    0x0800a9ec   0x0800a9ec   0x0000001a   Code   RO          987    i._IsTrans_To_Landed  chassis_stratgy.o
    0x0800aa06   0x0800aa06   0x0000001a   Code   RO          988    i._IsTrans_To_OffGround  chassis_stratgy.o
    0x0800aa20   0x0800aa20   0x0000001c   Code   RO         1441    i._Is_Any_to_Disabled  gimbal_stratgy.o
    0x0800aa3c   0x0800aa3c   0x00000004   Code   RO         1442    i._Is_AutoAim_to_KeyMouse  gimbal_stratgy.o
    0x0800aa40   0x0800aa40   0x00000004   Code   RO         1443    i._Is_AutoAim_to_RCFollow  gimbal_stratgy.o
    0x0800aa44   0x0800aa44   0x00000004   Code   RO         1444    i._Is_AutoAim_to_RCFree  gimbal_stratgy.o
    0x0800aa48   0x0800aa48   0x00000004   Code   RO         1445    i._Is_Buff_Big_to_KeyMouse  gimbal_stratgy.o
    0x0800aa4c   0x0800aa4c   0x00000004   Code   RO         1446    i._Is_Buff_Big_to_RCFollow  gimbal_stratgy.o
    0x0800aa50   0x0800aa50   0x00000004   Code   RO         1447    i._Is_Buff_Big_to_RCFree  gimbal_stratgy.o
    0x0800aa54   0x0800aa54   0x00000004   Code   RO         1448    i._Is_Buff_Interfere_Big_to_KeyMouse  gimbal_stratgy.o
    0x0800aa58   0x0800aa58   0x00000004   Code   RO         1449    i._Is_Buff_Interfere_Big_to_RCFollow  gimbal_stratgy.o
    0x0800aa5c   0x0800aa5c   0x00000004   Code   RO         1450    i._Is_Buff_Interfere_Big_to_RCFree  gimbal_stratgy.o
    0x0800aa60   0x0800aa60   0x00000004   Code   RO         1451    i._Is_Buff_Interfere_Small_to_KeyMouse  gimbal_stratgy.o
    0x0800aa64   0x0800aa64   0x00000004   Code   RO         1452    i._Is_Buff_Interfere_Small_to_RCFollow  gimbal_stratgy.o
    0x0800aa68   0x0800aa68   0x00000004   Code   RO         1453    i._Is_Buff_Interfere_Small_to_RCFree  gimbal_stratgy.o
    0x0800aa6c   0x0800aa6c   0x00000004   Code   RO         1454    i._Is_Buff_Small_to_KeyMouse  gimbal_stratgy.o
    0x0800aa70   0x0800aa70   0x00000004   Code   RO         1455    i._Is_Buff_Small_to_RCFollow  gimbal_stratgy.o
    0x0800aa74   0x0800aa74   0x00000004   Code   RO         1456    i._Is_Buff_Small_to_RCFree  gimbal_stratgy.o
    0x0800aa78   0x0800aa78   0x00000004   Code   RO         1457    i._Is_Disabled_to_KeyMouse  gimbal_stratgy.o
    0x0800aa7c   0x0800aa7c   0x00000014   Code   RO         1458    i._Is_Disabled_to_RCFollow  gimbal_stratgy.o
    0x0800aa90   0x0800aa90   0x0000003c   Code   RO         1459    i._Is_Disabled_to_RCFree  gimbal_stratgy.o
    0x0800aacc   0x0800aacc   0x00000014   Code   RO         1460    i._Is_Gimbal_Debug  gimbal_stratgy.o
    0x0800aae0   0x0800aae0   0x00000004   Code   RO         1461    i._Is_KeyMouse_to_AutoAim  gimbal_stratgy.o
    0x0800aae4   0x0800aae4   0x00000004   Code   RO         1462    i._Is_KeyMouse_to_Buff_Big  gimbal_stratgy.o
    0x0800aae8   0x0800aae8   0x00000004   Code   RO         1463    i._Is_KeyMouse_to_Buff_Interfere_Big  gimbal_stratgy.o
    0x0800aaec   0x0800aaec   0x00000004   Code   RO         1464    i._Is_KeyMouse_to_Buff_Interfere_Small  gimbal_stratgy.o
    0x0800aaf0   0x0800aaf0   0x00000004   Code   RO         1465    i._Is_KeyMouse_to_Buff_Small  gimbal_stratgy.o
    0x0800aaf4   0x0800aaf4   0x00000004   Code   RO         1466    i._Is_KeyMouse_to_RCFollow  gimbal_stratgy.o
    0x0800aaf8   0x0800aaf8   0x00000004   Code   RO         1467    i._Is_KeyMouse_to_RCFree  gimbal_stratgy.o
    0x0800aafc   0x0800aafc   0x00000014   Code   RO         1468    i._Is_RCFollow_to_Free  gimbal_stratgy.o
    0x0800ab10   0x0800ab10   0x00000004   Code   RO         1469    i._Is_RCFollow_to_KeyMouse  gimbal_stratgy.o
    0x0800ab14   0x0800ab14   0x00000014   Code   RO         1470    i._Is_RCFree_to_Follow  gimbal_stratgy.o
    0x0800ab28   0x0800ab28   0x00000014   Code   RO         1471    i._Is_RCFree_to_KeyMouse  gimbal_stratgy.o
    0x0800ab3c   0x0800ab3c   0x00000112   Code   RO          369    i._TD_fst           algorithm.o
    0x0800ac4e   0x0800ac4e   0x00000030   Code   RO         7108    i.__ARM_fpclassify  m_wm.l(fpclassify.o)
    0x0800ac7e   0x0800ac7e   0x00000026   Code   RO         7003    i.__ARM_fpclassifyf  m_wm.l(fpclassifyf.o)
    0x0800aca4   0x0800aca4   0x0000000e   Code   RO          370    i.__ARM_isnanf      algorithm.o
    0x0800acb2   0x0800acb2   0x00000002   PAD
    0x0800acb4   0x0800acb4   0x00000020   Code   RO         2141    i.__IsUART4SingleRecOK  irqhandler_config.o
    0x0800acd4   0x0800acd4   0x00000020   Code   RO         2143    i.__IsUSART1SingleRecOK  irqhandler_config.o
    0x0800acf4   0x0800acf4   0x00000020   Code   RO         2144    i.__IsUSART2SingleRecOK  irqhandler_config.o
    0x0800ad14   0x0800ad14   0x0000002c   Code   RO         2268    i.__UA2Rx_IsVerifySuccess  usart_communication.o
    0x0800ad40   0x0800ad40   0x00000028   Code   RO         2269    i.__UA4Rx_IsVerifySuccess  usart_communication.o
    0x0800ad68   0x0800ad68   0x00000160   Code   RO         6886    i.__hardfp_atanf    m_wm.l(atanf.o)
    0x0800aec8   0x0800aec8   0x00000014   Code   RO         6898    i.__hardfp_fabs     m_wm.l(fabs.o)
    0x0800aedc   0x0800aedc   0x00000006   Code   RO         7006    i.__mathlib_flt_infnan  m_wm.l(funder.o)
    0x0800aee2   0x0800aee2   0x00000002   PAD
    0x0800aee4   0x0800aee4   0x00000010   Code   RO         7011    i.__mathlib_flt_underflow  m_wm.l(funder.o)
    0x0800aef4   0x0800aef4   0x0000000e   Code   RO         6849    i._is_digit         c_w.l(__printf_wp.o)
    0x0800af02   0x0800af02   0x00000002   PAD
    0x0800af04   0x0800af04   0x0000018c   Code   RO         2104    i.main              main.o
    0x0800b090   0x0800b090   0x000000b8   Code   RO         3252    i.prvAddCurrentTaskToDelayedList  tasks.o
    0x0800b148   0x0800b148   0x000000f8   Code   RO         3253    i.prvAddNewTaskToReadyList  tasks.o
    0x0800b240   0x0800b240   0x00000064   Code   RO         3705    i.prvCheckForValidListAndQueue  timers.o
    0x0800b2a4   0x0800b2a4   0x00000048   Code   RO         3254    i.prvCheckTasksWaitingTermination  tasks.o
    0x0800b2ec   0x0800b2ec   0x0000002a   Code   RO         2851    i.prvCopyDataFromQueue  queue.o
    0x0800b316   0x0800b316   0x00000002   PAD
    0x0800b318   0x0800b318   0x00000068   Code   RO         3255    i.prvCreateIdleTasks  tasks.o
    0x0800b380   0x0800b380   0x0000005a   Code   RO         3256    i.prvCreateTask     tasks.o
    0x0800b3da   0x0800b3da   0x00000012   Code   RO         3257    i.prvDeleteTCB      tasks.o
    0x0800b3ec   0x0800b3ec   0x00000028   Code   RO         3706    i.prvGetNextExpireTime  timers.o
    0x0800b414   0x0800b414   0x0000006c   Code   RO         3900    i.prvHeapInit       heap_4.o
    0x0800b480   0x0800b480   0x00000028   Code   RO         3258    i.prvIdleTask       tasks.o
    0x0800b4a8   0x0800b4a8   0x0000002a   Code   RO         2855    i.prvInitialiseNewQueue  queue.o
    0x0800b4d2   0x0800b4d2   0x000000cc   Code   RO         3259    i.prvInitialiseNewTask  tasks.o
    0x0800b59e   0x0800b59e   0x00000002   PAD
    0x0800b5a0   0x0800b5a0   0x00000068   Code   RO         3260    i.prvInitialiseTaskLists  tasks.o
    0x0800b608   0x0800b608   0x000000a0   Code   RO         3901    i.prvInsertBlockIntoFreeList  heap_4.o
    0x0800b6a8   0x0800b6a8   0x00000058   Code   RO         3708    i.prvInsertTimerInActiveList  timers.o
    0x0800b700   0x0800b700   0x0000001a   Code   RO         2856    i.prvIsQueueEmpty   queue.o
    0x0800b71a   0x0800b71a   0x00000002   PAD
    0x0800b71c   0x0800b71c   0x00000044   Code   RO         3709    i.prvProcessExpiredTimer  timers.o
    0x0800b760   0x0800b760   0x00000154   Code   RO         3710    i.prvProcessReceivedCommands  timers.o
    0x0800b8b4   0x0800b8b4   0x00000074   Code   RO         3711    i.prvProcessTimerOrBlockTask  timers.o
    0x0800b928   0x0800b928   0x00000028   Code   RO         3712    i.prvReloadTimer    timers.o
    0x0800b950   0x0800b950   0x00000030   Code   RO         3262    i.prvResetNextTaskUnblockTime  tasks.o
    0x0800b980   0x0800b980   0x0000002c   Code   RO         3713    i.prvSampleTimeNow  timers.o
    0x0800b9ac   0x0800b9ac   0x00000044   Code   RO         3714    i.prvSwitchTimerLists  timers.o
    0x0800b9f0   0x0800b9f0   0x00000014   Code   RO         3265    i.prvTaskCheckFreeStackSpace  tasks.o
    0x0800ba04   0x0800ba04   0x00000040   Code   RO         3969    i.prvTaskExitError  port.o
    0x0800ba44   0x0800ba44   0x0000001a   Code   RO         3715    i.prvTimerTask      timers.o
    0x0800ba5e   0x0800ba5e   0x0000007e   Code   RO         2858    i.prvUnlockQueue    queue.o
    0x0800badc   0x0800badc   0x000001f8   Code   RO         3903    i.pvPortMalloc      heap_4.o
    0x0800bcd4   0x0800bcd4   0x0000002c   Code   RO         3970    i.pxPortInitialiseStack  port.o
    0x0800bd00   0x0800bd00   0x00000028   Code   RO         2811    i.uxListRemove      list.o
    0x0800bd28   0x0800bd28   0x00000028   Code   RO         3274    i.uxTaskGetStackHighWaterMark  tasks.o
    0x0800bd50   0x0800bd50   0x0000001a   Code   RO         2812    i.vListInitialise   list.o
    0x0800bd6a   0x0800bd6a   0x00000006   Code   RO         2813    i.vListInitialiseItem  list.o
    0x0800bd70   0x0800bd70   0x00000034   Code   RO         2814    i.vListInsert       list.o
    0x0800bda4   0x0800bda4   0x00000054   Code   RO         3972    i.vPortEnterCritical  port.o
    0x0800bdf8   0x0800bdf8   0x0000003c   Code   RO         3973    i.vPortExitCritical  port.o
    0x0800be34   0x0800be34   0x000000dc   Code   RO         3904    i.vPortFree         heap_4.o
    0x0800bf10   0x0800bf10   0x00000018   Code   RO         3974    i.vPortSetupTimerInterrupt  port.o
    0x0800bf28   0x0800bf28   0x00000060   Code   RO         2866    i.vQueueAddToRegistry  queue.o
    0x0800bf88   0x0800bf88   0x0000004a   Code   RO         2870    i.vQueueWaitForMessageRestricted  queue.o
    0x0800bfd2   0x0800bfd2   0x00000002   PAD
    0x0800bfd4   0x0800bfd4   0x0000005c   Code   RO         3280    i.vTaskDelay        tasks.o
    0x0800c030   0x0800c030   0x00000018   Code   RO         3285    i.vTaskInternalSetTimeOutState  tasks.o
    0x0800c048   0x0800c048   0x0000000c   Code   RO         3287    i.vTaskMissedYield  tasks.o
    0x0800c054   0x0800c054   0x00000038   Code   RO         3288    i.vTaskPlaceOnEventList  tasks.o
    0x0800c08c   0x0800c08c   0x00000068   Code   RO         3289    i.vTaskPlaceOnEventListRestricted  tasks.o
    0x0800c0f4   0x0800c0f4   0x0000007c   Code   RO         3298    i.vTaskStartScheduler  tasks.o
    0x0800c170   0x0800c170   0x00000010   Code   RO         3300    i.vTaskSuspendAll   tasks.o
    0x0800c180   0x0800c180   0x00000098   Code   RO         3301    i.vTaskSwitchContext  tasks.o
    0x0800c218   0x0800c218   0x00000168   Code   RO         3976    i.xPortStartScheduler  port.o
    0x0800c380   0x0800c380   0x00000066   Code   RO         2873    i.xQueueGenericCreate  queue.o
    0x0800c3e6   0x0800c3e6   0x00000002   PAD
    0x0800c3e8   0x0800c3e8   0x000000dc   Code   RO         2874    i.xQueueGenericReset  queue.o
    0x0800c4c4   0x0800c4c4   0x00000168   Code   RO         2883    i.xQueueReceive     queue.o
    0x0800c62c   0x0800c62c   0x000000ac   Code   RO         3304    i.xTaskCheckForTimeOut  tasks.o
    0x0800c6d8   0x0800c6d8   0x00000038   Code   RO         3305    i.xTaskCreate       tasks.o
    0x0800c710   0x0800c710   0x000000d8   Code   RO         3306    i.xTaskDelayUntil   tasks.o
    0x0800c7e8   0x0800c7e8   0x00000020   Code   RO         3316    i.xTaskGetSchedulerState  tasks.o
    0x0800c808   0x0800c808   0x0000000c   Code   RO         3317    i.xTaskGetTickCount  tasks.o
    0x0800c814   0x0800c814   0x000001cc   Code   RO         3319    i.xTaskIncrementTick  tasks.o
    0x0800c9e0   0x0800c9e0   0x00000134   Code   RO         3322    i.xTaskRemoveFromEventList  tasks.o
    0x0800cb14   0x0800cb14   0x000001a4   Code   RO         3323    i.xTaskResumeAll    tasks.o
    0x0800ccb8   0x0800ccb8   0x00000058   Code   RO         3724    i.xTimerCreateTimerTask  timers.o
    0x0800cd10   0x0800cd10   0x0000002c   Code   RO         7090    locale$$code        c_w.l(lc_numeric_c.o)
    0x0800cd3c   0x0800cd3c   0x0000002c   Code   RO         7118    locale$$code        c_w.l(lc_ctype_c.o)
    0x0800cd68   0x0800cd68   0x000002c4   Code   RO         6882    x$fpl$d2f           g_wm.l(d2f_clz.o)
    0x0800d02c   0x0800d02c   0x0000001a   Code   RO         6976    x$fpl$dfltn         g_wm.l(dflt_clz.o)
    0x0800d046   0x0800d046   0x00000102   Code   RO         6980    x$fpl$dnaninf       g_wm.l(dnaninf.o)
    0x0800d148   0x0800d148   0x00000070   Code   RO         7104    x$fpl$drenorm       g_wm.l(drenorm_clz.o)
    0x0800d1b8   0x0800d1b8   0x0000000c   Code   RO         6982    x$fpl$dretinf       g_wm.l(dretinf.o)
    0x0800d1c4   0x0800d1c4   0x0000017a   Code   RO         7049    x$fpl$dunder        g_wm.l(dunder_clz.o)
    0x0800d33e   0x0800d33e   0x00000002   PAD
    0x0800d340   0x0800d340   0x000001ec   Code   RO         6984    x$fpl$exception     g_wm.l(except.o)
    0x0800d52c   0x0800d52c   0x0000007a   Code   RO         6884    x$fpl$f2d           g_wm.l(f2d.o)
    0x0800d5a6   0x0800d5a6   0x000000f2   Code   RO         6986    x$fpl$fnaninf       g_wm.l(fnaninf.o)
    0x0800d698   0x0800d698   0x0000000a   Code   RO         7186    x$fpl$fpinit        g_wm.l(fpinit.o)
    0x0800d6a2   0x0800d6a2   0x0000000a   Code   RO         6988    x$fpl$fretinf       g_wm.l(fretinf.o)
    0x0800d6ac   0x0800d6ac   0x0000013c   Code   RO         6990    x$fpl$funder        g_wm.l(funder_clz.o)
    0x0800d7e8   0x0800d7e8   0x00000020   Code   RO         7106    x$fpl$ieeestatus    g_wm.l(istatus.o)
    0x0800d808   0x0800d808   0x00000004   Code   RO         6992    x$fpl$printf1       g_wm.l(printf1.o)
    0x0800d80c   0x0800d80c   0x00000004   Code   RO         6994    x$fpl$printf2       g_wm.l(printf2.o)
    0x0800d810   0x0800d810   0x000000b2   Code   RO         7051    x$fpl$retnan        g_wm.l(retnan.o)
    0x0800d8c2   0x0800d8c2   0x0000007e   Code   RO         7000    x$fpl$trapveneer    g_wm.l(trapv.o)
    0x0800d940   0x0800d940   0x00000000   Code   RO         7002    x$fpl$usenofp       g_wm.l(usenofp.o)
    0x0800d940   0x0800d940   0x00000044   Data   RO           66    .constdata          globaldeclare_chassis.o
    0x0800d984   0x0800d984   0x00000008   Data   RO          153    .constdata          globaldeclare_gimbal.o
    0x0800d98c   0x0800d98c   0x00000008   Data   RO          287    .constdata          globaldeclare_shooter.o
    0x0800d994   0x0800d994   0x0000030f   Data   RO         2271    .constdata          usart_communication.o
    0x0800dca3   0x0800dca3   0x00000002   Data   RO         2567    .constdata          wwdg_config.o
    0x0800dca5   0x0800dca5   0x00000003   PAD
    0x0800dca8   0x0800dca8   0x00000804   Data   RO         6802    .constdata          arm_cortexM4lf_math.lib(arm_common_tables.o)
    0x0800e4ac   0x0800e4ac   0x00000011   Data   RO         6857    .constdata          c_w.l(__printf_flags_ss_wp.o)
    0x0800e4bd   0x0800e4bd   0x00000003   PAD
    0x0800e4c0   0x0800e4c0   0x00000008   Data   RO         6922    .constdata          c_w.l(_printf_wctomb.o)
    0x0800e4c8   0x0800e4c8   0x00000028   Data   RO         6951    .constdata          c_w.l(_printf_hex_int_ll_ptr.o)
    0x0800e4f0   0x0800e4f0   0x00000026   Data   RO         7041    .constdata          c_w.l(_printf_fp_hex.o)
    0x0800e516   0x0800e516   0x00000002   PAD
    0x0800e518   0x0800e518   0x00000094   Data   RO         7065    .constdata          c_w.l(bigflt0.o)
    0x0800e5ac   0x0800e5ac   0x00000020   Data   RO         7244    Region$$Table       anon$$obj.o
    0x0800e5cc   0x0800e5cc   0x0000001c   Data   RO         7089    locale$$data        c_w.l(lc_numeric_c.o)
    0x0800e5e8   0x0800e5e8   0x00000110   Data   RO         7117    locale$$data        c_w.l(lc_ctype_c.o)


    Execution Region RW_IRAM1 (Exec base: 0x20000000, Load base: 0x0800e6f8, Size: 0x000064d0, Max: 0x00020000, ABSOLUTE, COMPRESSED[0x00000344])

    Exec Addr    Load Addr    Size         Type   Attr      Idx    E Section Name        Object

    0x20000000   COMPRESSED   0x00000071   Data   RW            5    .data               globaldeclare_general.o
    0x20000071   COMPRESSED   0x00000003   PAD
    0x20000074   COMPRESSED   0x00000598   Data   RW           67    .data               globaldeclare_chassis.o
    0x2000060c   COMPRESSED   0x0000020f   Data   RW          154    .data               globaldeclare_gimbal.o
    0x2000081b   COMPRESSED   0x00000001   PAD
    0x2000081c   COMPRESSED   0x0000017a   Data   RW          288    .data               globaldeclare_shooter.o
    0x20000996   COMPRESSED   0x00000002   PAD
    0x20000998   COMPRESSED   0x000001e1   Data   RW          371    .data               algorithm.o
    0x20000b79   COMPRESSED   0x00000003   PAD
    0x20000b7c   COMPRESSED   0x00000004   Data   RW          921    .data               chassis_task.o
    0x20000b80   COMPRESSED   0x00000012   Data   RW          989    .data               chassis_stratgy.o
    0x20000b92   COMPRESSED   0x00000002   PAD
    0x20000b94   COMPRESSED   0x00000014   Data   RW         1189    .data               chassis_apifunction.o
    0x20000ba8   COMPRESSED   0x00000004   Data   RW         1394    .data               gimbal_task.o
    0x20000bac   COMPRESSED   0x00000001   Data   RW         1715    .data               gimbal_apifunction.o
    0x20000bad   COMPRESSED   0x00000003   PAD
    0x20000bb0   COMPRESSED   0x00000004   Data   RW         1758    .data               shooter_task.o
    0x20000bb4   COMPRESSED   0x00000002   Data   RW         2011    .data               debugtask.o
    0x20000bb6   COMPRESSED   0x00000002   PAD
    0x20000bb8   COMPRESSED   0x00000030   Data   RW         2105    .data               main.o
    0x20000be8   COMPRESSED   0x00000043   Data   RW         2272    .data               usart_communication.o
    0x20000c2b   COMPRESSED   0x00000001   PAD
    0x20000c2c   COMPRESSED   0x00000004   Data   RW         2418    .data               can_communication.o
    0x20000c30   COMPRESSED   0x00000040   Data   RW         3326    .data               tasks.o
    0x20000c70   COMPRESSED   0x00000014   Data   RW         3735    .data               timers.o
    0x20000c84   COMPRESSED   0x0000001c   Data   RW         3911    .data               heap_4.o
    0x20000ca0   COMPRESSED   0x0000000c   Data   RW         3977    .data               port.o
    0x20000cac   COMPRESSED   0x00000010   Data   RW         5323    .data               stm32f4xx_rcc.o
    0x20000cbc        -       0x00000212   Zero   RW            4    .bss                globaldeclare_general.o
    0x20000ece   COMPRESSED   0x00000002   PAD
    0x20000ed0        -       0x0000035c   Zero   RW           65    .bss                globaldeclare_chassis.o
    0x2000122c        -       0x000000dc   Zero   RW          152    .bss                globaldeclare_gimbal.o
    0x20001308        -       0x00000050   Zero   RW          286    .bss                globaldeclare_shooter.o
    0x20001358        -       0x000007c6   Zero   RW         2270    .bss                usart_communication.o
    0x20001b1e   COMPRESSED   0x00000002   PAD
    0x20001b20        -       0x00000040   Zero   RW         2887    .bss                queue.o
    0x20001b60        -       0x000002e4   Zero   RW         3325    .bss                tasks.o
    0x20001e44        -       0x00000028   Zero   RW         3734    .bss                timers.o
    0x20001e6c        -       0x00004000   Zero   RW         3910    .bss                heap_4.o
    0x20005e6c        -       0x00000060   Zero   RW         7111    .bss                c_w.l(libspace.o)
    0x20005ecc   COMPRESSED   0x00000004   PAD
    0x20005ed0        -       0x00000200   Zero   RW         4045    HEAP                startup_stm32f40_41xxx.o
    0x200060d0        -       0x00000400   Zero   RW         4044    STACK               startup_stm32f40_41xxx.o


==============================================================================

Image component sizes


      Code (inc. data)   RO Data    RW Data    ZI Data      Debug   Object Name

      6354        216          0        481          0      56499   algorithm.o
       248         28          0          0          0      18480   algorithm_simple.o
       720         88          0          4          0       4698   can_communication.o
       584         16          0          0          0       1850   can_config.o
      5830        674          0         20          0      31178   chassis_apifunction.o
      5340        670          0         18          0      25599   chassis_stratgy.o
        92         16          0          4          0       6143   chassis_task.o
       760        138          0          2          0       2202   debugtask.o
        30          0          0          0          0        747   delay_config.o
         0          0          0          0          0      15404   event_groups.o
       688         88          0          0          0      12613   general_auxiliaryfunc.o
       768        114          0          1          0       2933   gimbal_apifunction.o
      3128        398          0          0          0      31242   gimbal_stratgy.o
        80         16          0          4          0       7489   gimbal_task.o
       890        210         68       1432        860      36619   globaldeclare_chassis.o
         0          0          0        113        530      17480   globaldeclare_general.o
       244         52          8        527        220     301719   globaldeclare_gimbal.o
       136         38          8        378         80       6150   globaldeclare_shooter.o
       992         84          0         28      16384       6503   heap_4.o
      1124        174          0          0          0       8869   irqhandler_config.o
       124          0          0          0          0       3377   list.o
       396        154          0         48          0       8501   main.o
       140         24          0          0          0      19379   misc.o
       878         78          0         12          0      11576   port.o
      1088         16          0          0         64      13847   queue.o
        32          4          0          0          0        663   receivertask.o
       164         10          0          0          0       1365   rm_bsp.o
        36          4          0          0          0        663   senddatatask.o
        44         12          0          4          0       1022   shooter_task.o
        64         26        392          0       1536        992   startup_stm32f40_41xxx.o
      1646         22          0          0          0      17620   stm32f4xx_can.o
       572         40          0          0          0      20128   stm32f4xx_dma.o
       232          0          0          0          0      10177   stm32f4xx_gpio.o
        20          0          0          0          0       3709   stm32f4xx_it.o
       392         48          0         16          0      22605   stm32f4xx_rcc.o
       184         28          0          0          0      24292   stm32f4xx_tim.o
       694         42          0          0          0      13665   stm32f4xx_usart.o
       120         32          0          0          0       4803   stm32f4xx_wwdg.o
       340         32          0          0          0       1997   system_stm32f4xx.o
      3428        364          0         64        740      36512   tasks.o
       108         14          0          0          0       1951   tim_config.o
      1018        110          0         20         40      28716   timers.o
      2084        238        783         67       1990      18299   usart_communication.o
      2012        126          0          0          0       4868   usart_config.o
        66          0          2          0          0       1520   wwdg_config.o

    ----------------------------------------------------------------------
     43954       4444       1296       3260      22448     866664   Object Totals
         0          0         32          0          0          0   (incl. Generated)
        64          0          3         17          4          0   (incl. Padding)

    ----------------------------------------------------------------------

      Code (inc. data)   RO Data    RW Data    ZI Data      Debug   Library Member Name

         0          0       2052          0          0       4704   arm_common_tables.o
       120         12          0          0          0      17170   arm_cos_f32.o
       148         18          0          0          0        814   arm_sin_f32.o
        90          0          0          0          0          0   __dczerorl2.o
         8          0          0          0          0         68   __main.o
       392          4         17          0          0         92   __printf_flags_ss_wp.o
        14          0          0          0          0         68   __printf_wp.o
         0          0          0          0          0          0   __rtentry.o
        12          0          0          0          0          0   __rtentry2.o
         6          0          0          0          0          0   __rtentry4.o
        52          8          0          0          0          0   __scatter.o
        28          0          0          0          0          0   __scatter_zi.o
        48          4          0          0          0         84   _fptrap.o
         6          0          0          0          0          0   _printf_a.o
         6          0          0          0          0          0   _printf_c.o
        44          0          0          0          0        108   _printf_char.o
        48          6          0          0          0         96   _printf_char_common.o
        40          0          0          0          0         68   _printf_charcount.o
         6          0          0          0          0          0   _printf_d.o
       120         16          0          0          0         92   _printf_dec.o
         6          0          0          0          0          0   _printf_e.o
         6          0          0          0          0          0   _printf_f.o
      1054          0          0          0          0        216   _printf_fp_dec.o
       764          8         38          0          0        100   _printf_fp_hex.o
       128         16          0          0          0         84   _printf_fp_infnan.o
         6          0          0          0          0          0   _printf_g.o
       148          4         40          0          0        160   _printf_hex_int_ll_ptr.o
         6          0          0          0          0          0   _printf_i.o
       178          0          0          0          0         88   _printf_intcommon.o
        10          0          0          0          0          0   _printf_l.o
         6          0          0          0          0          0   _printf_lc.o
        10          0          0          0          0          0   _printf_ll.o
         6          0          0          0          0          0   _printf_lld.o
         6          0          0          0          0          0   _printf_lli.o
         6          0          0          0          0          0   _printf_llo.o
         6          0          0          0          0          0   _printf_llu.o
         6          0          0          0          0          0   _printf_llx.o
       124         16          0          0          0         92   _printf_longlong_dec.o
         6          0          0          0          0          0   _printf_ls.o
         6          0          0          0          0          0   _printf_n.o
         6          0          0          0          0          0   _printf_o.o
       112         10          0          0          0        124   _printf_oct_int_ll.o
         6          0          0          0          0          0   _printf_p.o
        78          0          0          0          0        108   _printf_pad.o
         0          0          0          0          0          0   _printf_percent.o
         4          0          0          0          0          0   _printf_percent_end.o
         6          0          0          0          0          0   _printf_s.o
        82          0          0          0          0         80   _printf_str.o
        36          0          0          0          0         84   _printf_truncate.o
         6          0          0          0          0          0   _printf_u.o
        44          0          0          0          0        108   _printf_wchar.o
       188          6          8          0          0         92   _printf_wctomb.o
         6          0          0          0          0          0   _printf_x.o
        10          0          0          0          0         68   _sputc.o
        64          0          0          0          0         92   _wcrtomb.o
        16          0          0          0          0         68   aeabi_memset.o
       228          4        148          0          0         96   bigflt0.o
      1936        128          0          0          0        672   btod.o
        10          0          0          0          0         68   defsig_exit.o
       172        110          0          0          0         76   defsig_fpe_inner.o
        14          0          0          0          0         80   defsig_fpe_outer.o
        50          0          0          0          0         88   defsig_general.o
        18          0          0          0          0         80   exit.o
         6          0          0          0          0        152   heapauxi.o
         0          0          0          0          0          0   indicate_semi.o
        44         10        272          0          0         76   lc_ctype_c.o
        44         10         28          0          0         76   lc_numeric_c.o
         2          0          0          0          0          0   libinit.o
        34          0          0          0          0          0   libinit2.o
         2          0          0          0          0          0   libshutdown.o
         2          0          0          0          0          0   libshutdown2.o
         8          4          0          0         96         68   libspace.o
       138          0          0          0          0         80   lludiv10.o
        16          4          0          0          0         76   rt_ctype_table.o
         8          4          0          0          0         68   rt_locale_intlibspace.o
        68          0          0          0          0         68   rt_memclr.o
        78          0          0          0          0         80   rt_memclr_w.o
       138          0          0          0          0         68   rt_memcpy_v6.o
       100          0          0          0          0         80   rt_memcpy_w.o
         2          0          0          0          0          0   rtexit.o
        10          0          0          0          0          0   rtexit2.o
       128          0          0          0          0         68   strcmpv7m.o
        12          4          0          0          0         68   sys_exit.o
        74          0          0          0          0         80   sys_stackheap_outer.o
        14          0          0          0          0         76   sys_wrch.o
         2          0          0          0          0         68   use_no_semi.o
        36          4          0          0          0         76   vsprintf.o
       708         16          0          0          0        140   d2f_clz.o
        26          0          0          0          0        116   dflt_clz.o
       258          4          0          0          0        156   dnaninf.o
       112          0          0          0          0        160   drenorm_clz.o
        12          0          0          0          0        116   dretinf.o
       378          0          0          0          0        168   dunder_clz.o
       492         36          0          0          0        148   except.o
       122          8          0          0          0        132   f2d.o
       242          4          0          0          0        144   fnaninf.o
        10          0          0          0          0        116   fpinit.o
        10          0          0          0          0        116   fretinf.o
       316          0          0          0          0        132   funder_clz.o
        32          4          0          0          0        116   istatus.o
         4          0          0          0          0        116   printf1.o
         4          0          0          0          0        116   printf2.o
       178          0          0          0          0        116   retnan.o
       126          0          0          0          0        148   trapv.o
         0          0          0          0          0          0   usenofp.o
       352         56          0          0          0        172   atanf.o
        20          0          0          0          0        124   fabs.o
        48          0          0          0          0        124   fpclassify.o
        38          0          0          0          0        116   fpclassifyf.o
        22          6          0          0          0        232   funder.o

    ----------------------------------------------------------------------
     11270        544       2608          0        100      30440   Library Totals
        26          0          5          0          4          0   (incl. Padding)

    ----------------------------------------------------------------------

      Code (inc. data)   RO Data    RW Data    ZI Data      Debug   Library Name

       268         30       2052          0          0      22688   arm_cortexM4lf_math.lib
      7466        380        551          0         96       4728   c_w.l
      3030         72          0          0          0       2256   g_wm.l
       480         62          0          0          0        768   m_wm.l

    ----------------------------------------------------------------------
     11270        544       2608          0        100      30440   Library Totals

    ----------------------------------------------------------------------

==============================================================================


      Code (inc. data)   RO Data    RW Data    ZI Data      Debug   

     55224       4988       3904       3260      22548     856852   Grand Totals
     55224       4988       3904        836      22548     856852   ELF Image Totals (compressed)
     55224       4988       3904        836          0          0   ROM Totals

==============================================================================

    Total RO  Size (Code + RO Data)                59128 (  57.74kB)
    Total RW  Size (RW Data + ZI Data)             25808 (  25.20kB)
    Total ROM Size (Code + RO Data + RW Data)      59964 (  58.56kB)

==============================================================================

